16:33:44 **** Clean-only build of configuration Debug for project zyboApp ****
make clean 
rm -rf  ./src/main.d  ./src/Screen/ScrBatIntSett.o ./src/Screen/ScrImpCurSett.o ./src/Screen/ScrImpGraph.o ./src/Screen/ScrImpIntSett.o ./src/Screen/ScrIncFrecSett.o ./src/Screen/ScrIncNumSett.o ./src/Screen/ScrSettings.o ./src/Screen/ScrStartFreqSett.o ./src/Screen/ScrSweepSettings.o ./src/Screen/ScrTempHumBat.o ./src/Screen/ScrTempHumSett.o  ./src/RF/mrf24j.o  ./src/OLED/ChrFont0.o ./src/OLED/FillPat.o ./src/OLED/OLED.o ./src/OLED/OledChar.o ./src/OLED/OledDriver.o ./src/OLED/OledGrph.o  ./src/main.o ./src/platform.o ./src/sd.o  ./src/platform.d  ./src/Screen/ScrBatIntSett.d ./src/Screen/ScrImpCurSett.d ./src/Screen/ScrImpGraph.d ./src/Screen/ScrImpIntSett.d ./src/Screen/ScrIncFrecSett.d ./src/Screen/ScrIncNumSett.d ./src/Screen/ScrSettings.d ./src/Screen/ScrStartFreqSett.d ./src/Screen/ScrSweepSettings.d ./src/Screen/ScrTempHumBat.d ./src/Screen/ScrTempHumSett.d  ./src/RF/mrf24j.d  ./src/OLED/ChrFont0.d ./src/OLED/FillPat.d ./src/OLED/OLED.d ./src/OLED/OledChar.d ./src/OLED/OledDriver.d ./src/OLED/OledGrph.d  ./src/sd.d  zyboApp.elf.size  zyboApp.elf
' '
16:33:44 **** Clean-only build of project standalone_bsp_0 ****
make -k clean 
rm -f ps7_cortexa9_0/lib/libxil.a
16:33:45 **** Build of project standalone_bsp_0 ****
make -k all 
"Running Make include in ps7_cortexa9_0/libsrc/coresightps_dcc_v1_2/src"
make -C ps7_cortexa9_0/libsrc/coresightps_dcc_v1_2/src -s include  "SHELL=CMD" "COMPILER=arm-xilinx-eabi-gcc" "ARCHIVER=arm-xilinx-eabi-ar" "COMPILER_FLAGS=  -O2 -c" "EXTRA_COMPILER_FLAGS=-g"
"Running Make include in ps7_cortexa9_0/libsrc/cpu_cortexa9_v2_1/src"
make -C ps7_cortexa9_0/libsrc/cpu_cortexa9_v2_1/src -s include  "SHELL=CMD" "COMPILER=arm-xilinx-eabi-gcc" "ARCHIVER=arm-xilinx-eabi-ar" "COMPILER_FLAGS=  -O2 -c" "EXTRA_COMPILER_FLAGS=-g"
"Running Make include in ps7_cortexa9_0/libsrc/ddrps_v1_0/src"
make -C ps7_cortexa9_0/libsrc/ddrps_v1_0/src -s include  "SHELL=CMD" "COMPILER=arm-xilinx-eabi-gcc" "ARCHIVER=arm-xilinx-eabi-ar" "COMPILER_FLAGS=  -O2 -c" "EXTRA_COMPILER_FLAGS=-g"
"Running Make include in ps7_cortexa9_0/libsrc/devcfg_v3_3/src"
make -C ps7_cortexa9_0/libsrc/devcfg_v3_3/src -s include  "SHELL=CMD" "COMPILER=arm-xilinx-eabi-gcc" "ARCHIVER=arm-xilinx-eabi-ar" "COMPILER_FLAGS=  -O2 -c" "EXTRA_COMPILER_FLAGS=-g"
"Running Make include in ps7_cortexa9_0/libsrc/dmaps_v2_1/src"
make -C ps7_cortexa9_0/libsrc/dmaps_v2_1/src -s include  "SHELL=CMD" "COMPILER=arm-xilinx-eabi-gcc" "ARCHIVER=arm-xilinx-eabi-ar" "COMPILER_FLAGS=  -O2 -c" "EXTRA_COMPILER_FLAGS=-g"
"Running Make include in ps7_cortexa9_0/libsrc/emacps_v3_1/src"
make -C ps7_cortexa9_0/libsrc/emacps_v3_1/src -s include  "SHELL=CMD" "COMPILER=arm-xilinx-eabi-gcc" "ARCHIVER=arm-xilinx-eabi-ar" "COMPILER_FLAGS=  -O2 -c" "EXTRA_COMPILER_FLAGS=-g"
"Running Make include in ps7_cortexa9_0/libsrc/gpio_v4_0/src"
make -C ps7_cortexa9_0/libsrc/gpio_v4_0/src -s include  "SHELL=CMD" "COMPILER=arm-xilinx-eabi-gcc" "ARCHIVER=arm-xilinx-eabi-ar" "COMPILER_FLAGS=  -O2 -c" "EXTRA_COMPILER_FLAGS=-g"
"Running Make include in ps7_cortexa9_0/libsrc/gpiops_v3_1/src"
make -C ps7_cortexa9_0/libsrc/gpiops_v3_1/src -s include  "SHELL=CMD" "COMPILER=arm-xilinx-eabi-gcc" "ARCHIVER=arm-xilinx-eabi-ar" "COMPILER_FLAGS=  -O2 -c" "EXTRA_COMPILER_FLAGS=-g"
"Running Make include in ps7_cortexa9_0/libsrc/qspips_v3_2/src"
make -C ps7_cortexa9_0/libsrc/qspips_v3_2/src -s include  "SHELL=CMD" "COMPILER=arm-xilinx-eabi-gcc" "ARCHIVER=arm-xilinx-eabi-ar" "COMPILER_FLAGS=  -O2 -c" "EXTRA_COMPILER_FLAGS=-g"
"Running Make include in ps7_cortexa9_0/libsrc/scugic_v3_1/src"
make -C ps7_cortexa9_0/libsrc/scugic_v3_1/src -s include  "SHELL=CMD" "COMPILER=arm-xilinx-eabi-gcc" "ARCHIVER=arm-xilinx-eabi-ar" "COMPILER_FLAGS=  -O2 -c" "EXTRA_COMPILER_FLAGS=-g"
"Running Make include in ps7_cortexa9_0/libsrc/scutimer_v2_1/src"
make -C ps7_cortexa9_0/libsrc/scutimer_v2_1/src -s include  "SHELL=CMD" "COMPILER=arm-xilinx-eabi-gcc" "ARCHIVER=arm-xilinx-eabi-ar" "COMPILER_FLAGS=  -O2 -c" "EXTRA_COMPILER_FLAGS=-g"
"Running Make include in ps7_cortexa9_0/libsrc/scuwdt_v2_1/src"
make -C ps7_cortexa9_0/libsrc/scuwdt_v2_1/src -s include  "SHELL=CMD" "COMPILER=arm-xilinx-eabi-gcc" "ARCHIVER=arm-xilinx-eabi-ar" "COMPILER_FLAGS=  -O2 -c" "EXTRA_COMPILER_FLAGS=-g"
"Running Make include in ps7_cortexa9_0/libsrc/sdps_v2_6/src"
make -C ps7_cortexa9_0/libsrc/sdps_v2_6/src -s include  "SHELL=CMD" "COMPILER=arm-xilinx-eabi-gcc" "ARCHIVER=arm-xilinx-eabi-ar" "COMPILER_FLAGS=  -O2 -c" "EXTRA_COMPILER_FLAGS=-g"
"Running Make include in ps7_cortexa9_0/libsrc/spi_v4_1/src"
make -C ps7_cortexa9_0/libsrc/spi_v4_1/src -s include  "SHELL=CMD" "COMPILER=arm-xilinx-eabi-gcc" "ARCHIVER=arm-xilinx-eabi-ar" "COMPILER_FLAGS=  -O2 -c" "EXTRA_COMPILER_FLAGS=-g"
"Running Make include in ps7_cortexa9_0/libsrc/standalone_v5_3/src"
make -C ps7_cortexa9_0/libsrc/standalone_v5_3/src -s include  "SHELL=CMD" "COMPILER=arm-xilinx-eabi-gcc" "ARCHIVER=arm-xilinx-eabi-ar" "COMPILER_FLAGS=  -O2 -c" "EXTRA_COMPILER_FLAGS=-g"
"Running Make include in ps7_cortexa9_0/libsrc/ttcps_v3_0/src"
make -C ps7_cortexa9_0/libsrc/ttcps_v3_0/src -s include  "SHELL=CMD" "COMPILER=arm-xilinx-eabi-gcc" "ARCHIVER=arm-xilinx-eabi-ar" "COMPILER_FLAGS=  -O2 -c" "EXTRA_COMPILER_FLAGS=-g"
"Running Make include in ps7_cortexa9_0/libsrc/uartps_v3_1/src"
make -C ps7_cortexa9_0/libsrc/uartps_v3_1/src -s include  "SHELL=CMD" "COMPILER=arm-xilinx-eabi-gcc" "ARCHIVER=arm-xilinx-eabi-ar" "COMPILER_FLAGS=  -O2 -c" "EXTRA_COMPILER_FLAGS=-g"
"Running Make include in ps7_cortexa9_0/libsrc/usbps_v2_2/src"
make -C ps7_cortexa9_0/libsrc/usbps_v2_2/src -s include  "SHELL=CMD" "COMPILER=arm-xilinx-eabi-gcc" "ARCHIVER=arm-xilinx-eabi-ar" "COMPILER_FLAGS=  -O2 -c" "EXTRA_COMPILER_FLAGS=-g"
"Running Make include in ps7_cortexa9_0/libsrc/xadcps_v2_2/src"
make -C ps7_cortexa9_0/libsrc/xadcps_v2_2/src -s include  "SHELL=CMD" "COMPILER=arm-xilinx-eabi-gcc" "ARCHIVER=arm-xilinx-eabi-ar" "COMPILER_FLAGS=  -O2 -c" "EXTRA_COMPILER_FLAGS=-g"
"Running Make include in ps7_cortexa9_0/libsrc/xilffs_v3_1/src"
make -C ps7_cortexa9_0/libsrc/xilffs_v3_1/src -s include  "SHELL=CMD" "COMPILER=arm-xilinx-eabi-gcc" "ARCHIVER=arm-xilinx-eabi-ar" "COMPILER_FLAGS=  -O2 -c" "EXTRA_COMPILER_FLAGS=-g"
"Running Make libs in ps7_cortexa9_0/libsrc/coresightps_dcc_v1_2/src"
make -C ps7_cortexa9_0/libsrc/coresightps_dcc_v1_2/src -s libs  "SHELL=CMD" "COMPILER=arm-xilinx-eabi-gcc" "ARCHIVER=arm-xilinx-eabi-ar" "COMPILER_FLAGS=  -O2 -c" "EXTRA_COMPILER_FLAGS=-g"
"Compiling coresightps_dcc"
arm-xilinx-eabi-ar: creating ../../../lib/libxil.a
"Running Make libs in ps7_cortexa9_0/libsrc/cpu_cortexa9_v2_1/src"
make -C ps7_cortexa9_0/libsrc/cpu_cortexa9_v2_1/src -s libs  "SHELL=CMD" "COMPILER=arm-xilinx-eabi-gcc" "ARCHIVER=arm-xilinx-eabi-ar" "COMPILER_FLAGS=  -O2 -c" "EXTRA_COMPILER_FLAGS=-g"
"Compiling cpu_cortexa9"
"Running Make libs in ps7_cortexa9_0/libsrc/ddrps_v1_0/src"
make -C ps7_cortexa9_0/libsrc/ddrps_v1_0/src -s libs  "SHELL=CMD" "COMPILER=arm-xilinx-eabi-gcc" "ARCHIVER=arm-xilinx-eabi-ar" "COMPILER_FLAGS=  -O2 -c" "EXTRA_COMPILER_FLAGS=-g"
"Compiling ddrps"
"Running Make libs in ps7_cortexa9_0/libsrc/devcfg_v3_3/src"
make -C ps7_cortexa9_0/libsrc/devcfg_v3_3/src -s libs  "SHELL=CMD" "COMPILER=arm-xilinx-eabi-gcc" "ARCHIVER=arm-xilinx-eabi-ar" "COMPILER_FLAGS=  -O2 -c" "EXTRA_COMPILER_FLAGS=-g"
"Compiling devcfg"
"Running Make libs in ps7_cortexa9_0/libsrc/dmaps_v2_1/src"
make -C ps7_cortexa9_0/libsrc/dmaps_v2_1/src -s libs  "SHELL=CMD" "COMPILER=arm-xilinx-eabi-gcc" "ARCHIVER=arm-xilinx-eabi-ar" "COMPILER_FLAGS=  -O2 -c" "EXTRA_COMPILER_FLAGS=-g"
"Compiling dmaps"
"Running Make libs in ps7_cortexa9_0/libsrc/emacps_v3_1/src"
make -C ps7_cortexa9_0/libsrc/emacps_v3_1/src -s libs  "SHELL=CMD" "COMPILER=arm-xilinx-eabi-gcc" "ARCHIVER=arm-xilinx-eabi-ar" "COMPILER_FLAGS=  -O2 -c" "EXTRA_COMPILER_FLAGS=-g"
"Compiling emacps"
"Running Make libs in ps7_cortexa9_0/libsrc/gpio_v4_0/src"
make -C ps7_cortexa9_0/libsrc/gpio_v4_0/src -s libs  "SHELL=CMD" "COMPILER=arm-xilinx-eabi-gcc" "ARCHIVER=arm-xilinx-eabi-ar" "COMPILER_FLAGS=  -O2 -c" "EXTRA_COMPILER_FLAGS=-g"
"Compiling gpio"
"Running Make libs in ps7_cortexa9_0/libsrc/gpiops_v3_1/src"
make -C ps7_cortexa9_0/libsrc/gpiops_v3_1/src -s libs  "SHELL=CMD" "COMPILER=arm-xilinx-eabi-gcc" "ARCHIVER=arm-xilinx-eabi-ar" "COMPILER_FLAGS=  -O2 -c" "EXTRA_COMPILER_FLAGS=-g"
"Compiling gpiops"
"Running Make libs in ps7_cortexa9_0/libsrc/qspips_v3_2/src"
make -C ps7_cortexa9_0/libsrc/qspips_v3_2/src -s libs  "SHELL=CMD" "COMPILER=arm-xilinx-eabi-gcc" "ARCHIVER=arm-xilinx-eabi-ar" "COMPILER_FLAGS=  -O2 -c" "EXTRA_COMPILER_FLAGS=-g"
"Compiling qspips"
"Running Make libs in ps7_cortexa9_0/libsrc/scugic_v3_1/src"
make -C ps7_cortexa9_0/libsrc/scugic_v3_1/src -s libs  "SHELL=CMD" "COMPILER=arm-xilinx-eabi-gcc" "ARCHIVER=arm-xilinx-eabi-ar" "COMPILER_FLAGS=  -O2 -c" "EXTRA_COMPILER_FLAGS=-g"
"Compiling scugic"
"Running Make libs in ps7_cortexa9_0/libsrc/scutimer_v2_1/src"
make -C ps7_cortexa9_0/libsrc/scutimer_v2_1/src -s libs  "SHELL=CMD" "COMPILER=arm-xilinx-eabi-gcc" "ARCHIVER=arm-xilinx-eabi-ar" "COMPILER_FLAGS=  -O2 -c" "EXTRA_COMPILER_FLAGS=-g"
"Compiling scutimer"
"Running Make libs in ps7_cortexa9_0/libsrc/scuwdt_v2_1/src"
make -C ps7_cortexa9_0/libsrc/scuwdt_v2_1/src -s libs  "SHELL=CMD" "COMPILER=arm-xilinx-eabi-gcc" "ARCHIVER=arm-xilinx-eabi-ar" "COMPILER_FLAGS=  -O2 -c" "EXTRA_COMPILER_FLAGS=-g"
"Compiling scuwdt"
"Running Make libs in ps7_cortexa9_0/libsrc/sdps_v2_6/src"
make -C ps7_cortexa9_0/libsrc/sdps_v2_6/src -s libs  "SHELL=CMD" "COMPILER=arm-xilinx-eabi-gcc" "ARCHIVER=arm-xilinx-eabi-ar" "COMPILER_FLAGS=  -O2 -c" "EXTRA_COMPILER_FLAGS=-g"
"Compiling sdps"
"Running Make libs in ps7_cortexa9_0/libsrc/spi_v4_1/src"
make -C ps7_cortexa9_0/libsrc/spi_v4_1/src -s libs  "SHELL=CMD" "COMPILER=arm-xilinx-eabi-gcc" "ARCHIVER=arm-xilinx-eabi-ar" "COMPILER_FLAGS=  -O2 -c" "EXTRA_COMPILER_FLAGS=-g"
"Compiling spi"
"Running Make libs in ps7_cortexa9_0/libsrc/standalone_v5_3/src"
make -C ps7_cortexa9_0/libsrc/standalone_v5_3/src -s libs  "SHELL=CMD" "COMPILER=arm-xilinx-eabi-gcc" "ARCHIVER=arm-xilinx-eabi-ar" "COMPILER_FLAGS=  -O2 -c" "EXTRA_COMPILER_FLAGS=-g"
"Compiling standalone"
"Running Make libs in ps7_cortexa9_0/libsrc/ttcps_v3_0/src"
make -C ps7_cortexa9_0/libsrc/ttcps_v3_0/src -s libs  "SHELL=CMD" "COMPILER=arm-xilinx-eabi-gcc" "ARCHIVER=arm-xilinx-eabi-ar" "COMPILER_FLAGS=  -O2 -c" "EXTRA_COMPILER_FLAGS=-g"
"Compiling ttcps"
"Running Make libs in ps7_cortexa9_0/libsrc/uartps_v3_1/src"
make -C ps7_cortexa9_0/libsrc/uartps_v3_1/src -s libs  "SHELL=CMD" "COMPILER=arm-xilinx-eabi-gcc" "ARCHIVER=arm-xilinx-eabi-ar" "COMPILER_FLAGS=  -O2 -c" "EXTRA_COMPILER_FLAGS=-g"
"Compiling uartps"
"Running Make libs in ps7_cortexa9_0/libsrc/usbps_v2_2/src"
make -C ps7_cortexa9_0/libsrc/usbps_v2_2/src -s libs  "SHELL=CMD" "COMPILER=arm-xilinx-eabi-gcc" "ARCHIVER=arm-xilinx-eabi-ar" "COMPILER_FLAGS=  -O2 -c" "EXTRA_COMPILER_FLAGS=-g"
"Compiling usbps"
"Running Make libs in ps7_cortexa9_0/libsrc/xadcps_v2_2/src"
make -C ps7_cortexa9_0/libsrc/xadcps_v2_2/src -s libs  "SHELL=CMD" "COMPILER=arm-xilinx-eabi-gcc" "ARCHIVER=arm-xilinx-eabi-ar" "COMPILER_FLAGS=  -O2 -c" "EXTRA_COMPILER_FLAGS=-g"
"Compiling xadcps"
"Running Make libs in ps7_cortexa9_0/libsrc/xilffs_v3_1/src"
make -C ps7_cortexa9_0/libsrc/xilffs_v3_1/src -s libs  "SHELL=CMD" "COMPILER=arm-xilinx-eabi-gcc" "ARCHIVER=arm-xilinx-eabi-ar" "COMPILER_FLAGS=  -O2 -c" "EXTRA_COMPILER_FLAGS=-g"
"Compiling XilFFs Library"
'Finished building libraries'
16:34:14 **** Build of configuration Debug for project zyboApp ****
make all 
'Building file: ../src/Screen/ScrBatIntSett.cpp'
'Invoking: ARM g++ compiler'
arm-xilinx-eabi-g++ -Wall -O0 -g3 -I../../standalone_bsp_0/ps7_cortexa9_0/include -I../inc -I../SD -c -fmessage-length=0 -MT"src/Screen/ScrBatIntSett.o" -MMD -MP -MF"src/Screen/ScrBatIntSett.d" -MT"src/Screen/ScrBatIntSett.d" -o "src/Screen/ScrBatIntSett.o" "../src/Screen/ScrBatIntSett.cpp"
'Finished building: ../src/Screen/ScrBatIntSett.cpp'
' '
'Building file: ../src/Screen/ScrImpCurSett.cpp'
'Invoking: ARM g++ compiler'
arm-xilinx-eabi-g++ -Wall -O0 -g3 -I../../standalone_bsp_0/ps7_cortexa9_0/include -I../inc -I../SD -c -fmessage-length=0 -MT"src/Screen/ScrImpCurSett.o" -MMD -MP -MF"src/Screen/ScrImpCurSett.d" -MT"src/Screen/ScrImpCurSett.d" -o "src/Screen/ScrImpCurSett.o" "../src/Screen/ScrImpCurSett.cpp"
../src/Screen/ScrImpCurSett.cpp: In member function 'virtual void ScrImpCurSett::printData()':
../src/Screen/ScrImpCurSett.cpp:42:27: warning: deprecated conversion from string constant to 'char*' [-Wwrite-strings]
  OLED.putString("Curr seT");
                           ^
'Finished building: ../src/Screen/ScrImpCurSett.cpp'
' '
'Building file: ../src/Screen/ScrImpGraph.cpp'
'Invoking: ARM g++ compiler'
arm-xilinx-eabi-g++ -Wall -O0 -g3 -I../../standalone_bsp_0/ps7_cortexa9_0/include -I../inc -I../SD -c -fmessage-length=0 -MT"src/Screen/ScrImpGraph.o" -MMD -MP -MF"src/Screen/ScrImpGraph.d" -MT"src/Screen/ScrImpGraph.d" -o "src/Screen/ScrImpGraph.o" "../src/Screen/ScrImpGraph.cpp"
../src/Screen/ScrImpGraph.cpp:15:18: warning: extra tokens at end of #include directive
 #include <vector>;
                  ^
../src/Screen/ScrImpGraph.cpp: In member function 'virtual void ScrImpGraph::printData()':
../src/Screen/ScrImpGraph.cpp:69:36: warning: deprecated conversion from string constant to 'char*' [-Wwrite-strings]
    OLED.putString("Error impedance");
                                    ^
../src/Screen/ScrImpGraph.cpp:71:37: warning: deprecated conversion from string constant to 'char*' [-Wwrite-strings]
    OLED.putString("Check the sensor");
                                     ^
../src/Screen/ScrImpGraph.cpp:77:21: warning: comparison between signed and unsigned integer expressions [-Wsign-compare]
    for(int i = 0; i < firstImpedanceValues.size()-1; i++)
                     ^
../src/Screen/ScrImpGraph.cpp:91:32: warning: deprecated conversion from string constant to 'char*' [-Wwrite-strings]
   OLED.putString("No impedance");
                                ^
'Finished building: ../src/Screen/ScrImpGraph.cpp'
' '
'Building file: ../src/Screen/ScrImpIntSett.cpp'
'Invoking: ARM g++ compiler'
arm-xilinx-eabi-g++ -Wall -O0 -g3 -I../../standalone_bsp_0/ps7_cortexa9_0/include -I../inc -I../SD -c -fmessage-length=0 -MT"src/Screen/ScrImpIntSett.o" -MMD -MP -MF"src/Screen/ScrImpIntSett.d" -MT"src/Screen/ScrImpIntSett.d" -o "src/Screen/ScrImpIntSett.o" "../src/Screen/ScrImpIntSett.cpp"
'Finished building: ../src/Screen/ScrImpIntSett.cpp'
' '
'Building file: ../src/Screen/ScrIncFrecSett.cpp'
'Invoking: ARM g++ compiler'
arm-xilinx-eabi-g++ -Wall -O0 -g3 -I../../standalone_bsp_0/ps7_cortexa9_0/include -I../inc -I../SD -c -fmessage-length=0 -MT"src/Screen/ScrIncFrecSett.o" -MMD -MP -MF"src/Screen/ScrIncFrecSett.d" -MT"src/Screen/ScrIncFrecSett.d" -o "src/Screen/ScrIncFrecSett.o" "../src/Screen/ScrIncFrecSett.cpp"
'Finished building: ../src/Screen/ScrIncFrecSett.cpp'
' '
'Building file: ../src/Screen/ScrIncNumSett.cpp'
'Invoking: ARM g++ compiler'
arm-xilinx-eabi-g++ -Wall -O0 -g3 -I../../standalone_bsp_0/ps7_cortexa9_0/include -I../inc -I../SD -c -fmessage-length=0 -MT"src/Screen/ScrIncNumSett.o" -MMD -MP -MF"src/Screen/ScrIncNumSett.d" -MT"src/Screen/ScrIncNumSett.d" -o "src/Screen/ScrIncNumSett.o" "../src/Screen/ScrIncNumSett.cpp"
'Finished building: ../src/Screen/ScrIncNumSett.cpp'
' '
'Building file: ../src/Screen/ScrSettings.cpp'
'Invoking: ARM g++ compiler'
arm-xilinx-eabi-g++ -Wall -O0 -g3 -I../../standalone_bsp_0/ps7_cortexa9_0/include -I../inc -I../SD -c -fmessage-length=0 -MT"src/Screen/ScrSettings.o" -MMD -MP -MF"src/Screen/ScrSettings.d" -MT"src/Screen/ScrSettings.d" -o "src/Screen/ScrSettings.o" "../src/Screen/ScrSettings.cpp"
../src/Screen/ScrSettings.cpp: In member function 'virtual void ScrSettings::printData()':
../src/Screen/ScrSettings.cpp:43:35: warning: deprecated conversion from string constant to 'char*' [-Wwrite-strings]
   OLED.putString("settings screen");
                                   ^
'Finished building: ../src/Screen/ScrSettings.cpp'
' '
'Building file: ../src/Screen/ScrStartFreqSett.cpp'
'Invoking: ARM g++ compiler'
arm-xilinx-eabi-g++ -Wall -O0 -g3 -I../../standalone_bsp_0/ps7_cortexa9_0/include -I../inc -I../SD -c -fmessage-length=0 -MT"src/Screen/ScrStartFreqSett.o" -MMD -MP -MF"src/Screen/ScrStartFreqSett.d" -MT"src/Screen/ScrStartFreqSett.d" -o "src/Screen/ScrStartFreqSett.o" "../src/Screen/ScrStartFreqSett.cpp"
'Finished building: ../src/Screen/ScrStartFreqSett.cpp'
' '
'Building file: ../src/Screen/ScrSweepSettings.cpp'
'Invoking: ARM g++ compiler'
arm-xilinx-eabi-g++ -Wall -O0 -g3 -I../../standalone_bsp_0/ps7_cortexa9_0/include -I../inc -I../SD -c -fmessage-length=0 -MT"src/Screen/ScrSweepSettings.o" -MMD -MP -MF"src/Screen/ScrSweepSettings.d" -MT"src/Screen/ScrSweepSettings.d" -o "src/Screen/ScrSweepSettings.o" "../src/Screen/ScrSweepSettings.cpp"
'Finished building: ../src/Screen/ScrSweepSettings.cpp'
' '
'Building file: ../src/Screen/ScrTempHumBat.cpp'
'Invoking: ARM g++ compiler'
arm-xilinx-eabi-g++ -Wall -O0 -g3 -I../../standalone_bsp_0/ps7_cortexa9_0/include -I../inc -I../SD -c -fmessage-length=0 -MT"src/Screen/ScrTempHumBat.o" -MMD -MP -MF"src/Screen/ScrTempHumBat.d" -MT"src/Screen/ScrTempHumBat.d" -o "src/Screen/ScrTempHumBat.o" "../src/Screen/ScrTempHumBat.cpp"
../src/Screen/ScrTempHumBat.cpp: In member function 'virtual void ScrTempHumBat::printData()':
../src/Screen/ScrTempHumBat.cpp:42:31: warning: deprecated conversion from string constant to 'char*' [-Wwrite-strings]
   OLED.putString("temp screen");
                               ^
'Finished building: ../src/Screen/ScrTempHumBat.cpp'
' '
'Building file: ../src/Screen/ScrTempHumSett.cpp'
'Invoking: ARM g++ compiler'
arm-xilinx-eabi-g++ -Wall -O0 -g3 -I../../standalone_bsp_0/ps7_cortexa9_0/include -I../inc -I../SD -c -fmessage-length=0 -MT"src/Screen/ScrTempHumSett.o" -MMD -MP -MF"src/Screen/ScrTempHumSett.d" -MT"src/Screen/ScrTempHumSett.d" -o "src/Screen/ScrTempHumSett.o" "../src/Screen/ScrTempHumSett.cpp"
'Finished building: ../src/Screen/ScrTempHumSett.cpp'
' '
'Building file: ../src/RF/mrf24j.cpp'
'Invoking: ARM g++ compiler'
arm-xilinx-eabi-g++ -Wall -O0 -g3 -I../../standalone_bsp_0/ps7_cortexa9_0/include -I../inc -I../SD -c -fmessage-length=0 -MT"src/RF/mrf24j.o" -MMD -MP -MF"src/RF/mrf24j.d" -MT"src/RF/mrf24j.d" -o "src/RF/mrf24j.o" "../src/RF/mrf24j.cpp"
../src/RF/mrf24j.cpp: In member function 'bool Mrf24j::checkIntFlag()':
../src/RF/mrf24j.cpp:78:6: warning: unused variable 'gpioReg' [-Wunused-variable]
  int gpioReg = XGpio_DiscreteRead(&gpioInstance, 1);
      ^
../src/RF/mrf24j.cpp: In member function 'void Mrf24j::write_short(uint8_t, uint8_t)':
../src/RF/mrf24j.cpp:225:9: warning: unused variable 'status' [-Wunused-variable]
     int status = XSpi_Transfer( &MSpiInstance, &data, &rgbRx, sizeof(uint8_t) );
         ^
../src/RF/mrf24j.cpp: In member function 'void Mrf24j::init()':
../src/RF/mrf24j.cpp:337:13: warning: unused variable 'regi' [-Wunused-variable]
     uint8_t regi = read_long(MRF_SLPCON0);
             ^
'Finished building: ../src/RF/mrf24j.cpp'
' '
'Building file: ../src/OLED/ChrFont0.cpp'
'Invoking: ARM g++ compiler'
arm-xilinx-eabi-g++ -Wall -O0 -g3 -I../../standalone_bsp_0/ps7_cortexa9_0/include -I../inc -I../SD -c -fmessage-length=0 -MT"src/OLED/ChrFont0.o" -MMD -MP -MF"src/OLED/ChrFont0.d" -MT"src/OLED/ChrFont0.d" -o "src/OLED/ChrFont0.o" "../src/OLED/ChrFont0.cpp"
'Finished building: ../src/OLED/ChrFont0.cpp'
' '
'Building file: ../src/OLED/FillPat.cpp'
'Invoking: ARM g++ compiler'
arm-xilinx-eabi-g++ -Wall -O0 -g3 -I../../standalone_bsp_0/ps7_cortexa9_0/include -I../inc -I../SD -c -fmessage-length=0 -MT"src/OLED/FillPat.o" -MMD -MP -MF"src/OLED/FillPat.d" -MT"src/OLED/FillPat.d" -o "src/OLED/FillPat.o" "../src/OLED/FillPat.cpp"
'Finished building: ../src/OLED/FillPat.cpp'
' '
'Building file: ../src/OLED/OLED.cpp'
'Invoking: ARM g++ compiler'
arm-xilinx-eabi-g++ -Wall -O0 -g3 -I../../standalone_bsp_0/ps7_cortexa9_0/include -I../inc -I../SD -c -fmessage-length=0 -MT"src/OLED/OLED.o" -MMD -MP -MF"src/OLED/OLED.d" -MT"src/OLED/OLED.d" -o "src/OLED/OLED.o" "../src/OLED/OLED.cpp"
'Finished building: ../src/OLED/OLED.cpp'
' '
'Building file: ../src/OLED/OledChar.cpp'
'Invoking: ARM g++ compiler'
arm-xilinx-eabi-g++ -Wall -O0 -g3 -I../../standalone_bsp_0/ps7_cortexa9_0/include -I../inc -I../SD -c -fmessage-length=0 -MT"src/OLED/OledChar.o" -MMD -MP -MF"src/OLED/OledChar.d" -MT"src/OLED/OledChar.d" -o "src/OLED/OledChar.o" "../src/OLED/OledChar.cpp"
'Finished building: ../src/OLED/OledChar.cpp'
' '
'Building file: ../src/OLED/OledDriver.cpp'
'Invoking: ARM g++ compiler'
arm-xilinx-eabi-g++ -Wall -O0 -g3 -I../../standalone_bsp_0/ps7_cortexa9_0/include -I../inc -I../SD -c -fmessage-length=0 -MT"src/OLED/OledDriver.o" -MMD -MP -MF"src/OLED/OledDriver.d" -MT"src/OLED/OledDriver.d" -o "src/OLED/OledDriver.o" "../src/OLED/OledDriver.cpp"
../src/OLED/OledDriver.cpp:37:1: warning: "/*" within comment [-Wcomment]
 /* 22/02/2016(EusebiuB): adapted library to work on Zybo    */
 ^
../src/OLED/OledDriver.cpp: In function 'void OledHostInit()':
../src/OLED/OledDriver.cpp:282:6: warning: variable 'slaveReg' set but not used [-Wunused-but-set-variable]
  u32 slaveReg = XSpi_GetSlaveSelectReg(&SpiInstance);
      ^
'Finished building: ../src/OLED/OledDriver.cpp'
' '
'Building file: ../src/OLED/OledGrph.cpp'
'Invoking: ARM g++ compiler'
arm-xilinx-eabi-g++ -Wall -O0 -g3 -I../../standalone_bsp_0/ps7_cortexa9_0/include -I../inc -I../SD -c -fmessage-length=0 -MT"src/OLED/OledGrph.o" -MMD -MP -MF"src/OLED/OledGrph.d" -MT"src/OLED/OledGrph.d" -o "src/OLED/OledGrph.o" "../src/OLED/OledGrph.cpp"
../src/OLED/OledGrph.cpp: In function 'void OledFillRect(int, int)':
../src/OLED/OledGrph.cpp:534:10: warning: unused variable 'bTmp' [-Wunused-variable]
  uint8_t bTmp;
          ^
../src/OLED/OledGrph.cpp: In function 'void OledGetBmp(int, int, uint8_t*)':
../src/OLED/OledGrph.cpp:643:10: warning: variable 'bTmp' set but not used [-Wunused-but-set-variable]
  uint8_t bTmp;
          ^
../src/OLED/OledGrph.cpp: In function 'void OledPutBmp(int, int, uint8_t*)':
../src/OLED/OledGrph.cpp:740:10: warning: unused variable 'bDsp' [-Wunused-variable]
  uint8_t bDsp;
          ^
../src/OLED/OledGrph.cpp:747:10: warning: unused variable 'bTmp' [-Wunused-variable]
  uint8_t bTmp;
          ^
../src/OLED/OledGrph.cpp: In function 'void OledDrawChar(char)':
../src/OLED/OledGrph.cpp:847:12: warning: variable 'pbBmp' set but not used [-Wunused-but-set-variable]
  uint8_t * pbBmp;
            ^
../src/OLED/OledGrph.cpp:848:7: warning: unused variable 'ib' [-Wunused-variable]
  int  ib;
       ^
'Finished building: ../src/OLED/OledGrph.cpp'
' '
'Building file: ../src/main.cc'
'Invoking: ARM g++ compiler'
arm-xilinx-eabi-g++ -Wall -O0 -g3 -I../../standalone_bsp_0/ps7_cortexa9_0/include -I../inc -I../SD -c -fmessage-length=0 -MT"src/main.o" -MMD -MP -MF"src/main.d" -MT"src/main.d" -o "src/main.o" "../src/main.cc"
'Finished building: ../src/main.cc'
' '
'Building file: ../src/platform.c'
'Invoking: ARM g++ compiler'
arm-xilinx-eabi-g++ -Wall -O0 -g3 -I../../standalone_bsp_0/ps7_cortexa9_0/include -I../inc -I../SD -c -fmessage-length=0 -MT"src/platform.o" -MMD -MP -MF"src/platform.d" -MT"src/platform.d" -o "src/platform.o" "../src/platform.c"
'Finished building: ../src/platform.c'
' '
'Building file: ../src/sd.cpp'
'Invoking: ARM g++ compiler'
arm-xilinx-eabi-g++ -Wall -O0 -g3 -I../../standalone_bsp_0/ps7_cortexa9_0/include -I../inc -I../SD -c -fmessage-length=0 -MT"src/sd.o" -MMD -MP -MF"src/sd.d" -MT"src/sd.d" -o "src/sd.o" "../src/sd.cpp"
'Finished building: ../src/sd.cpp'
' '
'Building target: zyboApp.elf'
'Invoking: ARM g++ linker'
arm-xilinx-eabi-g++ -Wl,-T -Wl,../src/lscript.ld -L../../standalone_bsp_0/ps7_cortexa9_0/lib -o "zyboApp.elf"  ./src/Screen/ScrBatIntSett.o ./src/Screen/ScrImpCurSett.o ./src/Screen/ScrImpGraph.o ./src/Screen/ScrImpIntSett.o ./src/Screen/ScrIncFrecSett.o ./src/Screen/ScrIncNumSett.o ./src/Screen/ScrSettings.o ./src/Screen/ScrStartFreqSett.o ./src/Screen/ScrSweepSettings.o ./src/Screen/ScrTempHumBat.o ./src/Screen/ScrTempHumSett.o  ./src/RF/mrf24j.o  ./src/OLED/ChrFont0.o ./src/OLED/FillPat.o ./src/OLED/OLED.o ./src/OLED/OledChar.o ./src/OLED/OledDriver.o ./src/OLED/OledGrph.o  ./src/main.o ./src/platform.o ./src/sd.o   -Wl,--start-group,-lxil,-lgcc,-lc,-lstdc++,--end-group
./src/sd.o: In function `initSDCard()':
F:\Proiecte_si_concursuri\WWS\WWS\ZYBO\zybo_vivado_proj\zybo_vivado_proj.sdk\zyboApp\Debug/../src/sd.cpp:35: undefined reference to `f_mount'
F:\Proiecte_si_concursuri\WWS\WWS\ZYBO\zybo_vivado_proj\zybo_vivado_proj.sdk\zyboApp\Debug/../src/sd.cpp:41: undefined reference to `f_open'
collect2.exe: error: ld returned 1 exit status
make: *** [zyboApp.elf] Error 1
16:37:36 **** Clean-only build of configuration Debug for project zyboApp ****
make clean 
rm -rf  ./src/main.d  ./src/Screen/ScrBatIntSett.o ./src/Screen/ScrImpCurSett.o ./src/Screen/ScrImpGraph.o ./src/Screen/ScrImpIntSett.o ./src/Screen/ScrIncFrecSett.o ./src/Screen/ScrIncNumSett.o ./src/Screen/ScrSettings.o ./src/Screen/ScrStartFreqSett.o ./src/Screen/ScrSweepSettings.o ./src/Screen/ScrTempHumBat.o ./src/Screen/ScrTempHumSett.o  ./src/RF/mrf24j.o  ./src/OLED/ChrFont0.o ./src/OLED/FillPat.o ./src/OLED/OLED.o ./src/OLED/OledChar.o ./src/OLED/OledDriver.o ./src/OLED/OledGrph.o  ./src/main.o ./src/platform.o ./src/sd.o  ./src/platform.d  ./src/Screen/ScrBatIntSett.d ./src/Screen/ScrImpCurSett.d ./src/Screen/ScrImpGraph.d ./src/Screen/ScrImpIntSett.d ./src/Screen/ScrIncFrecSett.d ./src/Screen/ScrIncNumSett.d ./src/Screen/ScrSettings.d ./src/Screen/ScrStartFreqSett.d ./src/Screen/ScrSweepSettings.d ./src/Screen/ScrTempHumBat.d ./src/Screen/ScrTempHumSett.d  ./src/RF/mrf24j.d  ./src/OLED/ChrFont0.d ./src/OLED/FillPat.d ./src/OLED/OLED.d ./src/OLED/OledChar.d ./src/OLED/OledDriver.d ./src/OLED/OledGrph.d  ./src/sd.d  zyboApp.elf.size  zyboApp.elf
' '
16:37:36 **** Auto Build of configuration Debug for project zyboApp ****
make all 
'Building file: ../src/Screen/ScrBatIntSett.cpp'
'Invoking: ARM g++ compiler'
arm-xilinx-eabi-g++ -Wall -O0 -g3 -I../../standalone_bsp_0/ps7_cortexa9_0/include -I../inc -c -fmessage-length=0 -MT"src/Screen/ScrBatIntSett.o" -MMD -MP -MF"src/Screen/ScrBatIntSett.d" -MT"src/Screen/ScrBatIntSett.d" -o "src/Screen/ScrBatIntSett.o" "../src/Screen/ScrBatIntSett.cpp"
'Finished building: ../src/Screen/ScrBatIntSett.cpp'
' '
'Building file: ../src/Screen/ScrImpCurSett.cpp'
'Invoking: ARM g++ compiler'
arm-xilinx-eabi-g++ -Wall -O0 -g3 -I../../standalone_bsp_0/ps7_cortexa9_0/include -I../inc -c -fmessage-length=0 -MT"src/Screen/ScrImpCurSett.o" -MMD -MP -MF"src/Screen/ScrImpCurSett.d" -MT"src/Screen/ScrImpCurSett.d" -o "src/Screen/ScrImpCurSett.o" "../src/Screen/ScrImpCurSett.cpp"
../src/Screen/ScrImpCurSett.cpp: In member function 'virtual void ScrImpCurSett::printData()':
../src/Screen/ScrImpCurSett.cpp:42:27: warning: deprecated conversion from string constant to 'char*' [-Wwrite-strings]
  OLED.putString("Curr seT");
                           ^
'Finished building: ../src/Screen/ScrImpCurSett.cpp'
' '
'Building file: ../src/Screen/ScrImpGraph.cpp'
'Invoking: ARM g++ compiler'
arm-xilinx-eabi-g++ -Wall -O0 -g3 -I../../standalone_bsp_0/ps7_cortexa9_0/include -I../inc -c -fmessage-length=0 -MT"src/Screen/ScrImpGraph.o" -MMD -MP -MF"src/Screen/ScrImpGraph.d" -MT"src/Screen/ScrImpGraph.d" -o "src/Screen/ScrImpGraph.o" "../src/Screen/ScrImpGraph.cpp"
../src/Screen/ScrImpGraph.cpp:15:18: warning: extra tokens at end of #include directive
 #include <vector>;
                  ^
../src/Screen/ScrImpGraph.cpp: In member function 'virtual void ScrImpGraph::printData()':
../src/Screen/ScrImpGraph.cpp:69:36: warning: deprecated conversion from string constant to 'char*' [-Wwrite-strings]
    OLED.putString("Error impedance");
                                    ^
../src/Screen/ScrImpGraph.cpp:71:37: warning: deprecated conversion from string constant to 'char*' [-Wwrite-strings]
    OLED.putString("Check the sensor");
                                     ^
../src/Screen/ScrImpGraph.cpp:77:21: warning: comparison between signed and unsigned integer expressions [-Wsign-compare]
    for(int i = 0; i < firstImpedanceValues.size()-1; i++)
                     ^
../src/Screen/ScrImpGraph.cpp:91:32: warning: deprecated conversion from string constant to 'char*' [-Wwrite-strings]
   OLED.putString("No impedance");
                                ^
'Finished building: ../src/Screen/ScrImpGraph.cpp'
' '
'Building file: ../src/Screen/ScrImpIntSett.cpp'
'Invoking: ARM g++ compiler'
arm-xilinx-eabi-g++ -Wall -O0 -g3 -I../../standalone_bsp_0/ps7_cortexa9_0/include -I../inc -c -fmessage-length=0 -MT"src/Screen/ScrImpIntSett.o" -MMD -MP -MF"src/Screen/ScrImpIntSett.d" -MT"src/Screen/ScrImpIntSett.d" -o "src/Screen/ScrImpIntSett.o" "../src/Screen/ScrImpIntSett.cpp"
'Finished building: ../src/Screen/ScrImpIntSett.cpp'
' '
'Building file: ../src/Screen/ScrIncFrecSett.cpp'
'Invoking: ARM g++ compiler'
arm-xilinx-eabi-g++ -Wall -O0 -g3 -I../../standalone_bsp_0/ps7_cortexa9_0/include -I../inc -c -fmessage-length=0 -MT"src/Screen/ScrIncFrecSett.o" -MMD -MP -MF"src/Screen/ScrIncFrecSett.d" -MT"src/Screen/ScrIncFrecSett.d" -o "src/Screen/ScrIncFrecSett.o" "../src/Screen/ScrIncFrecSett.cpp"
'Finished building: ../src/Screen/ScrIncFrecSett.cpp'
' '
'Building file: ../src/Screen/ScrIncNumSett.cpp'
'Invoking: ARM g++ compiler'
arm-xilinx-eabi-g++ -Wall -O0 -g3 -I../../standalone_bsp_0/ps7_cortexa9_0/include -I../inc -c -fmessage-length=0 -MT"src/Screen/ScrIncNumSett.o" -MMD -MP -MF"src/Screen/ScrIncNumSett.d" -MT"src/Screen/ScrIncNumSett.d" -o "src/Screen/ScrIncNumSett.o" "../src/Screen/ScrIncNumSett.cpp"
'Finished building: ../src/Screen/ScrIncNumSett.cpp'
' '
'Building file: ../src/Screen/ScrSettings.cpp'
'Invoking: ARM g++ compiler'
arm-xilinx-eabi-g++ -Wall -O0 -g3 -I../../standalone_bsp_0/ps7_cortexa9_0/include -I../inc -c -fmessage-length=0 -MT"src/Screen/ScrSettings.o" -MMD -MP -MF"src/Screen/ScrSettings.d" -MT"src/Screen/ScrSettings.d" -o "src/Screen/ScrSettings.o" "../src/Screen/ScrSettings.cpp"
../src/Screen/ScrSettings.cpp: In member function 'virtual void ScrSettings::printData()':
../src/Screen/ScrSettings.cpp:43:35: warning: deprecated conversion from string constant to 'char*' [-Wwrite-strings]
   OLED.putString("settings screen");
                                   ^
'Finished building: ../src/Screen/ScrSettings.cpp'
' '
'Building file: ../src/Screen/ScrStartFreqSett.cpp'
'Invoking: ARM g++ compiler'
arm-xilinx-eabi-g++ -Wall -O0 -g3 -I../../standalone_bsp_0/ps7_cortexa9_0/include -I../inc -c -fmessage-length=0 -MT"src/Screen/ScrStartFreqSett.o" -MMD -MP -MF"src/Screen/ScrStartFreqSett.d" -MT"src/Screen/ScrStartFreqSett.d" -o "src/Screen/ScrStartFreqSett.o" "../src/Screen/ScrStartFreqSett.cpp"
'Finished building: ../src/Screen/ScrStartFreqSett.cpp'
' '
'Building file: ../src/Screen/ScrSweepSettings.cpp'
'Invoking: ARM g++ compiler'
arm-xilinx-eabi-g++ -Wall -O0 -g3 -I../../standalone_bsp_0/ps7_cortexa9_0/include -I../inc -c -fmessage-length=0 -MT"src/Screen/ScrSweepSettings.o" -MMD -MP -MF"src/Screen/ScrSweepSettings.d" -MT"src/Screen/ScrSweepSettings.d" -o "src/Screen/ScrSweepSettings.o" "../src/Screen/ScrSweepSettings.cpp"
'Finished building: ../src/Screen/ScrSweepSettings.cpp'
' '
'Building file: ../src/Screen/ScrTempHumBat.cpp'
'Invoking: ARM g++ compiler'
arm-xilinx-eabi-g++ -Wall -O0 -g3 -I../../standalone_bsp_0/ps7_cortexa9_0/include -I../inc -c -fmessage-length=0 -MT"src/Screen/ScrTempHumBat.o" -MMD -MP -MF"src/Screen/ScrTempHumBat.d" -MT"src/Screen/ScrTempHumBat.d" -o "src/Screen/ScrTempHumBat.o" "../src/Screen/ScrTempHumBat.cpp"
../src/Screen/ScrTempHumBat.cpp: In member function 'virtual void ScrTempHumBat::printData()':
../src/Screen/ScrTempHumBat.cpp:42:31: warning: deprecated conversion from string constant to 'char*' [-Wwrite-strings]
   OLED.putString("temp screen");
                               ^
'Finished building: ../src/Screen/ScrTempHumBat.cpp'
' '
'Building file: ../src/Screen/ScrTempHumSett.cpp'
'Invoking: ARM g++ compiler'
arm-xilinx-eabi-g++ -Wall -O0 -g3 -I../../standalone_bsp_0/ps7_cortexa9_0/include -I../inc -c -fmessage-length=0 -MT"src/Screen/ScrTempHumSett.o" -MMD -MP -MF"src/Screen/ScrTempHumSett.d" -MT"src/Screen/ScrTempHumSett.d" -o "src/Screen/ScrTempHumSett.o" "../src/Screen/ScrTempHumSett.cpp"
'Finished building: ../src/Screen/ScrTempHumSett.cpp'
' '
'Building file: ../src/RF/mrf24j.cpp'
'Invoking: ARM g++ compiler'
arm-xilinx-eabi-g++ -Wall -O0 -g3 -I../../standalone_bsp_0/ps7_cortexa9_0/include -I../inc -c -fmessage-length=0 -MT"src/RF/mrf24j.o" -MMD -MP -MF"src/RF/mrf24j.d" -MT"src/RF/mrf24j.d" -o "src/RF/mrf24j.o" "../src/RF/mrf24j.cpp"
../src/RF/mrf24j.cpp: In member function 'bool Mrf24j::checkIntFlag()':
../src/RF/mrf24j.cpp:78:6: warning: unused variable 'gpioReg' [-Wunused-variable]
  int gpioReg = XGpio_DiscreteRead(&gpioInstance, 1);
      ^
../src/RF/mrf24j.cpp: In member function 'void Mrf24j::write_short(uint8_t, uint8_t)':
../src/RF/mrf24j.cpp:225:9: warning: unused variable 'status' [-Wunused-variable]
     int status = XSpi_Transfer( &MSpiInstance, &data, &rgbRx, sizeof(uint8_t) );
         ^
../src/RF/mrf24j.cpp: In member function 'void Mrf24j::init()':
../src/RF/mrf24j.cpp:337:13: warning: unused variable 'regi' [-Wunused-variable]
     uint8_t regi = read_long(MRF_SLPCON0);
             ^
'Finished building: ../src/RF/mrf24j.cpp'
' '
'Building file: ../src/OLED/ChrFont0.cpp'
'Invoking: ARM g++ compiler'
arm-xilinx-eabi-g++ -Wall -O0 -g3 -I../../standalone_bsp_0/ps7_cortexa9_0/include -I../inc -c -fmessage-length=0 -MT"src/OLED/ChrFont0.o" -MMD -MP -MF"src/OLED/ChrFont0.d" -MT"src/OLED/ChrFont0.d" -o "src/OLED/ChrFont0.o" "../src/OLED/ChrFont0.cpp"
'Finished building: ../src/OLED/ChrFont0.cpp'
' '
'Building file: ../src/OLED/FillPat.cpp'
'Invoking: ARM g++ compiler'
arm-xilinx-eabi-g++ -Wall -O0 -g3 -I../../standalone_bsp_0/ps7_cortexa9_0/include -I../inc -c -fmessage-length=0 -MT"src/OLED/FillPat.o" -MMD -MP -MF"src/OLED/FillPat.d" -MT"src/OLED/FillPat.d" -o "src/OLED/FillPat.o" "../src/OLED/FillPat.cpp"
'Finished building: ../src/OLED/FillPat.cpp'
' '
'Building file: ../src/OLED/OLED.cpp'
'Invoking: ARM g++ compiler'
arm-xilinx-eabi-g++ -Wall -O0 -g3 -I../../standalone_bsp_0/ps7_cortexa9_0/include -I../inc -c -fmessage-length=0 -MT"src/OLED/OLED.o" -MMD -MP -MF"src/OLED/OLED.d" -MT"src/OLED/OLED.d" -o "src/OLED/OLED.o" "../src/OLED/OLED.cpp"
'Finished building: ../src/OLED/OLED.cpp'
' '
'Building file: ../src/OLED/OledChar.cpp'
'Invoking: ARM g++ compiler'
arm-xilinx-eabi-g++ -Wall -O0 -g3 -I../../standalone_bsp_0/ps7_cortexa9_0/include -I../inc -c -fmessage-length=0 -MT"src/OLED/OledChar.o" -MMD -MP -MF"src/OLED/OledChar.d" -MT"src/OLED/OledChar.d" -o "src/OLED/OledChar.o" "../src/OLED/OledChar.cpp"
'Finished building: ../src/OLED/OledChar.cpp'
' '
'Building file: ../src/OLED/OledDriver.cpp'
'Invoking: ARM g++ compiler'
arm-xilinx-eabi-g++ -Wall -O0 -g3 -I../../standalone_bsp_0/ps7_cortexa9_0/include -I../inc -c -fmessage-length=0 -MT"src/OLED/OledDriver.o" -MMD -MP -MF"src/OLED/OledDriver.d" -MT"src/OLED/OledDriver.d" -o "src/OLED/OledDriver.o" "../src/OLED/OledDriver.cpp"
../src/OLED/OledDriver.cpp:37:1: warning: "/*" within comment [-Wcomment]
 /* 22/02/2016(EusebiuB): adapted library to work on Zybo    */
 ^
../src/OLED/OledDriver.cpp: In function 'void OledHostInit()':
../src/OLED/OledDriver.cpp:282:6: warning: variable 'slaveReg' set but not used [-Wunused-but-set-variable]
  u32 slaveReg = XSpi_GetSlaveSelectReg(&SpiInstance);
      ^
'Finished building: ../src/OLED/OledDriver.cpp'
' '
'Building file: ../src/OLED/OledGrph.cpp'
'Invoking: ARM g++ compiler'
arm-xilinx-eabi-g++ -Wall -O0 -g3 -I../../standalone_bsp_0/ps7_cortexa9_0/include -I../inc -c -fmessage-length=0 -MT"src/OLED/OledGrph.o" -MMD -MP -MF"src/OLED/OledGrph.d" -MT"src/OLED/OledGrph.d" -o "src/OLED/OledGrph.o" "../src/OLED/OledGrph.cpp"
../src/OLED/OledGrph.cpp: In function 'void OledFillRect(int, int)':
../src/OLED/OledGrph.cpp:534:10: warning: unused variable 'bTmp' [-Wunused-variable]
  uint8_t bTmp;
          ^
../src/OLED/OledGrph.cpp: In function 'void OledGetBmp(int, int, uint8_t*)':
../src/OLED/OledGrph.cpp:643:10: warning: variable 'bTmp' set but not used [-Wunused-but-set-variable]
  uint8_t bTmp;
          ^
../src/OLED/OledGrph.cpp: In function 'void OledPutBmp(int, int, uint8_t*)':
../src/OLED/OledGrph.cpp:740:10: warning: unused variable 'bDsp' [-Wunused-variable]
  uint8_t bDsp;
          ^
../src/OLED/OledGrph.cpp:747:10: warning: unused variable 'bTmp' [-Wunused-variable]
  uint8_t bTmp;
          ^
../src/OLED/OledGrph.cpp: In function 'void OledDrawChar(char)':
../src/OLED/OledGrph.cpp:847:12: warning: variable 'pbBmp' set but not used [-Wunused-but-set-variable]
  uint8_t * pbBmp;
            ^
../src/OLED/OledGrph.cpp:848:7: warning: unused variable 'ib' [-Wunused-variable]
  int  ib;
       ^
'Finished building: ../src/OLED/OledGrph.cpp'
' '
'Building file: ../src/main.cc'
'Invoking: ARM g++ compiler'
arm-xilinx-eabi-g++ -Wall -O0 -g3 -I../../standalone_bsp_0/ps7_cortexa9_0/include -I../inc -c -fmessage-length=0 -MT"src/main.o" -MMD -MP -MF"src/main.d" -MT"src/main.d" -o "src/main.o" "../src/main.cc"
'Finished building: ../src/main.cc'
' '
'Building file: ../src/platform.c'
'Invoking: ARM g++ compiler'
arm-xilinx-eabi-g++ -Wall -O0 -g3 -I../../standalone_bsp_0/ps7_cortexa9_0/include -I../inc -c -fmessage-length=0 -MT"src/platform.o" -MMD -MP -MF"src/platform.d" -MT"src/platform.d" -o "src/platform.o" "../src/platform.c"
'Finished building: ../src/platform.c'
' '
'Building file: ../src/sd.cpp'
'Invoking: ARM g++ compiler'
arm-xilinx-eabi-g++ -Wall -O0 -g3 -I../../standalone_bsp_0/ps7_cortexa9_0/include -I../inc -c -fmessage-length=0 -MT"src/sd.o" -MMD -MP -MF"src/sd.d" -MT"src/sd.d" -o "src/sd.o" "../src/sd.cpp"
'Finished building: ../src/sd.cpp'
' '
'Building target: zyboApp.elf'
'Invoking: ARM g++ linker'
arm-xilinx-eabi-g++ -Wl,-T -Wl,../src/lscript.ld -L../../standalone_bsp_0/ps7_cortexa9_0/lib -o "zyboApp.elf"  ./src/Screen/ScrBatIntSett.o ./src/Screen/ScrImpCurSett.o ./src/Screen/ScrImpGraph.o ./src/Screen/ScrImpIntSett.o ./src/Screen/ScrIncFrecSett.o ./src/Screen/ScrIncNumSett.o ./src/Screen/ScrSettings.o ./src/Screen/ScrStartFreqSett.o ./src/Screen/ScrSweepSettings.o ./src/Screen/ScrTempHumBat.o ./src/Screen/ScrTempHumSett.o  ./src/RF/mrf24j.o  ./src/OLED/ChrFont0.o ./src/OLED/FillPat.o ./src/OLED/OLED.o ./src/OLED/OledChar.o ./src/OLED/OledDriver.o ./src/OLED/OledGrph.o  ./src/main.o ./src/platform.o ./src/sd.o   -Wl,--start-group,-lxil,-lgcc,-lc,-lstdc++,--end-group
./src/sd.o: In function `initSDCard()':
F:\Proiecte_si_concursuri\WWS\WWS\ZYBO\zybo_vivado_proj\zybo_vivado_proj.sdk\zyboApp\Debug/../src/sd.cpp:35: undefined reference to `f_mount'
F:\Proiecte_si_concursuri\WWS\WWS\ZYBO\zybo_vivado_proj\zybo_vivado_proj.sdk\zyboApp\Debug/../src/sd.cpp:41: undefined reference to `f_open'
collect2.exe: error: ld returned 1 exit status
make: *** [zyboApp.elf] Error 1
16:38:52 **** Clean-only build of configuration Debug for project zyboApp ****
make clean 
rm -rf  ./src/main.d  ./src/Screen/ScrBatIntSett.o ./src/Screen/ScrImpCurSett.o ./src/Screen/ScrImpGraph.o ./src/Screen/ScrImpIntSett.o ./src/Screen/ScrIncFrecSett.o ./src/Screen/ScrIncNumSett.o ./src/Screen/ScrSettings.o ./src/Screen/ScrStartFreqSett.o ./src/Screen/ScrSweepSettings.o ./src/Screen/ScrTempHumBat.o ./src/Screen/ScrTempHumSett.o  ./src/RF/mrf24j.o  ./src/OLED/ChrFont0.o ./src/OLED/FillPat.o ./src/OLED/OLED.o ./src/OLED/OledChar.o ./src/OLED/OledDriver.o ./src/OLED/OledGrph.o  ./src/main.o ./src/platform.o ./src/sd.o  ./src/platform.d  ./src/Screen/ScrBatIntSett.d ./src/Screen/ScrImpCurSett.d ./src/Screen/ScrImpGraph.d ./src/Screen/ScrImpIntSett.d ./src/Screen/ScrIncFrecSett.d ./src/Screen/ScrIncNumSett.d ./src/Screen/ScrSettings.d ./src/Screen/ScrStartFreqSett.d ./src/Screen/ScrSweepSettings.d ./src/Screen/ScrTempHumBat.d ./src/Screen/ScrTempHumSett.d  ./src/RF/mrf24j.d  ./src/OLED/ChrFont0.d ./src/OLED/FillPat.d ./src/OLED/OLED.d ./src/OLED/OledChar.d ./src/OLED/OledDriver.d ./src/OLED/OledGrph.d  ./src/sd.d  zyboApp.elf.size  zyboApp.elf
' '
16:38:53 **** Auto Build of configuration Debug for project zyboApp ****
make all 
'Building file: ../src/Screen/ScrBatIntSett.cpp'
'Invoking: ARM g++ compiler'
arm-xilinx-eabi-g++ -Wall -O0 -g3 -I../../standalone_bsp_0/ps7_cortexa9_0/include -I../inc -I../../standalone_bsp_0/ps7_cortexa9_0/libsrc/xilffs_v3_1/src/include -c -fmessage-length=0 -MT"src/Screen/ScrBatIntSett.o" -MMD -MP -MF"src/Screen/ScrBatIntSett.d" -MT"src/Screen/ScrBatIntSett.d" -o "src/Screen/ScrBatIntSett.o" "../src/Screen/ScrBatIntSett.cpp"
'Finished building: ../src/Screen/ScrBatIntSett.cpp'
' '
'Building file: ../src/Screen/ScrImpCurSett.cpp'
'Invoking: ARM g++ compiler'
arm-xilinx-eabi-g++ -Wall -O0 -g3 -I../../standalone_bsp_0/ps7_cortexa9_0/include -I../inc -I../../standalone_bsp_0/ps7_cortexa9_0/libsrc/xilffs_v3_1/src/include -c -fmessage-length=0 -MT"src/Screen/ScrImpCurSett.o" -MMD -MP -MF"src/Screen/ScrImpCurSett.d" -MT"src/Screen/ScrImpCurSett.d" -o "src/Screen/ScrImpCurSett.o" "../src/Screen/ScrImpCurSett.cpp"
../src/Screen/ScrImpCurSett.cpp: In member function 'virtual void ScrImpCurSett::printData()':
../src/Screen/ScrImpCurSett.cpp:42:27: warning: deprecated conversion from string constant to 'char*' [-Wwrite-strings]
  OLED.putString("Curr seT");
                           ^
'Finished building: ../src/Screen/ScrImpCurSett.cpp'
' '
'Building file: ../src/Screen/ScrImpGraph.cpp'
'Invoking: ARM g++ compiler'
arm-xilinx-eabi-g++ -Wall -O0 -g3 -I../../standalone_bsp_0/ps7_cortexa9_0/include -I../inc -I../../standalone_bsp_0/ps7_cortexa9_0/libsrc/xilffs_v3_1/src/include -c -fmessage-length=0 -MT"src/Screen/ScrImpGraph.o" -MMD -MP -MF"src/Screen/ScrImpGraph.d" -MT"src/Screen/ScrImpGraph.d" -o "src/Screen/ScrImpGraph.o" "../src/Screen/ScrImpGraph.cpp"
../src/Screen/ScrImpGraph.cpp:15:18: warning: extra tokens at end of #include directive
 #include <vector>;
                  ^
../src/Screen/ScrImpGraph.cpp: In member function 'virtual void ScrImpGraph::printData()':
../src/Screen/ScrImpGraph.cpp:69:36: warning: deprecated conversion from string constant to 'char*' [-Wwrite-strings]
    OLED.putString("Error impedance");
                                    ^
../src/Screen/ScrImpGraph.cpp:71:37: warning: deprecated conversion from string constant to 'char*' [-Wwrite-strings]
    OLED.putString("Check the sensor");
                                     ^
../src/Screen/ScrImpGraph.cpp:77:21: warning: comparison between signed and unsigned integer expressions [-Wsign-compare]
    for(int i = 0; i < firstImpedanceValues.size()-1; i++)
                     ^
../src/Screen/ScrImpGraph.cpp:91:32: warning: deprecated conversion from string constant to 'char*' [-Wwrite-strings]
   OLED.putString("No impedance");
                                ^
'Finished building: ../src/Screen/ScrImpGraph.cpp'
' '
'Building file: ../src/Screen/ScrImpIntSett.cpp'
'Invoking: ARM g++ compiler'
arm-xilinx-eabi-g++ -Wall -O0 -g3 -I../../standalone_bsp_0/ps7_cortexa9_0/include -I../inc -I../../standalone_bsp_0/ps7_cortexa9_0/libsrc/xilffs_v3_1/src/include -c -fmessage-length=0 -MT"src/Screen/ScrImpIntSett.o" -MMD -MP -MF"src/Screen/ScrImpIntSett.d" -MT"src/Screen/ScrImpIntSett.d" -o "src/Screen/ScrImpIntSett.o" "../src/Screen/ScrImpIntSett.cpp"
'Finished building: ../src/Screen/ScrImpIntSett.cpp'
' '
'Building file: ../src/Screen/ScrIncFrecSett.cpp'
'Invoking: ARM g++ compiler'
arm-xilinx-eabi-g++ -Wall -O0 -g3 -I../../standalone_bsp_0/ps7_cortexa9_0/include -I../inc -I../../standalone_bsp_0/ps7_cortexa9_0/libsrc/xilffs_v3_1/src/include -c -fmessage-length=0 -MT"src/Screen/ScrIncFrecSett.o" -MMD -MP -MF"src/Screen/ScrIncFrecSett.d" -MT"src/Screen/ScrIncFrecSett.d" -o "src/Screen/ScrIncFrecSett.o" "../src/Screen/ScrIncFrecSett.cpp"
'Finished building: ../src/Screen/ScrIncFrecSett.cpp'
' '
'Building file: ../src/Screen/ScrIncNumSett.cpp'
'Invoking: ARM g++ compiler'
arm-xilinx-eabi-g++ -Wall -O0 -g3 -I../../standalone_bsp_0/ps7_cortexa9_0/include -I../inc -I../../standalone_bsp_0/ps7_cortexa9_0/libsrc/xilffs_v3_1/src/include -c -fmessage-length=0 -MT"src/Screen/ScrIncNumSett.o" -MMD -MP -MF"src/Screen/ScrIncNumSett.d" -MT"src/Screen/ScrIncNumSett.d" -o "src/Screen/ScrIncNumSett.o" "../src/Screen/ScrIncNumSett.cpp"
'Finished building: ../src/Screen/ScrIncNumSett.cpp'
' '
'Building file: ../src/Screen/ScrSettings.cpp'
'Invoking: ARM g++ compiler'
arm-xilinx-eabi-g++ -Wall -O0 -g3 -I../../standalone_bsp_0/ps7_cortexa9_0/include -I../inc -I../../standalone_bsp_0/ps7_cortexa9_0/libsrc/xilffs_v3_1/src/include -c -fmessage-length=0 -MT"src/Screen/ScrSettings.o" -MMD -MP -MF"src/Screen/ScrSettings.d" -MT"src/Screen/ScrSettings.d" -o "src/Screen/ScrSettings.o" "../src/Screen/ScrSettings.cpp"
../src/Screen/ScrSettings.cpp: In member function 'virtual void ScrSettings::printData()':
../src/Screen/ScrSettings.cpp:43:35: warning: deprecated conversion from string constant to 'char*' [-Wwrite-strings]
   OLED.putString("settings screen");
                                   ^
'Finished building: ../src/Screen/ScrSettings.cpp'
' '
'Building file: ../src/Screen/ScrStartFreqSett.cpp'
'Invoking: ARM g++ compiler'
arm-xilinx-eabi-g++ -Wall -O0 -g3 -I../../standalone_bsp_0/ps7_cortexa9_0/include -I../inc -I../../standalone_bsp_0/ps7_cortexa9_0/libsrc/xilffs_v3_1/src/include -c -fmessage-length=0 -MT"src/Screen/ScrStartFreqSett.o" -MMD -MP -MF"src/Screen/ScrStartFreqSett.d" -MT"src/Screen/ScrStartFreqSett.d" -o "src/Screen/ScrStartFreqSett.o" "../src/Screen/ScrStartFreqSett.cpp"
'Finished building: ../src/Screen/ScrStartFreqSett.cpp'
' '
'Building file: ../src/Screen/ScrSweepSettings.cpp'
'Invoking: ARM g++ compiler'
arm-xilinx-eabi-g++ -Wall -O0 -g3 -I../../standalone_bsp_0/ps7_cortexa9_0/include -I../inc -I../../standalone_bsp_0/ps7_cortexa9_0/libsrc/xilffs_v3_1/src/include -c -fmessage-length=0 -MT"src/Screen/ScrSweepSettings.o" -MMD -MP -MF"src/Screen/ScrSweepSettings.d" -MT"src/Screen/ScrSweepSettings.d" -o "src/Screen/ScrSweepSettings.o" "../src/Screen/ScrSweepSettings.cpp"
'Finished building: ../src/Screen/ScrSweepSettings.cpp'
' '
'Building file: ../src/Screen/ScrTempHumBat.cpp'
'Invoking: ARM g++ compiler'
arm-xilinx-eabi-g++ -Wall -O0 -g3 -I../../standalone_bsp_0/ps7_cortexa9_0/include -I../inc -I../../standalone_bsp_0/ps7_cortexa9_0/libsrc/xilffs_v3_1/src/include -c -fmessage-length=0 -MT"src/Screen/ScrTempHumBat.o" -MMD -MP -MF"src/Screen/ScrTempHumBat.d" -MT"src/Screen/ScrTempHumBat.d" -o "src/Screen/ScrTempHumBat.o" "../src/Screen/ScrTempHumBat.cpp"
../src/Screen/ScrTempHumBat.cpp: In member function 'virtual void ScrTempHumBat::printData()':
../src/Screen/ScrTempHumBat.cpp:42:31: warning: deprecated conversion from string constant to 'char*' [-Wwrite-strings]
   OLED.putString("temp screen");
                               ^
'Finished building: ../src/Screen/ScrTempHumBat.cpp'
' '
'Building file: ../src/Screen/ScrTempHumSett.cpp'
'Invoking: ARM g++ compiler'
arm-xilinx-eabi-g++ -Wall -O0 -g3 -I../../standalone_bsp_0/ps7_cortexa9_0/include -I../inc -I../../standalone_bsp_0/ps7_cortexa9_0/libsrc/xilffs_v3_1/src/include -c -fmessage-length=0 -MT"src/Screen/ScrTempHumSett.o" -MMD -MP -MF"src/Screen/ScrTempHumSett.d" -MT"src/Screen/ScrTempHumSett.d" -o "src/Screen/ScrTempHumSett.o" "../src/Screen/ScrTempHumSett.cpp"
'Finished building: ../src/Screen/ScrTempHumSett.cpp'
' '
'Building file: ../src/RF/mrf24j.cpp'
'Invoking: ARM g++ compiler'
arm-xilinx-eabi-g++ -Wall -O0 -g3 -I../../standalone_bsp_0/ps7_cortexa9_0/include -I../inc -I../../standalone_bsp_0/ps7_cortexa9_0/libsrc/xilffs_v3_1/src/include -c -fmessage-length=0 -MT"src/RF/mrf24j.o" -MMD -MP -MF"src/RF/mrf24j.d" -MT"src/RF/mrf24j.d" -o "src/RF/mrf24j.o" "../src/RF/mrf24j.cpp"
../src/RF/mrf24j.cpp: In member function 'bool Mrf24j::checkIntFlag()':
../src/RF/mrf24j.cpp:78:6: warning: unused variable 'gpioReg' [-Wunused-variable]
  int gpioReg = XGpio_DiscreteRead(&gpioInstance, 1);
      ^
../src/RF/mrf24j.cpp: In member function 'void Mrf24j::write_short(uint8_t, uint8_t)':
../src/RF/mrf24j.cpp:225:9: warning: unused variable 'status' [-Wunused-variable]
     int status = XSpi_Transfer( &MSpiInstance, &data, &rgbRx, sizeof(uint8_t) );
         ^
../src/RF/mrf24j.cpp: In member function 'void Mrf24j::init()':
../src/RF/mrf24j.cpp:337:13: warning: unused variable 'regi' [-Wunused-variable]
     uint8_t regi = read_long(MRF_SLPCON0);
             ^
'Finished building: ../src/RF/mrf24j.cpp'
' '
'Building file: ../src/OLED/ChrFont0.cpp'
'Invoking: ARM g++ compiler'
arm-xilinx-eabi-g++ -Wall -O0 -g3 -I../../standalone_bsp_0/ps7_cortexa9_0/include -I../inc -I../../standalone_bsp_0/ps7_cortexa9_0/libsrc/xilffs_v3_1/src/include -c -fmessage-length=0 -MT"src/OLED/ChrFont0.o" -MMD -MP -MF"src/OLED/ChrFont0.d" -MT"src/OLED/ChrFont0.d" -o "src/OLED/ChrFont0.o" "../src/OLED/ChrFont0.cpp"
'Finished building: ../src/OLED/ChrFont0.cpp'
' '
'Building file: ../src/OLED/FillPat.cpp'
'Invoking: ARM g++ compiler'
arm-xilinx-eabi-g++ -Wall -O0 -g3 -I../../standalone_bsp_0/ps7_cortexa9_0/include -I../inc -I../../standalone_bsp_0/ps7_cortexa9_0/libsrc/xilffs_v3_1/src/include -c -fmessage-length=0 -MT"src/OLED/FillPat.o" -MMD -MP -MF"src/OLED/FillPat.d" -MT"src/OLED/FillPat.d" -o "src/OLED/FillPat.o" "../src/OLED/FillPat.cpp"
'Finished building: ../src/OLED/FillPat.cpp'
' '
'Building file: ../src/OLED/OLED.cpp'
'Invoking: ARM g++ compiler'
arm-xilinx-eabi-g++ -Wall -O0 -g3 -I../../standalone_bsp_0/ps7_cortexa9_0/include -I../inc -I../../standalone_bsp_0/ps7_cortexa9_0/libsrc/xilffs_v3_1/src/include -c -fmessage-length=0 -MT"src/OLED/OLED.o" -MMD -MP -MF"src/OLED/OLED.d" -MT"src/OLED/OLED.d" -o "src/OLED/OLED.o" "../src/OLED/OLED.cpp"
'Finished building: ../src/OLED/OLED.cpp'
' '
'Building file: ../src/OLED/OledChar.cpp'
'Invoking: ARM g++ compiler'
arm-xilinx-eabi-g++ -Wall -O0 -g3 -I../../standalone_bsp_0/ps7_cortexa9_0/include -I../inc -I../../standalone_bsp_0/ps7_cortexa9_0/libsrc/xilffs_v3_1/src/include -c -fmessage-length=0 -MT"src/OLED/OledChar.o" -MMD -MP -MF"src/OLED/OledChar.d" -MT"src/OLED/OledChar.d" -o "src/OLED/OledChar.o" "../src/OLED/OledChar.cpp"
'Finished building: ../src/OLED/OledChar.cpp'
' '
'Building file: ../src/OLED/OledDriver.cpp'
'Invoking: ARM g++ compiler'
arm-xilinx-eabi-g++ -Wall -O0 -g3 -I../../standalone_bsp_0/ps7_cortexa9_0/include -I../inc -I../../standalone_bsp_0/ps7_cortexa9_0/libsrc/xilffs_v3_1/src/include -c -fmessage-length=0 -MT"src/OLED/OledDriver.o" -MMD -MP -MF"src/OLED/OledDriver.d" -MT"src/OLED/OledDriver.d" -o "src/OLED/OledDriver.o" "../src/OLED/OledDriver.cpp"
../src/OLED/OledDriver.cpp:37:1: warning: "/*" within comment [-Wcomment]
 /* 22/02/2016(EusebiuB): adapted library to work on Zybo    */
 ^
../src/OLED/OledDriver.cpp: In function 'void OledHostInit()':
../src/OLED/OledDriver.cpp:282:6: warning: variable 'slaveReg' set but not used [-Wunused-but-set-variable]
  u32 slaveReg = XSpi_GetSlaveSelectReg(&SpiInstance);
      ^
'Finished building: ../src/OLED/OledDriver.cpp'
' '
'Building file: ../src/OLED/OledGrph.cpp'
'Invoking: ARM g++ compiler'
arm-xilinx-eabi-g++ -Wall -O0 -g3 -I../../standalone_bsp_0/ps7_cortexa9_0/include -I../inc -I../../standalone_bsp_0/ps7_cortexa9_0/libsrc/xilffs_v3_1/src/include -c -fmessage-length=0 -MT"src/OLED/OledGrph.o" -MMD -MP -MF"src/OLED/OledGrph.d" -MT"src/OLED/OledGrph.d" -o "src/OLED/OledGrph.o" "../src/OLED/OledGrph.cpp"
../src/OLED/OledGrph.cpp: In function 'void OledFillRect(int, int)':
../src/OLED/OledGrph.cpp:534:10: warning: unused variable 'bTmp' [-Wunused-variable]
  uint8_t bTmp;
          ^
../src/OLED/OledGrph.cpp: In function 'void OledGetBmp(int, int, uint8_t*)':
../src/OLED/OledGrph.cpp:643:10: warning: variable 'bTmp' set but not used [-Wunused-but-set-variable]
  uint8_t bTmp;
          ^
../src/OLED/OledGrph.cpp: In function 'void OledPutBmp(int, int, uint8_t*)':
../src/OLED/OledGrph.cpp:740:10: warning: unused variable 'bDsp' [-Wunused-variable]
  uint8_t bDsp;
          ^
../src/OLED/OledGrph.cpp:747:10: warning: unused variable 'bTmp' [-Wunused-variable]
  uint8_t bTmp;
          ^
../src/OLED/OledGrph.cpp: In function 'void OledDrawChar(char)':
../src/OLED/OledGrph.cpp:847:12: warning: variable 'pbBmp' set but not used [-Wunused-but-set-variable]
  uint8_t * pbBmp;
            ^
../src/OLED/OledGrph.cpp:848:7: warning: unused variable 'ib' [-Wunused-variable]
  int  ib;
       ^
'Finished building: ../src/OLED/OledGrph.cpp'
' '
'Building file: ../src/main.cc'
'Invoking: ARM g++ compiler'
arm-xilinx-eabi-g++ -Wall -O0 -g3 -I../../standalone_bsp_0/ps7_cortexa9_0/include -I../inc -I../../standalone_bsp_0/ps7_cortexa9_0/libsrc/xilffs_v3_1/src/include -c -fmessage-length=0 -MT"src/main.o" -MMD -MP -MF"src/main.d" -MT"src/main.d" -o "src/main.o" "../src/main.cc"
'Finished building: ../src/main.cc'
' '
'Building file: ../src/platform.c'
'Invoking: ARM g++ compiler'
arm-xilinx-eabi-g++ -Wall -O0 -g3 -I../../standalone_bsp_0/ps7_cortexa9_0/include -I../inc -I../../standalone_bsp_0/ps7_cortexa9_0/libsrc/xilffs_v3_1/src/include -c -fmessage-length=0 -MT"src/platform.o" -MMD -MP -MF"src/platform.d" -MT"src/platform.d" -o "src/platform.o" "../src/platform.c"
'Finished building: ../src/platform.c'
' '
'Building file: ../src/sd.cpp'
'Invoking: ARM g++ compiler'
arm-xilinx-eabi-g++ -Wall -O0 -g3 -I../../standalone_bsp_0/ps7_cortexa9_0/include -I../inc -I../../standalone_bsp_0/ps7_cortexa9_0/libsrc/xilffs_v3_1/src/include -c -fmessage-length=0 -MT"src/sd.o" -MMD -MP -MF"src/sd.d" -MT"src/sd.d" -o "src/sd.o" "../src/sd.cpp"
'Finished building: ../src/sd.cpp'
' '
'Building target: zyboApp.elf'
'Invoking: ARM g++ linker'
arm-xilinx-eabi-g++ -Wl,-T -Wl,../src/lscript.ld -L../../standalone_bsp_0/ps7_cortexa9_0/lib -o "zyboApp.elf"  ./src/Screen/ScrBatIntSett.o ./src/Screen/ScrImpCurSett.o ./src/Screen/ScrImpGraph.o ./src/Screen/ScrImpIntSett.o ./src/Screen/ScrIncFrecSett.o ./src/Screen/ScrIncNumSett.o ./src/Screen/ScrSettings.o ./src/Screen/ScrStartFreqSett.o ./src/Screen/ScrSweepSettings.o ./src/Screen/ScrTempHumBat.o ./src/Screen/ScrTempHumSett.o  ./src/RF/mrf24j.o  ./src/OLED/ChrFont0.o ./src/OLED/FillPat.o ./src/OLED/OLED.o ./src/OLED/OledChar.o ./src/OLED/OledDriver.o ./src/OLED/OledGrph.o  ./src/main.o ./src/platform.o ./src/sd.o   -Wl,--start-group,-lxil,-lgcc,-lc,-lstdc++,--end-group
./src/sd.o: In function `initSDCard()':
F:\Proiecte_si_concursuri\WWS\WWS\ZYBO\zybo_vivado_proj\zybo_vivado_proj.sdk\zyboApp\Debug/../src/sd.cpp:35: undefined reference to `f_mount'
F:\Proiecte_si_concursuri\WWS\WWS\ZYBO\zybo_vivado_proj\zybo_vivado_proj.sdk\zyboApp\Debug/../src/sd.cpp:41: undefined reference to `f_open'
collect2.exe: error: ld returned 1 exit status
make: *** [zyboApp.elf] Error 1
16:53:40 **** Auto Build of configuration Debug for project zyboApp ****
make all 
'Building target: zyboApp.elf'
'Invoking: ARM g++ linker'
arm-xilinx-eabi-g++ -Wl,-T -Wl,../src/lscript.ld -L../../standalone_bsp_0/ps7_cortexa9_0/lib -o "zyboApp.elf"  ./src/Screen/ScrBatIntSett.o ./src/Screen/ScrImpCurSett.o ./src/Screen/ScrImpGraph.o ./src/Screen/ScrImpIntSett.o ./src/Screen/ScrIncFrecSett.o ./src/Screen/ScrIncNumSett.o ./src/Screen/ScrSettings.o ./src/Screen/ScrStartFreqSett.o ./src/Screen/ScrSweepSettings.o ./src/Screen/ScrTempHumBat.o ./src/Screen/ScrTempHumSett.o  ./src/RF/mrf24j.o  ./src/OLED/ChrFont0.o ./src/OLED/FillPat.o ./src/OLED/OLED.o ./src/OLED/OledChar.o ./src/OLED/OledDriver.o ./src/OLED/OledGrph.o  ./src/main.o ./src/platform.o ./src/sd.o   -Wl,--start-group,-lxil,-lgcc,-lc,-lstdc++,--end-group
c:/xilinx/sdk/2015.4/gnu/arm/nt/bin/../lib/gcc/arm-xilinx-eabi/4.9.2/../../../../arm-xilinx-eabi/bin/ld.exe: cannot find -lxil
collect2.exe: error: ld returned 1 exit status
make: *** [zyboApp.elf] Error 1
16:54:38 **** Build of project standalone_bsp_0 ****
make -k all 
"Running Make include in ps7_cortexa9_0/libsrc/coresightps_dcc_v1_2/src"
make -C ps7_cortexa9_0/libsrc/coresightps_dcc_v1_2/src -s include  "SHELL=CMD" "COMPILER=arm-xilinx-eabi-gcc" "ARCHIVER=arm-xilinx-eabi-ar" "COMPILER_FLAGS=  -O2 -c" "EXTRA_COMPILER_FLAGS=-g"
"Running Make include in ps7_cortexa9_0/libsrc/cpu_cortexa9_v2_1/src"
make -C ps7_cortexa9_0/libsrc/cpu_cortexa9_v2_1/src -s include  "SHELL=CMD" "COMPILER=arm-xilinx-eabi-gcc" "ARCHIVER=arm-xilinx-eabi-ar" "COMPILER_FLAGS=  -O2 -c" "EXTRA_COMPILER_FLAGS=-g"
"Running Make include in ps7_cortexa9_0/libsrc/ddrps_v1_0/src"
make -C ps7_cortexa9_0/libsrc/ddrps_v1_0/src -s include  "SHELL=CMD" "COMPILER=arm-xilinx-eabi-gcc" "ARCHIVER=arm-xilinx-eabi-ar" "COMPILER_FLAGS=  -O2 -c" "EXTRA_COMPILER_FLAGS=-g"
"Running Make include in ps7_cortexa9_0/libsrc/devcfg_v3_3/src"
make -C ps7_cortexa9_0/libsrc/devcfg_v3_3/src -s include  "SHELL=CMD" "COMPILER=arm-xilinx-eabi-gcc" "ARCHIVER=arm-xilinx-eabi-ar" "COMPILER_FLAGS=  -O2 -c" "EXTRA_COMPILER_FLAGS=-g"
"Running Make include in ps7_cortexa9_0/libsrc/dmaps_v2_1/src"
make -C ps7_cortexa9_0/libsrc/dmaps_v2_1/src -s include  "SHELL=CMD" "COMPILER=arm-xilinx-eabi-gcc" "ARCHIVER=arm-xilinx-eabi-ar" "COMPILER_FLAGS=  -O2 -c" "EXTRA_COMPILER_FLAGS=-g"
"Running Make include in ps7_cortexa9_0/libsrc/emacps_v3_1/src"
make -C ps7_cortexa9_0/libsrc/emacps_v3_1/src -s include  "SHELL=CMD" "COMPILER=arm-xilinx-eabi-gcc" "ARCHIVER=arm-xilinx-eabi-ar" "COMPILER_FLAGS=  -O2 -c" "EXTRA_COMPILER_FLAGS=-g"
"Running Make include in ps7_cortexa9_0/libsrc/gpio_v4_0/src"
make -C ps7_cortexa9_0/libsrc/gpio_v4_0/src -s include  "SHELL=CMD" "COMPILER=arm-xilinx-eabi-gcc" "ARCHIVER=arm-xilinx-eabi-ar" "COMPILER_FLAGS=  -O2 -c" "EXTRA_COMPILER_FLAGS=-g"
"Running Make include in ps7_cortexa9_0/libsrc/gpiops_v3_1/src"
make -C ps7_cortexa9_0/libsrc/gpiops_v3_1/src -s include  "SHELL=CMD" "COMPILER=arm-xilinx-eabi-gcc" "ARCHIVER=arm-xilinx-eabi-ar" "COMPILER_FLAGS=  -O2 -c" "EXTRA_COMPILER_FLAGS=-g"
"Running Make include in ps7_cortexa9_0/libsrc/qspips_v3_2/src"
make -C ps7_cortexa9_0/libsrc/qspips_v3_2/src -s include  "SHELL=CMD" "COMPILER=arm-xilinx-eabi-gcc" "ARCHIVER=arm-xilinx-eabi-ar" "COMPILER_FLAGS=  -O2 -c" "EXTRA_COMPILER_FLAGS=-g"
"Running Make include in ps7_cortexa9_0/libsrc/scugic_v3_1/src"
make -C ps7_cortexa9_0/libsrc/scugic_v3_1/src -s include  "SHELL=CMD" "COMPILER=arm-xilinx-eabi-gcc" "ARCHIVER=arm-xilinx-eabi-ar" "COMPILER_FLAGS=  -O2 -c" "EXTRA_COMPILER_FLAGS=-g"
"Running Make include in ps7_cortexa9_0/libsrc/scutimer_v2_1/src"
make -C ps7_cortexa9_0/libsrc/scutimer_v2_1/src -s include  "SHELL=CMD" "COMPILER=arm-xilinx-eabi-gcc" "ARCHIVER=arm-xilinx-eabi-ar" "COMPILER_FLAGS=  -O2 -c" "EXTRA_COMPILER_FLAGS=-g"
"Running Make include in ps7_cortexa9_0/libsrc/scuwdt_v2_1/src"
make -C ps7_cortexa9_0/libsrc/scuwdt_v2_1/src -s include  "SHELL=CMD" "COMPILER=arm-xilinx-eabi-gcc" "ARCHIVER=arm-xilinx-eabi-ar" "COMPILER_FLAGS=  -O2 -c" "EXTRA_COMPILER_FLAGS=-g"
"Running Make include in ps7_cortexa9_0/libsrc/sdps_v2_6/src"
make -C ps7_cortexa9_0/libsrc/sdps_v2_6/src -s include  "SHELL=CMD" "COMPILER=arm-xilinx-eabi-gcc" "ARCHIVER=arm-xilinx-eabi-ar" "COMPILER_FLAGS=  -O2 -c" "EXTRA_COMPILER_FLAGS=-g"
"Running Make include in ps7_cortexa9_0/libsrc/spi_v4_1/src"
make -C ps7_cortexa9_0/libsrc/spi_v4_1/src -s include  "SHELL=CMD" "COMPILER=arm-xilinx-eabi-gcc" "ARCHIVER=arm-xilinx-eabi-ar" "COMPILER_FLAGS=  -O2 -c" "EXTRA_COMPILER_FLAGS=-g"
"Running Make include in ps7_cortexa9_0/libsrc/standalone_v5_3/src"
make -C ps7_cortexa9_0/libsrc/standalone_v5_3/src -s include  "SHELL=CMD" "COMPILER=arm-xilinx-eabi-gcc" "ARCHIVER=arm-xilinx-eabi-ar" "COMPILER_FLAGS=  -O2 -c" "EXTRA_COMPILER_FLAGS=-g"
"Running Make include in ps7_cortexa9_0/libsrc/ttcps_v3_0/src"
make -C ps7_cortexa9_0/libsrc/ttcps_v3_0/src -s include  "SHELL=CMD" "COMPILER=arm-xilinx-eabi-gcc" "ARCHIVER=arm-xilinx-eabi-ar" "COMPILER_FLAGS=  -O2 -c" "EXTRA_COMPILER_FLAGS=-g"
"Running Make include in ps7_cortexa9_0/libsrc/uartps_v3_1/src"
make -C ps7_cortexa9_0/libsrc/uartps_v3_1/src -s include  "SHELL=CMD" "COMPILER=arm-xilinx-eabi-gcc" "ARCHIVER=arm-xilinx-eabi-ar" "COMPILER_FLAGS=  -O2 -c" "EXTRA_COMPILER_FLAGS=-g"
"Running Make include in ps7_cortexa9_0/libsrc/usbps_v2_2/src"
make -C ps7_cortexa9_0/libsrc/usbps_v2_2/src -s include  "SHELL=CMD" "COMPILER=arm-xilinx-eabi-gcc" "ARCHIVER=arm-xilinx-eabi-ar" "COMPILER_FLAGS=  -O2 -c" "EXTRA_COMPILER_FLAGS=-g"
"Running Make include in ps7_cortexa9_0/libsrc/xadcps_v2_2/src"
make -C ps7_cortexa9_0/libsrc/xadcps_v2_2/src -s include  "SHELL=CMD" "COMPILER=arm-xilinx-eabi-gcc" "ARCHIVER=arm-xilinx-eabi-ar" "COMPILER_FLAGS=  -O2 -c" "EXTRA_COMPILER_FLAGS=-g"
"Running Make include in ps7_cortexa9_0/libsrc/xilffs_v3_1/src"
make -C ps7_cortexa9_0/libsrc/xilffs_v3_1/src -s include  "SHELL=CMD" "COMPILER=arm-xilinx-eabi-gcc" "ARCHIVER=arm-xilinx-eabi-ar" "COMPILER_FLAGS=  -O2 -c" "EXTRA_COMPILER_FLAGS=-g"
"Running Make libs in ps7_cortexa9_0/libsrc/coresightps_dcc_v1_2/src"
make -C ps7_cortexa9_0/libsrc/coresightps_dcc_v1_2/src -s libs  "SHELL=CMD" "COMPILER=arm-xilinx-eabi-gcc" "ARCHIVER=arm-xilinx-eabi-ar" "COMPILER_FLAGS=  -O2 -c" "EXTRA_COMPILER_FLAGS=-g"
"Compiling coresightps_dcc"
arm-xilinx-eabi-ar: creating ../../../lib/libxil.a
"Running Make libs in ps7_cortexa9_0/libsrc/cpu_cortexa9_v2_1/src"
make -C ps7_cortexa9_0/libsrc/cpu_cortexa9_v2_1/src -s libs  "SHELL=CMD" "COMPILER=arm-xilinx-eabi-gcc" "ARCHIVER=arm-xilinx-eabi-ar" "COMPILER_FLAGS=  -O2 -c" "EXTRA_COMPILER_FLAGS=-g"
"Compiling cpu_cortexa9"
"Running Make libs in ps7_cortexa9_0/libsrc/ddrps_v1_0/src"
make -C ps7_cortexa9_0/libsrc/ddrps_v1_0/src -s libs  "SHELL=CMD" "COMPILER=arm-xilinx-eabi-gcc" "ARCHIVER=arm-xilinx-eabi-ar" "COMPILER_FLAGS=  -O2 -c" "EXTRA_COMPILER_FLAGS=-g"
"Compiling ddrps"
"Running Make libs in ps7_cortexa9_0/libsrc/devcfg_v3_3/src"
make -C ps7_cortexa9_0/libsrc/devcfg_v3_3/src -s libs  "SHELL=CMD" "COMPILER=arm-xilinx-eabi-gcc" "ARCHIVER=arm-xilinx-eabi-ar" "COMPILER_FLAGS=  -O2 -c" "EXTRA_COMPILER_FLAGS=-g"
"Compiling devcfg"
"Running Make libs in ps7_cortexa9_0/libsrc/dmaps_v2_1/src"
make -C ps7_cortexa9_0/libsrc/dmaps_v2_1/src -s libs  "SHELL=CMD" "COMPILER=arm-xilinx-eabi-gcc" "ARCHIVER=arm-xilinx-eabi-ar" "COMPILER_FLAGS=  -O2 -c" "EXTRA_COMPILER_FLAGS=-g"
"Compiling dmaps"
"Running Make libs in ps7_cortexa9_0/libsrc/emacps_v3_1/src"
make -C ps7_cortexa9_0/libsrc/emacps_v3_1/src -s libs  "SHELL=CMD" "COMPILER=arm-xilinx-eabi-gcc" "ARCHIVER=arm-xilinx-eabi-ar" "COMPILER_FLAGS=  -O2 -c" "EXTRA_COMPILER_FLAGS=-g"
"Compiling emacps"
"Running Make libs in ps7_cortexa9_0/libsrc/gpio_v4_0/src"
make -C ps7_cortexa9_0/libsrc/gpio_v4_0/src -s libs  "SHELL=CMD" "COMPILER=arm-xilinx-eabi-gcc" "ARCHIVER=arm-xilinx-eabi-ar" "COMPILER_FLAGS=  -O2 -c" "EXTRA_COMPILER_FLAGS=-g"
"Compiling gpio"
"Running Make libs in ps7_cortexa9_0/libsrc/gpiops_v3_1/src"
make -C ps7_cortexa9_0/libsrc/gpiops_v3_1/src -s libs  "SHELL=CMD" "COMPILER=arm-xilinx-eabi-gcc" "ARCHIVER=arm-xilinx-eabi-ar" "COMPILER_FLAGS=  -O2 -c" "EXTRA_COMPILER_FLAGS=-g"
"Compiling gpiops"
"Running Make libs in ps7_cortexa9_0/libsrc/qspips_v3_2/src"
make -C ps7_cortexa9_0/libsrc/qspips_v3_2/src -s libs  "SHELL=CMD" "COMPILER=arm-xilinx-eabi-gcc" "ARCHIVER=arm-xilinx-eabi-ar" "COMPILER_FLAGS=  -O2 -c" "EXTRA_COMPILER_FLAGS=-g"
"Compiling qspips"
"Running Make libs in ps7_cortexa9_0/libsrc/scugic_v3_1/src"
make -C ps7_cortexa9_0/libsrc/scugic_v3_1/src -s libs  "SHELL=CMD" "COMPILER=arm-xilinx-eabi-gcc" "ARCHIVER=arm-xilinx-eabi-ar" "COMPILER_FLAGS=  -O2 -c" "EXTRA_COMPILER_FLAGS=-g"
"Compiling scugic"
"Running Make libs in ps7_cortexa9_0/libsrc/scutimer_v2_1/src"
make -C ps7_cortexa9_0/libsrc/scutimer_v2_1/src -s libs  "SHELL=CMD" "COMPILER=arm-xilinx-eabi-gcc" "ARCHIVER=arm-xilinx-eabi-ar" "COMPILER_FLAGS=  -O2 -c" "EXTRA_COMPILER_FLAGS=-g"
"Compiling scutimer"
"Running Make libs in ps7_cortexa9_0/libsrc/scuwdt_v2_1/src"
make -C ps7_cortexa9_0/libsrc/scuwdt_v2_1/src -s libs  "SHELL=CMD" "COMPILER=arm-xilinx-eabi-gcc" "ARCHIVER=arm-xilinx-eabi-ar" "COMPILER_FLAGS=  -O2 -c" "EXTRA_COMPILER_FLAGS=-g"
"Compiling scuwdt"
"Running Make libs in ps7_cortexa9_0/libsrc/sdps_v2_6/src"
make -C ps7_cortexa9_0/libsrc/sdps_v2_6/src -s libs  "SHELL=CMD" "COMPILER=arm-xilinx-eabi-gcc" "ARCHIVER=arm-xilinx-eabi-ar" "COMPILER_FLAGS=  -O2 -c" "EXTRA_COMPILER_FLAGS=-g"
"Compiling sdps"
"Running Make libs in ps7_cortexa9_0/libsrc/spi_v4_1/src"
make -C ps7_cortexa9_0/libsrc/spi_v4_1/src -s libs  "SHELL=CMD" "COMPILER=arm-xilinx-eabi-gcc" "ARCHIVER=arm-xilinx-eabi-ar" "COMPILER_FLAGS=  -O2 -c" "EXTRA_COMPILER_FLAGS=-g"
"Compiling spi"
"Running Make libs in ps7_cortexa9_0/libsrc/standalone_v5_3/src"
make -C ps7_cortexa9_0/libsrc/standalone_v5_3/src -s libs  "SHELL=CMD" "COMPILER=arm-xilinx-eabi-gcc" "ARCHIVER=arm-xilinx-eabi-ar" "COMPILER_FLAGS=  -O2 -c" "EXTRA_COMPILER_FLAGS=-g"
"Compiling standalone"
"Running Make libs in ps7_cortexa9_0/libsrc/ttcps_v3_0/src"
make -C ps7_cortexa9_0/libsrc/ttcps_v3_0/src -s libs  "SHELL=CMD" "COMPILER=arm-xilinx-eabi-gcc" "ARCHIVER=arm-xilinx-eabi-ar" "COMPILER_FLAGS=  -O2 -c" "EXTRA_COMPILER_FLAGS=-g"
"Compiling ttcps"
"Running Make libs in ps7_cortexa9_0/libsrc/uartps_v3_1/src"
make -C ps7_cortexa9_0/libsrc/uartps_v3_1/src -s libs  "SHELL=CMD" "COMPILER=arm-xilinx-eabi-gcc" "ARCHIVER=arm-xilinx-eabi-ar" "COMPILER_FLAGS=  -O2 -c" "EXTRA_COMPILER_FLAGS=-g"
"Compiling uartps"
"Running Make libs in ps7_cortexa9_0/libsrc/usbps_v2_2/src"
make -C ps7_cortexa9_0/libsrc/usbps_v2_2/src -s libs  "SHELL=CMD" "COMPILER=arm-xilinx-eabi-gcc" "ARCHIVER=arm-xilinx-eabi-ar" "COMPILER_FLAGS=  -O2 -c" "EXTRA_COMPILER_FLAGS=-g"
"Compiling usbps"
"Running Make libs in ps7_cortexa9_0/libsrc/xadcps_v2_2/src"
make -C ps7_cortexa9_0/libsrc/xadcps_v2_2/src -s libs  "SHELL=CMD" "COMPILER=arm-xilinx-eabi-gcc" "ARCHIVER=arm-xilinx-eabi-ar" "COMPILER_FLAGS=  -O2 -c" "EXTRA_COMPILER_FLAGS=-g"
"Compiling xadcps"
"Running Make libs in ps7_cortexa9_0/libsrc/xilffs_v3_1/src"
make -C ps7_cortexa9_0/libsrc/xilffs_v3_1/src -s libs  "SHELL=CMD" "COMPILER=arm-xilinx-eabi-gcc" "ARCHIVER=arm-xilinx-eabi-ar" "COMPILER_FLAGS=  -O2 -c" "EXTRA_COMPILER_FLAGS=-g"
"Compiling XilFFs Library"
'Finished building libraries'
16:55:04 **** Clean-only build of configuration Debug for project zyboApp ****
make clean 
rm -rf  ./src/main.d  ./src/Screen/ScrBatIntSett.o ./src/Screen/ScrImpCurSett.o ./src/Screen/ScrImpGraph.o ./src/Screen/ScrImpIntSett.o ./src/Screen/ScrIncFrecSett.o ./src/Screen/ScrIncNumSett.o ./src/Screen/ScrSettings.o ./src/Screen/ScrStartFreqSett.o ./src/Screen/ScrSweepSettings.o ./src/Screen/ScrTempHumBat.o ./src/Screen/ScrTempHumSett.o  ./src/RF/mrf24j.o  ./src/OLED/ChrFont0.o ./src/OLED/FillPat.o ./src/OLED/OLED.o ./src/OLED/OledChar.o ./src/OLED/OledDriver.o ./src/OLED/OledGrph.o  ./src/main.o ./src/platform.o ./src/sd.o  ./src/platform.d  ./src/Screen/ScrBatIntSett.d ./src/Screen/ScrImpCurSett.d ./src/Screen/ScrImpGraph.d ./src/Screen/ScrImpIntSett.d ./src/Screen/ScrIncFrecSett.d ./src/Screen/ScrIncNumSett.d ./src/Screen/ScrSettings.d ./src/Screen/ScrStartFreqSett.d ./src/Screen/ScrSweepSettings.d ./src/Screen/ScrTempHumBat.d ./src/Screen/ScrTempHumSett.d  ./src/RF/mrf24j.d  ./src/OLED/ChrFont0.d ./src/OLED/FillPat.d ./src/OLED/OLED.d ./src/OLED/OledChar.d ./src/OLED/OledDriver.d ./src/OLED/OledGrph.d  ./src/sd.d  zyboApp.elf.size  zyboApp.elf
' '
16:55:04 **** Auto Build of configuration Debug for project zyboApp ****
make all 
'Building file: ../src/Screen/ScrBatIntSett.cpp'
'Invoking: ARM g++ compiler'
arm-xilinx-eabi-g++ -Wall -O0 -g3 -I../../standalone_bsp_0/ps7_cortexa9_0/include -I../inc -I../../standalone_bsp_0/ps7_cortexa9_0/libsrc/xilffs_v3_1/src/include -c -fmessage-length=0 -MT"src/Screen/ScrBatIntSett.o" -I../../standalone_bsp_0/ps7_cortexa9_0/include -MMD -MP -MF"src/Screen/ScrBatIntSett.d" -MT"src/Screen/ScrBatIntSett.d" -o "src/Screen/ScrBatIntSett.o" "../src/Screen/ScrBatIntSett.cpp"
'Finished building: ../src/Screen/ScrBatIntSett.cpp'
' '
'Building file: ../src/Screen/ScrImpCurSett.cpp'
'Invoking: ARM g++ compiler'
arm-xilinx-eabi-g++ -Wall -O0 -g3 -I../../standalone_bsp_0/ps7_cortexa9_0/include -I../inc -I../../standalone_bsp_0/ps7_cortexa9_0/libsrc/xilffs_v3_1/src/include -c -fmessage-length=0 -MT"src/Screen/ScrImpCurSett.o" -I../../standalone_bsp_0/ps7_cortexa9_0/include -MMD -MP -MF"src/Screen/ScrImpCurSett.d" -MT"src/Screen/ScrImpCurSett.d" -o "src/Screen/ScrImpCurSett.o" "../src/Screen/ScrImpCurSett.cpp"
../src/Screen/ScrImpCurSett.cpp: In member function 'virtual void ScrImpCurSett::printData()':
../src/Screen/ScrImpCurSett.cpp:42:27: warning: deprecated conversion from string constant to 'char*' [-Wwrite-strings]
  OLED.putString("Curr seT");
                           ^
'Finished building: ../src/Screen/ScrImpCurSett.cpp'
' '
'Building file: ../src/Screen/ScrImpGraph.cpp'
'Invoking: ARM g++ compiler'
arm-xilinx-eabi-g++ -Wall -O0 -g3 -I../../standalone_bsp_0/ps7_cortexa9_0/include -I../inc -I../../standalone_bsp_0/ps7_cortexa9_0/libsrc/xilffs_v3_1/src/include -c -fmessage-length=0 -MT"src/Screen/ScrImpGraph.o" -I../../standalone_bsp_0/ps7_cortexa9_0/include -MMD -MP -MF"src/Screen/ScrImpGraph.d" -MT"src/Screen/ScrImpGraph.d" -o "src/Screen/ScrImpGraph.o" "../src/Screen/ScrImpGraph.cpp"
../src/Screen/ScrImpGraph.cpp:15:18: warning: extra tokens at end of #include directive
 #include <vector>;
                  ^
../src/Screen/ScrImpGraph.cpp: In member function 'virtual void ScrImpGraph::printData()':
../src/Screen/ScrImpGraph.cpp:69:36: warning: deprecated conversion from string constant to 'char*' [-Wwrite-strings]
    OLED.putString("Error impedance");
                                    ^
../src/Screen/ScrImpGraph.cpp:71:37: warning: deprecated conversion from string constant to 'char*' [-Wwrite-strings]
    OLED.putString("Check the sensor");
                                     ^
../src/Screen/ScrImpGraph.cpp:77:21: warning: comparison between signed and unsigned integer expressions [-Wsign-compare]
    for(int i = 0; i < firstImpedanceValues.size()-1; i++)
                     ^
../src/Screen/ScrImpGraph.cpp:91:32: warning: deprecated conversion from string constant to 'char*' [-Wwrite-strings]
   OLED.putString("No impedance");
                                ^
'Finished building: ../src/Screen/ScrImpGraph.cpp'
' '
'Building file: ../src/Screen/ScrImpIntSett.cpp'
'Invoking: ARM g++ compiler'
arm-xilinx-eabi-g++ -Wall -O0 -g3 -I../../standalone_bsp_0/ps7_cortexa9_0/include -I../inc -I../../standalone_bsp_0/ps7_cortexa9_0/libsrc/xilffs_v3_1/src/include -c -fmessage-length=0 -MT"src/Screen/ScrImpIntSett.o" -I../../standalone_bsp_0/ps7_cortexa9_0/include -MMD -MP -MF"src/Screen/ScrImpIntSett.d" -MT"src/Screen/ScrImpIntSett.d" -o "src/Screen/ScrImpIntSett.o" "../src/Screen/ScrImpIntSett.cpp"
'Finished building: ../src/Screen/ScrImpIntSett.cpp'
' '
'Building file: ../src/Screen/ScrIncFrecSett.cpp'
'Invoking: ARM g++ compiler'
arm-xilinx-eabi-g++ -Wall -O0 -g3 -I../../standalone_bsp_0/ps7_cortexa9_0/include -I../inc -I../../standalone_bsp_0/ps7_cortexa9_0/libsrc/xilffs_v3_1/src/include -c -fmessage-length=0 -MT"src/Screen/ScrIncFrecSett.o" -I../../standalone_bsp_0/ps7_cortexa9_0/include -MMD -MP -MF"src/Screen/ScrIncFrecSett.d" -MT"src/Screen/ScrIncFrecSett.d" -o "src/Screen/ScrIncFrecSett.o" "../src/Screen/ScrIncFrecSett.cpp"
'Finished building: ../src/Screen/ScrIncFrecSett.cpp'
' '
'Building file: ../src/Screen/ScrIncNumSett.cpp'
'Invoking: ARM g++ compiler'
arm-xilinx-eabi-g++ -Wall -O0 -g3 -I../../standalone_bsp_0/ps7_cortexa9_0/include -I../inc -I../../standalone_bsp_0/ps7_cortexa9_0/libsrc/xilffs_v3_1/src/include -c -fmessage-length=0 -MT"src/Screen/ScrIncNumSett.o" -I../../standalone_bsp_0/ps7_cortexa9_0/include -MMD -MP -MF"src/Screen/ScrIncNumSett.d" -MT"src/Screen/ScrIncNumSett.d" -o "src/Screen/ScrIncNumSett.o" "../src/Screen/ScrIncNumSett.cpp"
'Finished building: ../src/Screen/ScrIncNumSett.cpp'
' '
'Building file: ../src/Screen/ScrSettings.cpp'
'Invoking: ARM g++ compiler'
arm-xilinx-eabi-g++ -Wall -O0 -g3 -I../../standalone_bsp_0/ps7_cortexa9_0/include -I../inc -I../../standalone_bsp_0/ps7_cortexa9_0/libsrc/xilffs_v3_1/src/include -c -fmessage-length=0 -MT"src/Screen/ScrSettings.o" -I../../standalone_bsp_0/ps7_cortexa9_0/include -MMD -MP -MF"src/Screen/ScrSettings.d" -MT"src/Screen/ScrSettings.d" -o "src/Screen/ScrSettings.o" "../src/Screen/ScrSettings.cpp"
../src/Screen/ScrSettings.cpp: In member function 'virtual void ScrSettings::printData()':
../src/Screen/ScrSettings.cpp:43:35: warning: deprecated conversion from string constant to 'char*' [-Wwrite-strings]
   OLED.putString("settings screen");
                                   ^
'Finished building: ../src/Screen/ScrSettings.cpp'
' '
'Building file: ../src/Screen/ScrStartFreqSett.cpp'
'Invoking: ARM g++ compiler'
arm-xilinx-eabi-g++ -Wall -O0 -g3 -I../../standalone_bsp_0/ps7_cortexa9_0/include -I../inc -I../../standalone_bsp_0/ps7_cortexa9_0/libsrc/xilffs_v3_1/src/include -c -fmessage-length=0 -MT"src/Screen/ScrStartFreqSett.o" -I../../standalone_bsp_0/ps7_cortexa9_0/include -MMD -MP -MF"src/Screen/ScrStartFreqSett.d" -MT"src/Screen/ScrStartFreqSett.d" -o "src/Screen/ScrStartFreqSett.o" "../src/Screen/ScrStartFreqSett.cpp"
'Finished building: ../src/Screen/ScrStartFreqSett.cpp'
' '
'Building file: ../src/Screen/ScrSweepSettings.cpp'
'Invoking: ARM g++ compiler'
arm-xilinx-eabi-g++ -Wall -O0 -g3 -I../../standalone_bsp_0/ps7_cortexa9_0/include -I../inc -I../../standalone_bsp_0/ps7_cortexa9_0/libsrc/xilffs_v3_1/src/include -c -fmessage-length=0 -MT"src/Screen/ScrSweepSettings.o" -I../../standalone_bsp_0/ps7_cortexa9_0/include -MMD -MP -MF"src/Screen/ScrSweepSettings.d" -MT"src/Screen/ScrSweepSettings.d" -o "src/Screen/ScrSweepSettings.o" "../src/Screen/ScrSweepSettings.cpp"
'Finished building: ../src/Screen/ScrSweepSettings.cpp'
' '
'Building file: ../src/Screen/ScrTempHumBat.cpp'
'Invoking: ARM g++ compiler'
arm-xilinx-eabi-g++ -Wall -O0 -g3 -I../../standalone_bsp_0/ps7_cortexa9_0/include -I../inc -I../../standalone_bsp_0/ps7_cortexa9_0/libsrc/xilffs_v3_1/src/include -c -fmessage-length=0 -MT"src/Screen/ScrTempHumBat.o" -I../../standalone_bsp_0/ps7_cortexa9_0/include -MMD -MP -MF"src/Screen/ScrTempHumBat.d" -MT"src/Screen/ScrTempHumBat.d" -o "src/Screen/ScrTempHumBat.o" "../src/Screen/ScrTempHumBat.cpp"
../src/Screen/ScrTempHumBat.cpp: In member function 'virtual void ScrTempHumBat::printData()':
../src/Screen/ScrTempHumBat.cpp:42:31: warning: deprecated conversion from string constant to 'char*' [-Wwrite-strings]
   OLED.putString("temp screen");
                               ^
'Finished building: ../src/Screen/ScrTempHumBat.cpp'
' '
'Building file: ../src/Screen/ScrTempHumSett.cpp'
'Invoking: ARM g++ compiler'
arm-xilinx-eabi-g++ -Wall -O0 -g3 -I../../standalone_bsp_0/ps7_cortexa9_0/include -I../inc -I../../standalone_bsp_0/ps7_cortexa9_0/libsrc/xilffs_v3_1/src/include -c -fmessage-length=0 -MT"src/Screen/ScrTempHumSett.o" -I../../standalone_bsp_0/ps7_cortexa9_0/include -MMD -MP -MF"src/Screen/ScrTempHumSett.d" -MT"src/Screen/ScrTempHumSett.d" -o "src/Screen/ScrTempHumSett.o" "../src/Screen/ScrTempHumSett.cpp"
'Finished building: ../src/Screen/ScrTempHumSett.cpp'
' '
'Building file: ../src/RF/mrf24j.cpp'
'Invoking: ARM g++ compiler'
arm-xilinx-eabi-g++ -Wall -O0 -g3 -I../../standalone_bsp_0/ps7_cortexa9_0/include -I../inc -I../../standalone_bsp_0/ps7_cortexa9_0/libsrc/xilffs_v3_1/src/include -c -fmessage-length=0 -MT"src/RF/mrf24j.o" -I../../standalone_bsp_0/ps7_cortexa9_0/include -MMD -MP -MF"src/RF/mrf24j.d" -MT"src/RF/mrf24j.d" -o "src/RF/mrf24j.o" "../src/RF/mrf24j.cpp"
../src/RF/mrf24j.cpp: In member function 'bool Mrf24j::checkIntFlag()':
../src/RF/mrf24j.cpp:78:6: warning: unused variable 'gpioReg' [-Wunused-variable]
  int gpioReg = XGpio_DiscreteRead(&gpioInstance, 1);
      ^
../src/RF/mrf24j.cpp: In member function 'void Mrf24j::write_short(uint8_t, uint8_t)':
../src/RF/mrf24j.cpp:225:9: warning: unused variable 'status' [-Wunused-variable]
     int status = XSpi_Transfer( &MSpiInstance, &data, &rgbRx, sizeof(uint8_t) );
         ^
../src/RF/mrf24j.cpp: In member function 'void Mrf24j::init()':
../src/RF/mrf24j.cpp:337:13: warning: unused variable 'regi' [-Wunused-variable]
     uint8_t regi = read_long(MRF_SLPCON0);
             ^
'Finished building: ../src/RF/mrf24j.cpp'
' '
'Building file: ../src/OLED/ChrFont0.cpp'
'Invoking: ARM g++ compiler'
arm-xilinx-eabi-g++ -Wall -O0 -g3 -I../../standalone_bsp_0/ps7_cortexa9_0/include -I../inc -I../../standalone_bsp_0/ps7_cortexa9_0/libsrc/xilffs_v3_1/src/include -c -fmessage-length=0 -MT"src/OLED/ChrFont0.o" -I../../standalone_bsp_0/ps7_cortexa9_0/include -MMD -MP -MF"src/OLED/ChrFont0.d" -MT"src/OLED/ChrFont0.d" -o "src/OLED/ChrFont0.o" "../src/OLED/ChrFont0.cpp"
'Finished building: ../src/OLED/ChrFont0.cpp'
' '
'Building file: ../src/OLED/FillPat.cpp'
'Invoking: ARM g++ compiler'
arm-xilinx-eabi-g++ -Wall -O0 -g3 -I../../standalone_bsp_0/ps7_cortexa9_0/include -I../inc -I../../standalone_bsp_0/ps7_cortexa9_0/libsrc/xilffs_v3_1/src/include -c -fmessage-length=0 -MT"src/OLED/FillPat.o" -I../../standalone_bsp_0/ps7_cortexa9_0/include -MMD -MP -MF"src/OLED/FillPat.d" -MT"src/OLED/FillPat.d" -o "src/OLED/FillPat.o" "../src/OLED/FillPat.cpp"
'Finished building: ../src/OLED/FillPat.cpp'
' '
'Building file: ../src/OLED/OLED.cpp'
'Invoking: ARM g++ compiler'
arm-xilinx-eabi-g++ -Wall -O0 -g3 -I../../standalone_bsp_0/ps7_cortexa9_0/include -I../inc -I../../standalone_bsp_0/ps7_cortexa9_0/libsrc/xilffs_v3_1/src/include -c -fmessage-length=0 -MT"src/OLED/OLED.o" -I../../standalone_bsp_0/ps7_cortexa9_0/include -MMD -MP -MF"src/OLED/OLED.d" -MT"src/OLED/OLED.d" -o "src/OLED/OLED.o" "../src/OLED/OLED.cpp"
'Finished building: ../src/OLED/OLED.cpp'
' '
'Building file: ../src/OLED/OledChar.cpp'
'Invoking: ARM g++ compiler'
arm-xilinx-eabi-g++ -Wall -O0 -g3 -I../../standalone_bsp_0/ps7_cortexa9_0/include -I../inc -I../../standalone_bsp_0/ps7_cortexa9_0/libsrc/xilffs_v3_1/src/include -c -fmessage-length=0 -MT"src/OLED/OledChar.o" -I../../standalone_bsp_0/ps7_cortexa9_0/include -MMD -MP -MF"src/OLED/OledChar.d" -MT"src/OLED/OledChar.d" -o "src/OLED/OledChar.o" "../src/OLED/OledChar.cpp"
'Finished building: ../src/OLED/OledChar.cpp'
' '
'Building file: ../src/OLED/OledDriver.cpp'
'Invoking: ARM g++ compiler'
arm-xilinx-eabi-g++ -Wall -O0 -g3 -I../../standalone_bsp_0/ps7_cortexa9_0/include -I../inc -I../../standalone_bsp_0/ps7_cortexa9_0/libsrc/xilffs_v3_1/src/include -c -fmessage-length=0 -MT"src/OLED/OledDriver.o" -I../../standalone_bsp_0/ps7_cortexa9_0/include -MMD -MP -MF"src/OLED/OledDriver.d" -MT"src/OLED/OledDriver.d" -o "src/OLED/OledDriver.o" "../src/OLED/OledDriver.cpp"
../src/OLED/OledDriver.cpp:37:1: warning: "/*" within comment [-Wcomment]
 /* 22/02/2016(EusebiuB): adapted library to work on Zybo    */
 ^
../src/OLED/OledDriver.cpp: In function 'void OledHostInit()':
../src/OLED/OledDriver.cpp:282:6: warning: variable 'slaveReg' set but not used [-Wunused-but-set-variable]
  u32 slaveReg = XSpi_GetSlaveSelectReg(&SpiInstance);
      ^
'Finished building: ../src/OLED/OledDriver.cpp'
' '
'Building file: ../src/OLED/OledGrph.cpp'
'Invoking: ARM g++ compiler'
[...]
' '
22:34:21 **** Incremental Build of configuration Debug for project zyboApp ****
make all 
make: Nothing to be done for `all'.
22:34:58 **** Incremental Build of configuration Debug for project zyboApp ****
make all 
make: Nothing to be done for `all'.
22:35:10 **** Auto Build of configuration Debug for project zyboApp ****
make all 
'Building file: ../src/main.cc'
'Invoking: ARM g++ compiler'
arm-xilinx-eabi-g++ -Wall -O0 -g3 -I../../standalone_bsp_0/ps7_cortexa9_0/include -I../inc -I../../standalone_bsp_0/ps7_cortexa9_0/libsrc/xilffs_v3_1/src/include -c -fmessage-length=0 -MT"src/main.o" -I../../standalone_bsp_0/ps7_cortexa9_0/include -MMD -MP -MF"src/main.d" -MT"src/main.d" -o "src/main.o" "../src/main.cc"
../src/main.cc: In function 'int main()':
../src/main.cc:250:42: error: void value not ignored as it ought to be
     screens[currentScreen]->sendChScrCmd()();
                                          ^
make: *** [src/main.o] Error 1
22:35:12 **** Auto Build of configuration Debug for project zyboApp ****
make all 
'Building file: ../src/main.cc'
'Invoking: ARM g++ compiler'
arm-xilinx-eabi-g++ -Wall -O0 -g3 -I../../standalone_bsp_0/ps7_cortexa9_0/include -I../inc -I../../standalone_bsp_0/ps7_cortexa9_0/libsrc/xilffs_v3_1/src/include -c -fmessage-length=0 -MT"src/main.o" -I../../standalone_bsp_0/ps7_cortexa9_0/include -MMD -MP -MF"src/main.d" -MT"src/main.d" -o "src/main.o" "../src/main.cc"
'Finished building: ../src/main.cc'
' '
'Building target: zyboApp.elf'
'Invoking: ARM g++ linker'
arm-xilinx-eabi-g++ -Wl,-T -Wl,../src/lscript.ld -L../../standalone_bsp_0/ps7_cortexa9_0/lib -o "zyboApp.elf"  ./src/Screen/ScrBatIntSett.o ./src/Screen/ScrImpCurSett.o ./src/Screen/ScrImpGraph.o ./src/Screen/ScrImpIntSett.o ./src/Screen/ScrIncFrecSett.o ./src/Screen/ScrIncNumSett.o ./src/Screen/ScrSettings.o ./src/Screen/ScrStartFreqSett.o ./src/Screen/ScrSweepSettings.o ./src/Screen/ScrTempHumBat.o ./src/Screen/ScrTempHumSett.o ./src/Screen/Screens.o  ./src/RF/mrf24j.o  ./src/OLED/ChrFont0.o ./src/OLED/FillPat.o ./src/OLED/OLED.o ./src/OLED/OledChar.o ./src/OLED/OledDriver.o ./src/OLED/OledGrph.o  ./src/main.o ./src/platform.o ./src/sd.o   -Wl,--start-group,-lxil,-lgcc,-lc,-lstdc++,--end-group -Wl,--start-group,-lxilffs,-lxil,-lgcc,-lc,--end-group
'Finished building target: zyboApp.elf'
' '
'Invoking: ARM Print Size'
arm-xilinx-eabi-size zyboApp.elf  |tee "zyboApp.elf.size"
   text	   data	    bss	    dec	    hex	filename
 606444	   3520	  35712	 645676	  9da2c	zyboApp.elf
'Finished building: zyboApp.elf.size'
' '
22:35:14 **** Incremental Build of configuration Debug for project zyboApp ****
make all 
make: Nothing to be done for `all'.
22:37:57 **** Auto Build of configuration Debug for project zyboApp ****
make all 
'Building file: ../src/main.cc'
'Invoking: ARM g++ compiler'
arm-xilinx-eabi-g++ -Wall -O0 -g3 -I../../standalone_bsp_0/ps7_cortexa9_0/include -I../inc -I../../standalone_bsp_0/ps7_cortexa9_0/libsrc/xilffs_v3_1/src/include -c -fmessage-length=0 -MT"src/main.o" -I../../standalone_bsp_0/ps7_cortexa9_0/include -MMD -MP -MF"src/main.d" -MT"src/main.d" -o "src/main.o" "../src/main.cc"
'Finished building: ../src/main.cc'
' '
'Building target: zyboApp.elf'
'Invoking: ARM g++ linker'
arm-xilinx-eabi-g++ -Wl,-T -Wl,../src/lscript.ld -L../../standalone_bsp_0/ps7_cortexa9_0/lib -o "zyboApp.elf"  ./src/Screen/ScrBatIntSett.o ./src/Screen/ScrImpCurSett.o ./src/Screen/ScrImpGraph.o ./src/Screen/ScrImpIntSett.o ./src/Screen/ScrIncFrecSett.o ./src/Screen/ScrIncNumSett.o ./src/Screen/ScrSettings.o ./src/Screen/ScrStartFreqSett.o ./src/Screen/ScrSweepSettings.o ./src/Screen/ScrTempHumBat.o ./src/Screen/ScrTempHumSett.o ./src/Screen/Screens.o  ./src/RF/mrf24j.o  ./src/OLED/ChrFont0.o ./src/OLED/FillPat.o ./src/OLED/OLED.o ./src/OLED/OledChar.o ./src/OLED/OledDriver.o ./src/OLED/OledGrph.o  ./src/main.o ./src/platform.o ./src/sd.o   -Wl,--start-group,-lxil,-lgcc,-lc,-lstdc++,--end-group -Wl,--start-group,-lxilffs,-lxil,-lgcc,-lc,--end-group
'Finished building target: zyboApp.elf'
' '
'Invoking: ARM Print Size'
arm-xilinx-eabi-size zyboApp.elf  |tee "zyboApp.elf.size"
   text	   data	    bss	    dec	    hex	filename
 606444	   3520	  35712	 645676	  9da2c	zyboApp.elf
'Finished building: zyboApp.elf.size'
' '
22:40:12 **** Auto Build of configuration Debug for project zyboApp ****
make all 
'Building file: ../src/main.cc'
'Invoking: ARM g++ compiler'
arm-xilinx-eabi-g++ -Wall -O0 -g3 -I../../standalone_bsp_0/ps7_cortexa9_0/include -I../inc -I../../standalone_bsp_0/ps7_cortexa9_0/libsrc/xilffs_v3_1/src/include -c -fmessage-length=0 -MT"src/main.o" -I../../standalone_bsp_0/ps7_cortexa9_0/include -MMD -MP -MF"src/main.d" -MT"src/main.d" -o "src/main.o" "../src/main.cc"
'Finished building: ../src/main.cc'
' '
'Building target: zyboApp.elf'
'Invoking: ARM g++ linker'
arm-xilinx-eabi-g++ -Wl,-T -Wl,../src/lscript.ld -L../../standalone_bsp_0/ps7_cortexa9_0/lib -o "zyboApp.elf"  ./src/Screen/ScrBatIntSett.o ./src/Screen/ScrImpCurSett.o ./src/Screen/ScrImpGraph.o ./src/Screen/ScrImpIntSett.o ./src/Screen/ScrIncFrecSett.o ./src/Screen/ScrIncNumSett.o ./src/Screen/ScrSettings.o ./src/Screen/ScrStartFreqSett.o ./src/Screen/ScrSweepSettings.o ./src/Screen/ScrTempHumBat.o ./src/Screen/ScrTempHumSett.o ./src/Screen/Screens.o  ./src/RF/mrf24j.o  ./src/OLED/ChrFont0.o ./src/OLED/FillPat.o ./src/OLED/OLED.o ./src/OLED/OledChar.o ./src/OLED/OledDriver.o ./src/OLED/OledGrph.o  ./src/main.o ./src/platform.o ./src/sd.o   -Wl,--start-group,-lxil,-lgcc,-lc,-lstdc++,--end-group -Wl,--start-group,-lxilffs,-lxil,-lgcc,-lc,--end-group
'Finished building target: zyboApp.elf'
' '
'Invoking: ARM Print Size'
arm-xilinx-eabi-size zyboApp.elf  |tee "zyboApp.elf.size"
   text	   data	    bss	    dec	    hex	filename
 606444	   3520	  35712	 645676	  9da2c	zyboApp.elf
'Finished building: zyboApp.elf.size'
' '
22:42:16 **** Auto Build of configuration Debug for project zyboApp ****
make all 
'Building file: ../src/main.cc'
'Invoking: ARM g++ compiler'
arm-xilinx-eabi-g++ -Wall -O0 -g3 -I../../standalone_bsp_0/ps7_cortexa9_0/include -I../inc -I../../standalone_bsp_0/ps7_cortexa9_0/libsrc/xilffs_v3_1/src/include -c -fmessage-length=0 -MT"src/main.o" -I../../standalone_bsp_0/ps7_cortexa9_0/include -MMD -MP -MF"src/main.d" -MT"src/main.d" -o "src/main.o" "../src/main.cc"
'Finished building: ../src/main.cc'
' '
'Building target: zyboApp.elf'
'Invoking: ARM g++ linker'
arm-xilinx-eabi-g++ -Wl,-T -Wl,../src/lscript.ld -L../../standalone_bsp_0/ps7_cortexa9_0/lib -o "zyboApp.elf"  ./src/Screen/ScrBatIntSett.o ./src/Screen/ScrImpCurSett.o ./src/Screen/ScrImpGraph.o ./src/Screen/ScrImpIntSett.o ./src/Screen/ScrIncFrecSett.o ./src/Screen/ScrIncNumSett.o ./src/Screen/ScrSettings.o ./src/Screen/ScrStartFreqSett.o ./src/Screen/ScrSweepSettings.o ./src/Screen/ScrTempHumBat.o ./src/Screen/ScrTempHumSett.o ./src/Screen/Screens.o  ./src/RF/mrf24j.o  ./src/OLED/ChrFont0.o ./src/OLED/FillPat.o ./src/OLED/OLED.o ./src/OLED/OledChar.o ./src/OLED/OledDriver.o ./src/OLED/OledGrph.o  ./src/main.o ./src/platform.o ./src/sd.o   -Wl,--start-group,-lxil,-lgcc,-lc,-lstdc++,--end-group -Wl,--start-group,-lxilffs,-lxil,-lgcc,-lc,--end-group
'Finished building target: zyboApp.elf'
' '
'Invoking: ARM Print Size'
arm-xilinx-eabi-size zyboApp.elf  |tee "zyboApp.elf.size"
   text	   data	    bss	    dec	    hex	filename
 606572	   3520	  35712	 645804	  9daac	zyboApp.elf
'Finished building: zyboApp.elf.size'
' '
22:44:12 **** Auto Build of configuration Debug for project zyboApp ****
make all 
'Building file: ../src/main.cc'
'Invoking: ARM g++ compiler'
arm-xilinx-eabi-g++ -Wall -O0 -g3 -I../../standalone_bsp_0/ps7_cortexa9_0/include -I../inc -I../../standalone_bsp_0/ps7_cortexa9_0/libsrc/xilffs_v3_1/src/include -c -fmessage-length=0 -MT"src/main.o" -I../../standalone_bsp_0/ps7_cortexa9_0/include -MMD -MP -MF"src/main.d" -MT"src/main.d" -o "src/main.o" "../src/main.cc"
../src/main.cc: In function 'int main()':
../src/main.cc:266:22: warning: comparison between signed and unsigned integer expressions [-Wsign-compare]
     if(currentScreen == screens.size() - 1)
                      ^
../src/main.cc:274:22: warning: comparison between signed and unsigned integer expressions [-Wsign-compare]
     if(currentScreen == screens.size() - 1)
                      ^
'Finished building: ../src/main.cc'
' '
'Building target: zyboApp.elf'
'Invoking: ARM g++ linker'
arm-xilinx-eabi-g++ -Wl,-T -Wl,../src/lscript.ld -L../../standalone_bsp_0/ps7_cortexa9_0/lib -o "zyboApp.elf"  ./src/Screen/ScrBatIntSett.o ./src/Screen/ScrImpCurSett.o ./src/Screen/ScrImpGraph.o ./src/Screen/ScrImpIntSett.o ./src/Screen/ScrIncFrecSett.o ./src/Screen/ScrIncNumSett.o ./src/Screen/ScrSettings.o ./src/Screen/ScrStartFreqSett.o ./src/Screen/ScrSweepSettings.o ./src/Screen/ScrTempHumBat.o ./src/Screen/ScrTempHumSett.o ./src/Screen/Screens.o  ./src/RF/mrf24j.o  ./src/OLED/ChrFont0.o ./src/OLED/FillPat.o ./src/OLED/OLED.o ./src/OLED/OledChar.o ./src/OLED/OledDriver.o ./src/OLED/OledGrph.o  ./src/main.o ./src/platform.o ./src/sd.o   -Wl,--start-group,-lxil,-lgcc,-lc,-lstdc++,--end-group -Wl,--start-group,-lxilffs,-lxil,-lgcc,-lc,--end-group
'Finished building target: zyboApp.elf'
' '
'Invoking: ARM Print Size'
arm-xilinx-eabi-size zyboApp.elf  |tee "zyboApp.elf.size"
   text	   data	    bss	    dec	    hex	filename
 606764	   3520	  35712	 645996	  9db6c	zyboApp.elf
'Finished building: zyboApp.elf.size'
' '
22:44:31 **** Incremental Build of configuration Debug for project zyboApp ****
make all 
make: Nothing to be done for `all'.
22:50:58 **** Auto Build of configuration Debug for project zyboApp ****
make all 
'Building file: ../src/main.cc'
'Invoking: ARM g++ compiler'
arm-xilinx-eabi-g++ -Wall -O0 -g3 -I../../standalone_bsp_0/ps7_cortexa9_0/include -I../inc -I../../standalone_bsp_0/ps7_cortexa9_0/libsrc/xilffs_v3_1/src/include -c -fmessage-length=0 -MT"src/main.o" -I../../standalone_bsp_0/ps7_cortexa9_0/include -MMD -MP -MF"src/main.d" -MT"src/main.d" -o "src/main.o" "../src/main.cc"
../src/main.cc: In function 'int main()':
../src/main.cc:266:22: warning: comparison between signed and unsigned integer expressions [-Wsign-compare]
     if(currentScreen == screens.size() - 1)
                      ^
../src/main.cc:278:22: warning: comparison between signed and unsigned integer expressions [-Wsign-compare]
     if(currentScreen == screens.size() - 1)
                      ^
'Finished building: ../src/main.cc'
' '
'Building target: zyboApp.elf'
'Invoking: ARM g++ linker'
arm-xilinx-eabi-g++ -Wl,-T -Wl,../src/lscript.ld -L../../standalone_bsp_0/ps7_cortexa9_0/lib -o "zyboApp.elf"  ./src/Screen/ScrBatIntSett.o ./src/Screen/ScrImpCurSett.o ./src/Screen/ScrImpGraph.o ./src/Screen/ScrImpIntSett.o ./src/Screen/ScrIncFrecSett.o ./src/Screen/ScrIncNumSett.o ./src/Screen/ScrSettings.o ./src/Screen/ScrStartFreqSett.o ./src/Screen/ScrSweepSettings.o ./src/Screen/ScrTempHumBat.o ./src/Screen/ScrTempHumSett.o ./src/Screen/Screens.o  ./src/RF/mrf24j.o  ./src/OLED/ChrFont0.o ./src/OLED/FillPat.o ./src/OLED/OLED.o ./src/OLED/OledChar.o ./src/OLED/OledDriver.o ./src/OLED/OledGrph.o  ./src/main.o ./src/platform.o ./src/sd.o   -Wl,--start-group,-lxil,-lgcc,-lc,-lstdc++,--end-group -Wl,--start-group,-lxilffs,-lxil,-lgcc,-lc,--end-group
'Finished building target: zyboApp.elf'
' '
'Invoking: ARM Print Size'
arm-xilinx-eabi-size zyboApp.elf  |tee "zyboApp.elf.size"
   text	   data	    bss	    dec	    hex	filename
 606764	   3520	  35712	 645996	  9db6c	zyboApp.elf
'Finished building: zyboApp.elf.size'
' '
22:51:01 **** Incremental Build of configuration Debug for project zyboApp ****
make all 
make: Nothing to be done for `all'.
22:54:04 **** Incremental Build of configuration Debug for project zyboApp ****
make all 
make: Nothing to be done for `all'.
22:58:30 **** Incremental Build of configuration Debug for project zyboApp ****
make all 
make: Nothing to be done for `all'.
23:01:00 **** Auto Build of configuration Debug for project zyboApp ****
make all 
'Building file: ../src/main.cc'
'Invoking: ARM g++ compiler'
arm-xilinx-eabi-g++ -Wall -O0 -g3 -I../../standalone_bsp_0/ps7_cortexa9_0/include -I../inc -I../../standalone_bsp_0/ps7_cortexa9_0/libsrc/xilffs_v3_1/src/include -c -fmessage-length=0 -MT"src/main.o" -I../../standalone_bsp_0/ps7_cortexa9_0/include -MMD -MP -MF"src/main.d" -MT"src/main.d" -o "src/main.o" "../src/main.cc"
../src/main.cc: In function 'int main()':
../src/main.cc:266:22: warning: comparison between signed and unsigned integer expressions [-Wsign-compare]
     if(currentScreen == screens.size() - 1)
                      ^
../src/main.cc:278:22: warning: comparison between signed and unsigned integer expressions [-Wsign-compare]
     if(currentScreen == screens.size() - 1)
                      ^
'Finished building: ../src/main.cc'
' '
'Building target: zyboApp.elf'
'Invoking: ARM g++ linker'
arm-xilinx-eabi-g++ -Wl,-T -Wl,../src/lscript.ld -L../../standalone_bsp_0/ps7_cortexa9_0/lib -o "zyboApp.elf"  ./src/Screen/ScrBatIntSett.o ./src/Screen/ScrImpCurSett.o ./src/Screen/ScrImpGraph.o ./src/Screen/ScrImpIntSett.o ./src/Screen/ScrIncFrecSett.o ./src/Screen/ScrIncNumSett.o ./src/Screen/ScrSettings.o ./src/Screen/ScrStartFreqSett.o ./src/Screen/ScrSweepSettings.o ./src/Screen/ScrTempHumBat.o ./src/Screen/ScrTempHumSett.o ./src/Screen/Screens.o  ./src/RF/mrf24j.o  ./src/OLED/ChrFont0.o ./src/OLED/FillPat.o ./src/OLED/OLED.o ./src/OLED/OledChar.o ./src/OLED/OledDriver.o ./src/OLED/OledGrph.o  ./src/main.o ./src/platform.o ./src/sd.o   -Wl,--start-group,-lxil,-lgcc,-lc,-lstdc++,--end-group -Wl,--start-group,-lxilffs,-lxil,-lgcc,-lc,--end-group
'Finished building target: zyboApp.elf'
' '
'Invoking: ARM Print Size'
arm-xilinx-eabi-size zyboApp.elf  |tee "zyboApp.elf.size"
   text	   data	    bss	    dec	    hex	filename
 606764	   3520	  35712	 645996	  9db6c	zyboApp.elf
'Finished building: zyboApp.elf.size'
' '
23:02:05 **** Auto Build of configuration Debug for project zyboApp ****
make all 
'Building file: ../src/main.cc'
'Invoking: ARM g++ compiler'
arm-xilinx-eabi-g++ -Wall -O0 -g3 -I../../standalone_bsp_0/ps7_cortexa9_0/include -I../inc -I../../standalone_bsp_0/ps7_cortexa9_0/libsrc/xilffs_v3_1/src/include -c -fmessage-length=0 -MT"src/main.o" -I../../standalone_bsp_0/ps7_cortexa9_0/include -MMD -MP -MF"src/main.d" -MT"src/main.d" -o "src/main.o" "../src/main.cc"
../src/main.cc: In function 'int main()':
../src/main.cc:266:22: warning: comparison between signed and unsigned integer expressions [-Wsign-compare]
     if(currentScreen == screens.size() - 1)
                      ^
../src/main.cc:278:22: warning: comparison between signed and unsigned integer expressions [-Wsign-compare]
     if(currentScreen == screens.size() - 1)
                      ^
'Finished building: ../src/main.cc'
' '
'Building target: zyboApp.elf'
'Invoking: ARM g++ linker'
arm-xilinx-eabi-g++ -Wl,-T -Wl,../src/lscript.ld -L../../standalone_bsp_0/ps7_cortexa9_0/lib -o "zyboApp.elf"  ./src/Screen/ScrBatIntSett.o ./src/Screen/ScrImpCurSett.o ./src/Screen/ScrImpGraph.o ./src/Screen/ScrImpIntSett.o ./src/Screen/ScrIncFrecSett.o ./src/Screen/ScrIncNumSett.o ./src/Screen/ScrSettings.o ./src/Screen/ScrStartFreqSett.o ./src/Screen/ScrSweepSettings.o ./src/Screen/ScrTempHumBat.o ./src/Screen/ScrTempHumSett.o ./src/Screen/Screens.o  ./src/RF/mrf24j.o  ./src/OLED/ChrFont0.o ./src/OLED/FillPat.o ./src/OLED/OLED.o ./src/OLED/OledChar.o ./src/OLED/OledDriver.o ./src/OLED/OledGrph.o  ./src/main.o ./src/platform.o ./src/sd.o   -Wl,--start-group,-lxil,-lgcc,-lc,-lstdc++,--end-group -Wl,--start-group,-lxilffs,-lxil,-lgcc,-lc,--end-group
'Finished building target: zyboApp.elf'
' '
'Invoking: ARM Print Size'
arm-xilinx-eabi-size zyboApp.elf  |tee "zyboApp.elf.size"
   text	   data	    bss	    dec	    hex	filename
 606764	   3520	  35712	 645996	  9db6c	zyboApp.elf
'Finished building: zyboApp.elf.size'
' '
23:02:55 **** Auto Build of configuration Debug for project zyboApp ****
make all 
'Building file: ../src/Screen/ScrSettings.cpp'
'Invoking: ARM g++ compiler'
arm-xilinx-eabi-g++ -Wall -O0 -g3 -I../../standalone_bsp_0/ps7_cortexa9_0/include -I../inc -I../../standalone_bsp_0/ps7_cortexa9_0/libsrc/xilffs_v3_1/src/include -c -fmessage-length=0 -MT"src/Screen/ScrSettings.o" -I../../standalone_bsp_0/ps7_cortexa9_0/include -MMD -MP -MF"src/Screen/ScrSettings.d" -MT"src/Screen/ScrSettings.d" -o "src/Screen/ScrSettings.o" "../src/Screen/ScrSettings.cpp"
../src/Screen/ScrSettings.cpp: In member function 'virtual void ScrSettings::printData()':
../src/Screen/ScrSettings.cpp:74:28: warning: deprecated conversion from string constant to 'char*' [-Wwrite-strings]
   OLED.putString("Settings");
                            ^
'Finished building: ../src/Screen/ScrSettings.cpp'
' '
'Building target: zyboApp.elf'
'Invoking: ARM g++ linker'
arm-xilinx-eabi-g++ -Wl,-T -Wl,../src/lscript.ld -L../../standalone_bsp_0/ps7_cortexa9_0/lib -o "zyboApp.elf"  ./src/Screen/ScrBatIntSett.o ./src/Screen/ScrImpCurSett.o ./src/Screen/ScrImpGraph.o ./src/Screen/ScrImpIntSett.o ./src/Screen/ScrIncFrecSett.o ./src/Screen/ScrIncNumSett.o ./src/Screen/ScrSettings.o ./src/Screen/ScrStartFreqSett.o ./src/Screen/ScrSweepSettings.o ./src/Screen/ScrTempHumBat.o ./src/Screen/ScrTempHumSett.o ./src/Screen/Screens.o  ./src/RF/mrf24j.o  ./src/OLED/ChrFont0.o ./src/OLED/FillPat.o ./src/OLED/OLED.o ./src/OLED/OledChar.o ./src/OLED/OledDriver.o ./src/OLED/OledGrph.o  ./src/main.o ./src/platform.o ./src/sd.o   -Wl,--start-group,-lxil,-lgcc,-lc,-lstdc++,--end-group -Wl,--start-group,-lxilffs,-lxil,-lgcc,-lc,--end-group
'Finished building target: zyboApp.elf'
' '
'Invoking: ARM Print Size'
arm-xilinx-eabi-size zyboApp.elf  |tee "zyboApp.elf.size"
   text	   data	    bss	    dec	    hex	filename
 606764	   3520	  35712	 645996	  9db6c	zyboApp.elf
'Finished building: zyboApp.elf.size'
' '
23:03:14 **** Auto Build of configuration Debug for project zyboApp ****
make all 
'Building file: ../src/Screen/ScrSettings.cpp'
'Invoking: ARM g++ compiler'
arm-xilinx-eabi-g++ -Wall -O0 -g3 -I../../standalone_bsp_0/ps7_cortexa9_0/include -I../inc -I../../standalone_bsp_0/ps7_cortexa9_0/libsrc/xilffs_v3_1/src/include -c -fmessage-length=0 -MT"src/Screen/ScrSettings.o" -I../../standalone_bsp_0/ps7_cortexa9_0/include -MMD -MP -MF"src/Screen/ScrSettings.d" -MT"src/Screen/ScrSettings.d" -o "src/Screen/ScrSettings.o" "../src/Screen/ScrSettings.cpp"
../src/Screen/ScrSettings.cpp: In member function 'virtual void ScrSettings::printData()':
../src/Screen/ScrSettings.cpp:74:28: warning: deprecated conversion from string constant to 'char*' [-Wwrite-strings]
   OLED.putString("Settings");
                            ^
'Finished building: ../src/Screen/ScrSettings.cpp'
' '
'Building target: zyboApp.elf'
'Invoking: ARM g++ linker'
arm-xilinx-eabi-g++ -Wl,-T -Wl,../src/lscript.ld -L../../standalone_bsp_0/ps7_cortexa9_0/lib -o "zyboApp.elf"  ./src/Screen/ScrBatIntSett.o ./src/Screen/ScrImpCurSett.o ./src/Screen/ScrImpGraph.o ./src/Screen/ScrImpIntSett.o ./src/Screen/ScrIncFrecSett.o ./src/Screen/ScrIncNumSett.o ./src/Screen/ScrSettings.o ./src/Screen/ScrStartFreqSett.o ./src/Screen/ScrSweepSettings.o ./src/Screen/ScrTempHumBat.o ./src/Screen/ScrTempHumSett.o ./src/Screen/Screens.o  ./src/RF/mrf24j.o  ./src/OLED/ChrFont0.o ./src/OLED/FillPat.o ./src/OLED/OLED.o ./src/OLED/OledChar.o ./src/OLED/OledDriver.o ./src/OLED/OledGrph.o  ./src/main.o ./src/platform.o ./src/sd.o   -Wl,--start-group,-lxil,-lgcc,-lc,-lstdc++,--end-group -Wl,--start-group,-lxilffs,-lxil,-lgcc,-lc,--end-group
'Finished building target: zyboApp.elf'
' '
'Invoking: ARM Print Size'
arm-xilinx-eabi-size zyboApp.elf  |tee "zyboApp.elf.size"
   text	   data	    bss	    dec	    hex	filename
 606764	   3520	  35712	 645996	  9db6c	zyboApp.elf
'Finished building: zyboApp.elf.size'
' '
23:03:42 **** Incremental Build of configuration Debug for project zyboApp ****
make all 
make: Nothing to be done for `all'.
