23:41:34 **** Clean-only build of configuration Debug for project zyboApp ****
make clean 
rm -rf  ./src/main.d  ./src/OLED/ChrFont0.o ./src/OLED/FillPat.o ./src/OLED/OLED.o ./src/OLED/OledChar.o ./src/OLED/OledDriver.o ./src/OLED/OledGrph.o  ./src/main.o ./src/platform.o  ./src/platform.d  ./src/OLED/ChrFont0.d ./src/OLED/FillPat.d ./src/OLED/OLED.d ./src/OLED/OledChar.d ./src/OLED/OledDriver.d ./src/OLED/OledGrph.d  zyboApp.elf.size  zyboApp.elf
' '
23:41:34 **** Clean-only build of project standalone_bsp_0 ****
make -k clean 
rm -f ps7_cortexa9_0/lib/libxil.a
23:41:35 **** Build of project standalone_bsp_0 ****
make -k all 
"Running Make include in ps7_cortexa9_0/libsrc/coresightps_dcc_v1_2/src"
make -C ps7_cortexa9_0/libsrc/coresightps_dcc_v1_2/src -s include  "SHELL=CMD" "COMPILER=arm-xilinx-eabi-gcc" "ARCHIVER=arm-xilinx-eabi-ar" "COMPILER_FLAGS=  -O2 -c" "EXTRA_COMPILER_FLAGS=-g"
"Running Make include in ps7_cortexa9_0/libsrc/cpu_cortexa9_v2_1/src"
make -C ps7_cortexa9_0/libsrc/cpu_cortexa9_v2_1/src -s include  "SHELL=CMD" "COMPILER=arm-xilinx-eabi-gcc" "ARCHIVER=arm-xilinx-eabi-ar" "COMPILER_FLAGS=  -O2 -c" "EXTRA_COMPILER_FLAGS=-g"
"Running Make include in ps7_cortexa9_0/libsrc/ddrps_v1_0/src"
make -C ps7_cortexa9_0/libsrc/ddrps_v1_0/src -s include  "SHELL=CMD" "COMPILER=arm-xilinx-eabi-gcc" "ARCHIVER=arm-xilinx-eabi-ar" "COMPILER_FLAGS=  -O2 -c" "EXTRA_COMPILER_FLAGS=-g"
"Running Make include in ps7_cortexa9_0/libsrc/devcfg_v3_3/src"
make -C ps7_cortexa9_0/libsrc/devcfg_v3_3/src -s include  "SHELL=CMD" "COMPILER=arm-xilinx-eabi-gcc" "ARCHIVER=arm-xilinx-eabi-ar" "COMPILER_FLAGS=  -O2 -c" "EXTRA_COMPILER_FLAGS=-g"
"Running Make include in ps7_cortexa9_0/libsrc/dmaps_v2_1/src"
make -C ps7_cortexa9_0/libsrc/dmaps_v2_1/src -s include  "SHELL=CMD" "COMPILER=arm-xilinx-eabi-gcc" "ARCHIVER=arm-xilinx-eabi-ar" "COMPILER_FLAGS=  -O2 -c" "EXTRA_COMPILER_FLAGS=-g"
"Running Make include in ps7_cortexa9_0/libsrc/emacps_v3_1/src"
make -C ps7_cortexa9_0/libsrc/emacps_v3_1/src -s include  "SHELL=CMD" "COMPILER=arm-xilinx-eabi-gcc" "ARCHIVER=arm-xilinx-eabi-ar" "COMPILER_FLAGS=  -O2 -c" "EXTRA_COMPILER_FLAGS=-g"
"Running Make include in ps7_cortexa9_0/libsrc/gpio_v4_0/src"
make -C ps7_cortexa9_0/libsrc/gpio_v4_0/src -s include  "SHELL=CMD" "COMPILER=arm-xilinx-eabi-gcc" "ARCHIVER=arm-xilinx-eabi-ar" "COMPILER_FLAGS=  -O2 -c" "EXTRA_COMPILER_FLAGS=-g"
"Running Make include in ps7_cortexa9_0/libsrc/gpiops_v3_1/src"
make -C ps7_cortexa9_0/libsrc/gpiops_v3_1/src -s include  "SHELL=CMD" "COMPILER=arm-xilinx-eabi-gcc" "ARCHIVER=arm-xilinx-eabi-ar" "COMPILER_FLAGS=  -O2 -c" "EXTRA_COMPILER_FLAGS=-g"
"Running Make include in ps7_cortexa9_0/libsrc/qspips_v3_2/src"
make -C ps7_cortexa9_0/libsrc/qspips_v3_2/src -s include  "SHELL=CMD" "COMPILER=arm-xilinx-eabi-gcc" "ARCHIVER=arm-xilinx-eabi-ar" "COMPILER_FLAGS=  -O2 -c" "EXTRA_COMPILER_FLAGS=-g"
"Running Make include in ps7_cortexa9_0/libsrc/scugic_v3_1/src"
make -C ps7_cortexa9_0/libsrc/scugic_v3_1/src -s include  "SHELL=CMD" "COMPILER=arm-xilinx-eabi-gcc" "ARCHIVER=arm-xilinx-eabi-ar" "COMPILER_FLAGS=  -O2 -c" "EXTRA_COMPILER_FLAGS=-g"
"Running Make include in ps7_cortexa9_0/libsrc/scutimer_v2_1/src"
make -C ps7_cortexa9_0/libsrc/scutimer_v2_1/src -s include  "SHELL=CMD" "COMPILER=arm-xilinx-eabi-gcc" "ARCHIVER=arm-xilinx-eabi-ar" "COMPILER_FLAGS=  -O2 -c" "EXTRA_COMPILER_FLAGS=-g"
"Running Make include in ps7_cortexa9_0/libsrc/scuwdt_v2_1/src"
make -C ps7_cortexa9_0/libsrc/scuwdt_v2_1/src -s include  "SHELL=CMD" "COMPILER=arm-xilinx-eabi-gcc" "ARCHIVER=arm-xilinx-eabi-ar" "COMPILER_FLAGS=  -O2 -c" "EXTRA_COMPILER_FLAGS=-g"
"Running Make include in ps7_cortexa9_0/libsrc/sdps_v2_6/src"
make -C ps7_cortexa9_0/libsrc/sdps_v2_6/src -s include  "SHELL=CMD" "COMPILER=arm-xilinx-eabi-gcc" "ARCHIVER=arm-xilinx-eabi-ar" "COMPILER_FLAGS=  -O2 -c" "EXTRA_COMPILER_FLAGS=-g"
"Running Make include in ps7_cortexa9_0/libsrc/spi_v4_1/src"
make -C ps7_cortexa9_0/libsrc/spi_v4_1/src -s include  "SHELL=CMD" "COMPILER=arm-xilinx-eabi-gcc" "ARCHIVER=arm-xilinx-eabi-ar" "COMPILER_FLAGS=  -O2 -c" "EXTRA_COMPILER_FLAGS=-g"
"Running Make include in ps7_cortexa9_0/libsrc/standalone_v5_3/src"
make -C ps7_cortexa9_0/libsrc/standalone_v5_3/src -s include  "SHELL=CMD" "COMPILER=arm-xilinx-eabi-gcc" "ARCHIVER=arm-xilinx-eabi-ar" "COMPILER_FLAGS=  -O2 -c" "EXTRA_COMPILER_FLAGS=-g"
"Running Make include in ps7_cortexa9_0/libsrc/ttcps_v3_0/src"
make -C ps7_cortexa9_0/libsrc/ttcps_v3_0/src -s include  "SHELL=CMD" "COMPILER=arm-xilinx-eabi-gcc" "ARCHIVER=arm-xilinx-eabi-ar" "COMPILER_FLAGS=  -O2 -c" "EXTRA_COMPILER_FLAGS=-g"
"Running Make include in ps7_cortexa9_0/libsrc/uartps_v3_1/src"
make -C ps7_cortexa9_0/libsrc/uartps_v3_1/src -s include  "SHELL=CMD" "COMPILER=arm-xilinx-eabi-gcc" "ARCHIVER=arm-xilinx-eabi-ar" "COMPILER_FLAGS=  -O2 -c" "EXTRA_COMPILER_FLAGS=-g"
"Running Make include in ps7_cortexa9_0/libsrc/usbps_v2_2/src"
make -C ps7_cortexa9_0/libsrc/usbps_v2_2/src -s include  "SHELL=CMD" "COMPILER=arm-xilinx-eabi-gcc" "ARCHIVER=arm-xilinx-eabi-ar" "COMPILER_FLAGS=  -O2 -c" "EXTRA_COMPILER_FLAGS=-g"
"Running Make include in ps7_cortexa9_0/libsrc/xadcps_v2_2/src"
make -C ps7_cortexa9_0/libsrc/xadcps_v2_2/src -s include  "SHELL=CMD" "COMPILER=arm-xilinx-eabi-gcc" "ARCHIVER=arm-xilinx-eabi-ar" "COMPILER_FLAGS=  -O2 -c" "EXTRA_COMPILER_FLAGS=-g"
"Running Make libs in ps7_cortexa9_0/libsrc/coresightps_dcc_v1_2/src"
make -C ps7_cortexa9_0/libsrc/coresightps_dcc_v1_2/src -s libs  "SHELL=CMD" "COMPILER=arm-xilinx-eabi-gcc" "ARCHIVER=arm-xilinx-eabi-ar" "COMPILER_FLAGS=  -O2 -c" "EXTRA_COMPILER_FLAGS=-g"
"Compiling coresightps_dcc"
arm-xilinx-eabi-ar: creating ../../../lib/libxil.a
"Running Make libs in ps7_cortexa9_0/libsrc/cpu_cortexa9_v2_1/src"
make -C ps7_cortexa9_0/libsrc/cpu_cortexa9_v2_1/src -s libs  "SHELL=CMD" "COMPILER=arm-xilinx-eabi-gcc" "ARCHIVER=arm-xilinx-eabi-ar" "COMPILER_FLAGS=  -O2 -c" "EXTRA_COMPILER_FLAGS=-g"
"Compiling cpu_cortexa9"
"Running Make libs in ps7_cortexa9_0/libsrc/ddrps_v1_0/src"
make -C ps7_cortexa9_0/libsrc/ddrps_v1_0/src -s libs  "SHELL=CMD" "COMPILER=arm-xilinx-eabi-gcc" "ARCHIVER=arm-xilinx-eabi-ar" "COMPILER_FLAGS=  -O2 -c" "EXTRA_COMPILER_FLAGS=-g"
"Compiling ddrps"
"Running Make libs in ps7_cortexa9_0/libsrc/devcfg_v3_3/src"
make -C ps7_cortexa9_0/libsrc/devcfg_v3_3/src -s libs  "SHELL=CMD" "COMPILER=arm-xilinx-eabi-gcc" "ARCHIVER=arm-xilinx-eabi-ar" "COMPILER_FLAGS=  -O2 -c" "EXTRA_COMPILER_FLAGS=-g"
"Compiling devcfg"
"Running Make libs in ps7_cortexa9_0/libsrc/dmaps_v2_1/src"
make -C ps7_cortexa9_0/libsrc/dmaps_v2_1/src -s libs  "SHELL=CMD" "COMPILER=arm-xilinx-eabi-gcc" "ARCHIVER=arm-xilinx-eabi-ar" "COMPILER_FLAGS=  -O2 -c" "EXTRA_COMPILER_FLAGS=-g"
"Compiling dmaps"
"Running Make libs in ps7_cortexa9_0/libsrc/emacps_v3_1/src"
make -C ps7_cortexa9_0/libsrc/emacps_v3_1/src -s libs  "SHELL=CMD" "COMPILER=arm-xilinx-eabi-gcc" "ARCHIVER=arm-xilinx-eabi-ar" "COMPILER_FLAGS=  -O2 -c" "EXTRA_COMPILER_FLAGS=-g"
"Compiling emacps"
"Running Make libs in ps7_cortexa9_0/libsrc/gpio_v4_0/src"
make -C ps7_cortexa9_0/libsrc/gpio_v4_0/src -s libs  "SHELL=CMD" "COMPILER=arm-xilinx-eabi-gcc" "ARCHIVER=arm-xilinx-eabi-ar" "COMPILER_FLAGS=  -O2 -c" "EXTRA_COMPILER_FLAGS=-g"
"Compiling gpio"
"Running Make libs in ps7_cortexa9_0/libsrc/gpiops_v3_1/src"
make -C ps7_cortexa9_0/libsrc/gpiops_v3_1/src -s libs  "SHELL=CMD" "COMPILER=arm-xilinx-eabi-gcc" "ARCHIVER=arm-xilinx-eabi-ar" "COMPILER_FLAGS=  -O2 -c" "EXTRA_COMPILER_FLAGS=-g"
"Compiling gpiops"
"Running Make libs in ps7_cortexa9_0/libsrc/qspips_v3_2/src"
make -C ps7_cortexa9_0/libsrc/qspips_v3_2/src -s libs  "SHELL=CMD" "COMPILER=arm-xilinx-eabi-gcc" "ARCHIVER=arm-xilinx-eabi-ar" "COMPILER_FLAGS=  -O2 -c" "EXTRA_COMPILER_FLAGS=-g"
"Compiling qspips"
"Running Make libs in ps7_cortexa9_0/libsrc/scugic_v3_1/src"
make -C ps7_cortexa9_0/libsrc/scugic_v3_1/src -s libs  "SHELL=CMD" "COMPILER=arm-xilinx-eabi-gcc" "ARCHIVER=arm-xilinx-eabi-ar" "COMPILER_FLAGS=  -O2 -c" "EXTRA_COMPILER_FLAGS=-g"
"Compiling scugic"
"Running Make libs in ps7_cortexa9_0/libsrc/scutimer_v2_1/src"
make -C ps7_cortexa9_0/libsrc/scutimer_v2_1/src -s libs  "SHELL=CMD" "COMPILER=arm-xilinx-eabi-gcc" "ARCHIVER=arm-xilinx-eabi-ar" "COMPILER_FLAGS=  -O2 -c" "EXTRA_COMPILER_FLAGS=-g"
"Compiling scutimer"
"Running Make libs in ps7_cortexa9_0/libsrc/scuwdt_v2_1/src"
make -C ps7_cortexa9_0/libsrc/scuwdt_v2_1/src -s libs  "SHELL=CMD" "COMPILER=arm-xilinx-eabi-gcc" "ARCHIVER=arm-xilinx-eabi-ar" "COMPILER_FLAGS=  -O2 -c" "EXTRA_COMPILER_FLAGS=-g"
"Compiling scuwdt"
"Running Make libs in ps7_cortexa9_0/libsrc/sdps_v2_6/src"
make -C ps7_cortexa9_0/libsrc/sdps_v2_6/src -s libs  "SHELL=CMD" "COMPILER=arm-xilinx-eabi-gcc" "ARCHIVER=arm-xilinx-eabi-ar" "COMPILER_FLAGS=  -O2 -c" "EXTRA_COMPILER_FLAGS=-g"
"Compiling sdps"
"Running Make libs in ps7_cortexa9_0/libsrc/spi_v4_1/src"
make -C ps7_cortexa9_0/libsrc/spi_v4_1/src -s libs  "SHELL=CMD" "COMPILER=arm-xilinx-eabi-gcc" "ARCHIVER=arm-xilinx-eabi-ar" "COMPILER_FLAGS=  -O2 -c" "EXTRA_COMPILER_FLAGS=-g"
"Compiling spi"
"Running Make libs in ps7_cortexa9_0/libsrc/standalone_v5_3/src"
make -C ps7_cortexa9_0/libsrc/standalone_v5_3/src -s libs  "SHELL=CMD" "COMPILER=arm-xilinx-eabi-gcc" "ARCHIVER=arm-xilinx-eabi-ar" "COMPILER_FLAGS=  -O2 -c" "EXTRA_COMPILER_FLAGS=-g"
"Compiling standalone"
"Running Make libs in ps7_cortexa9_0/libsrc/ttcps_v3_0/src"
make -C ps7_cortexa9_0/libsrc/ttcps_v3_0/src -s libs  "SHELL=CMD" "COMPILER=arm-xilinx-eabi-gcc" "ARCHIVER=arm-xilinx-eabi-ar" "COMPILER_FLAGS=  -O2 -c" "EXTRA_COMPILER_FLAGS=-g"
"Compiling ttcps"
"Running Make libs in ps7_cortexa9_0/libsrc/uartps_v3_1/src"
make -C ps7_cortexa9_0/libsrc/uartps_v3_1/src -s libs  "SHELL=CMD" "COMPILER=arm-xilinx-eabi-gcc" "ARCHIVER=arm-xilinx-eabi-ar" "COMPILER_FLAGS=  -O2 -c" "EXTRA_COMPILER_FLAGS=-g"
"Compiling uartps"
"Running Make libs in ps7_cortexa9_0/libsrc/usbps_v2_2/src"
make -C ps7_cortexa9_0/libsrc/usbps_v2_2/src -s libs  "SHELL=CMD" "COMPILER=arm-xilinx-eabi-gcc" "ARCHIVER=arm-xilinx-eabi-ar" "COMPILER_FLAGS=  -O2 -c" "EXTRA_COMPILER_FLAGS=-g"
"Compiling usbps"
"Running Make libs in ps7_cortexa9_0/libsrc/xadcps_v2_2/src"
make -C ps7_cortexa9_0/libsrc/xadcps_v2_2/src -s libs  "SHELL=CMD" "COMPILER=arm-xilinx-eabi-gcc" "ARCHIVER=arm-xilinx-eabi-ar" "COMPILER_FLAGS=  -O2 -c" "EXTRA_COMPILER_FLAGS=-g"
"Compiling xadcps"
'Finished building libraries'
23:42:00 **** Build of configuration Debug for project zyboApp ****
make all 
'Building file: ../src/OLED/ChrFont0.cpp'
'Invoking: ARM g++ compiler'
arm-xilinx-eabi-g++ -Wall -O0 -g3 -I../../standalone_bsp_0/ps7_cortexa9_0/include -I../inc -c -fmessage-length=0 -MT"src/OLED/ChrFont0.o" -MMD -MP -MF"src/OLED/ChrFont0.d" -MT"src/OLED/ChrFont0.d" -o "src/OLED/ChrFont0.o" "../src/OLED/ChrFont0.cpp"
'Finished building: ../src/OLED/ChrFont0.cpp'
' '
'Building file: ../src/OLED/FillPat.cpp'
'Invoking: ARM g++ compiler'
arm-xilinx-eabi-g++ -Wall -O0 -g3 -I../../standalone_bsp_0/ps7_cortexa9_0/include -I../inc -c -fmessage-length=0 -MT"src/OLED/FillPat.o" -MMD -MP -MF"src/OLED/FillPat.d" -MT"src/OLED/FillPat.d" -o "src/OLED/FillPat.o" "../src/OLED/FillPat.cpp"
'Finished building: ../src/OLED/FillPat.cpp'
' '
'Building file: ../src/OLED/OLED.cpp'
'Invoking: ARM g++ compiler'
arm-xilinx-eabi-g++ -Wall -O0 -g3 -I../../standalone_bsp_0/ps7_cortexa9_0/include -I../inc -c -fmessage-length=0 -MT"src/OLED/OLED.o" -MMD -MP -MF"src/OLED/OLED.d" -MT"src/OLED/OLED.d" -o "src/OLED/OLED.o" "../src/OLED/OLED.cpp"
'Finished building: ../src/OLED/OLED.cpp'
' '
'Building file: ../src/OLED/OledChar.cpp'
'Invoking: ARM g++ compiler'
arm-xilinx-eabi-g++ -Wall -O0 -g3 -I../../standalone_bsp_0/ps7_cortexa9_0/include -I../inc -c -fmessage-length=0 -MT"src/OLED/OledChar.o" -MMD -MP -MF"src/OLED/OledChar.d" -MT"src/OLED/OledChar.d" -o "src/OLED/OledChar.o" "../src/OLED/OledChar.cpp"
'Finished building: ../src/OLED/OledChar.cpp'
' '
'Building file: ../src/OLED/OledDriver.cpp'
'Invoking: ARM g++ compiler'
arm-xilinx-eabi-g++ -Wall -O0 -g3 -I../../standalone_bsp_0/ps7_cortexa9_0/include -I../inc -c -fmessage-length=0 -MT"src/OLED/OledDriver.o" -MMD -MP -MF"src/OLED/OledDriver.d" -MT"src/OLED/OledDriver.d" -o "src/OLED/OledDriver.o" "../src/OLED/OledDriver.cpp"
../src/OLED/OledDriver.cpp:37:1: warning: "/*" within comment [-Wcomment]
 /* 22/02/2016(EusebiuB): adapted library to work on Zybo    */
 ^
../src/OLED/OledDriver.cpp: In function 'void OledHostInit()':
../src/OLED/OledDriver.cpp:282:6: warning: variable 'slaveReg' set but not used [-Wunused-but-set-variable]
  u32 slaveReg = XSpi_GetSlaveSelectReg(&SpiInstance);
      ^
'Finished building: ../src/OLED/OledDriver.cpp'
' '
'Building file: ../src/OLED/OledGrph.cpp'
'Invoking: ARM g++ compiler'
arm-xilinx-eabi-g++ -Wall -O0 -g3 -I../../standalone_bsp_0/ps7_cortexa9_0/include -I../inc -c -fmessage-length=0 -MT"src/OLED/OledGrph.o" -MMD -MP -MF"src/OLED/OledGrph.d" -MT"src/OLED/OledGrph.d" -o "src/OLED/OledGrph.o" "../src/OLED/OledGrph.cpp"
../src/OLED/OledGrph.cpp: In function 'void OledFillRect(int, int)':
../src/OLED/OledGrph.cpp:534:10: warning: unused variable 'bTmp' [-Wunused-variable]
  uint8_t bTmp;
          ^
../src/OLED/OledGrph.cpp: In function 'void OledGetBmp(int, int, uint8_t*)':
../src/OLED/OledGrph.cpp:643:10: warning: variable 'bTmp' set but not used [-Wunused-but-set-variable]
  uint8_t bTmp;
          ^
../src/OLED/OledGrph.cpp: In function 'void OledPutBmp(int, int, uint8_t*)':
../src/OLED/OledGrph.cpp:740:10: warning: unused variable 'bDsp' [-Wunused-variable]
  uint8_t bDsp;
          ^
../src/OLED/OledGrph.cpp:747:10: warning: unused variable 'bTmp' [-Wunused-variable]
  uint8_t bTmp;
          ^
../src/OLED/OledGrph.cpp: In function 'void OledDrawChar(char)':
../src/OLED/OledGrph.cpp:847:12: warning: variable 'pbBmp' set but not used [-Wunused-but-set-variable]
  uint8_t * pbBmp;
            ^
../src/OLED/OledGrph.cpp:848:7: warning: unused variable 'ib' [-Wunused-variable]
  int  ib;
       ^
'Finished building: ../src/OLED/OledGrph.cpp'
' '
'Building file: ../src/main.cc'
'Invoking: ARM g++ compiler'
arm-xilinx-eabi-g++ -Wall -O0 -g3 -I../../standalone_bsp_0/ps7_cortexa9_0/include -I../inc -c -fmessage-length=0 -MT"src/main.o" -MMD -MP -MF"src/main.d" -MT"src/main.d" -o "src/main.o" "../src/main.cc"
../src/main.cc: In function 'int main()':
../src/main.cc:66:29: warning: deprecated conversion from string constant to 'char*' [-Wwrite-strings]
    OLED.putString("PmodOLED");
                             ^
../src/main.cc:68:32: warning: deprecated conversion from string constant to 'char*' [-Wwrite-strings]
    OLED.putString("by Digilent");
                                ^
../src/main.cc:70:32: warning: deprecated conversion from string constant to 'char*' [-Wwrite-strings]
    OLED.putString("Simple Demo");
                                ^
'Finished building: ../src/main.cc'
' '
'Building file: ../src/platform.c'
'Invoking: ARM g++ compiler'
arm-xilinx-eabi-g++ -Wall -O0 -g3 -I../../standalone_bsp_0/ps7_cortexa9_0/include -I../inc -c -fmessage-length=0 -MT"src/platform.o" -MMD -MP -MF"src/platform.d" -MT"src/platform.d" -o "src/platform.o" "../src/platform.c"
'Finished building: ../src/platform.c'
' '
'Building target: zyboApp.elf'
'Invoking: ARM g++ linker'
arm-xilinx-eabi-g++ -Wl,-T -Wl,../src/lscript.ld -L../../standalone_bsp_0/ps7_cortexa9_0/lib -o "zyboApp.elf"  ./src/OLED/ChrFont0.o ./src/OLED/FillPat.o ./src/OLED/OLED.o ./src/OLED/OledChar.o ./src/OLED/OledDriver.o ./src/OLED/OledGrph.o  ./src/main.o ./src/platform.o   -Wl,--start-group,-lxil,-lgcc,-lc,-lstdc++,--end-group
'Finished building target: zyboApp.elf'
' '
'Invoking: ARM Print Size'
arm-xilinx-eabi-size zyboApp.elf  |tee "zyboApp.elf.size"
   text	   data	    bss	    dec	    hex	filename
  86664	   2412	  23600	 112676	  1b824	zyboApp.elf
'Finished building: zyboApp.elf.size'
' '
23:42:15 **** Incremental Build of configuration Debug for project zyboApp ****
make all 
make: Nothing to be done for `all'.
23:42:36 **** Incremental Build of configuration Debug for project zyboApp ****
make all 
make: Nothing to be done for `all'.
23:42:52 **** Incremental Build of configuration Debug for project zyboApp ****
make all 
make: Nothing to be done for `all'.
23:43:19 **** Incremental Build of configuration Debug for project zyboApp ****
make all 
make: Nothing to be done for `all'.
23:43:50 **** Incremental Build of configuration Debug for project zyboApp ****
make all 
make: Nothing to be done for `all'.
23:46:30 **** Incremental Build of configuration Debug for project zyboApp ****
make all 
make: Nothing to be done for `all'.
23:46:35 **** Incremental Build of configuration Debug for project zyboApp ****
make all 
make: Nothing to be done for `all'.
23:46:46 **** Incremental Build of configuration Debug for project zyboApp ****
make all 
make: Nothing to be done for `all'.
23:47:20 **** Incremental Build of configuration Debug for project zyboApp ****
make all 
make: Nothing to be done for `all'.
23:48:40 **** Auto Build of configuration Debug for project zyboApp ****
make all 
make: Nothing to be done for `all'.
23:49:22 **** Build of project standalone_bsp_0 ****
make -k all 
"Running Make include in ps7_cortexa9_0/libsrc/coresightps_dcc_v1_2/src"
make -C ps7_cortexa9_0/libsrc/coresightps_dcc_v1_2/src -s include  "SHELL=CMD" "COMPILER=arm-xilinx-eabi-gcc" "ARCHIVER=arm-xilinx-eabi-ar" "COMPILER_FLAGS=  -O2 -c" "EXTRA_COMPILER_FLAGS=-g"
"Running Make include in ps7_cortexa9_0/libsrc/cpu_cortexa9_v2_1/src"
make -C ps7_cortexa9_0/libsrc/cpu_cortexa9_v2_1/src -s include  "SHELL=CMD" "COMPILER=arm-xilinx-eabi-gcc" "ARCHIVER=arm-xilinx-eabi-ar" "COMPILER_FLAGS=  -O2 -c" "EXTRA_COMPILER_FLAGS=-g"
"Running Make include in ps7_cortexa9_0/libsrc/ddrps_v1_0/src"
make -C ps7_cortexa9_0/libsrc/ddrps_v1_0/src -s include  "SHELL=CMD" "COMPILER=arm-xilinx-eabi-gcc" "ARCHIVER=arm-xilinx-eabi-ar" "COMPILER_FLAGS=  -O2 -c" "EXTRA_COMPILER_FLAGS=-g"
"Running Make include in ps7_cortexa9_0/libsrc/devcfg_v3_3/src"
make -C ps7_cortexa9_0/libsrc/devcfg_v3_3/src -s include  "SHELL=CMD" "COMPILER=arm-xilinx-eabi-gcc" "ARCHIVER=arm-xilinx-eabi-ar" "COMPILER_FLAGS=  -O2 -c" "EXTRA_COMPILER_FLAGS=-g"
"Running Make include in ps7_cortexa9_0/libsrc/dmaps_v2_1/src"
make -C ps7_cortexa9_0/libsrc/dmaps_v2_1/src -s include  "SHELL=CMD" "COMPILER=arm-xilinx-eabi-gcc" "ARCHIVER=arm-xilinx-eabi-ar" "COMPILER_FLAGS=  -O2 -c" "EXTRA_COMPILER_FLAGS=-g"
"Running Make include in ps7_cortexa9_0/libsrc/emacps_v3_1/src"
make -C ps7_cortexa9_0/libsrc/emacps_v3_1/src -s include  "SHELL=CMD" "COMPILER=arm-xilinx-eabi-gcc" "ARCHIVER=arm-xilinx-eabi-ar" "COMPILER_FLAGS=  -O2 -c" "EXTRA_COMPILER_FLAGS=-g"
"Running Make include in ps7_cortexa9_0/libsrc/gpio_v4_0/src"
make -C ps7_cortexa9_0/libsrc/gpio_v4_0/src -s include  "SHELL=CMD" "COMPILER=arm-xilinx-eabi-gcc" "ARCHIVER=arm-xilinx-eabi-ar" "COMPILER_FLAGS=  -O2 -c" "EXTRA_COMPILER_FLAGS=-g"
"Running Make include in ps7_cortexa9_0/libsrc/gpiops_v3_1/src"
make -C ps7_cortexa9_0/libsrc/gpiops_v3_1/src -s include  "SHELL=CMD" "COMPILER=arm-xilinx-eabi-gcc" "ARCHIVER=arm-xilinx-eabi-ar" "COMPILER_FLAGS=  -O2 -c" "EXTRA_COMPILER_FLAGS=-g"
"Running Make include in ps7_cortexa9_0/libsrc/qspips_v3_2/src"
make -C ps7_cortexa9_0/libsrc/qspips_v3_2/src -s include  "SHELL=CMD" "COMPILER=arm-xilinx-eabi-gcc" "ARCHIVER=arm-xilinx-eabi-ar" "COMPILER_FLAGS=  -O2 -c" "EXTRA_COMPILER_FLAGS=-g"
"Running Make include in ps7_cortexa9_0/libsrc/scugic_v3_1/src"
make -C ps7_cortexa9_0/libsrc/scugic_v3_1/src -s include  "SHELL=CMD" "COMPILER=arm-xilinx-eabi-gcc" "ARCHIVER=arm-xilinx-eabi-ar" "COMPILER_FLAGS=  -O2 -c" "EXTRA_COMPILER_FLAGS=-g"
"Running Make include in ps7_cortexa9_0/libsrc/scutimer_v2_1/src"
make -C ps7_cortexa9_0/libsrc/scutimer_v2_1/src -s include  "SHELL=CMD" "COMPILER=arm-xilinx-eabi-gcc" "ARCHIVER=arm-xilinx-eabi-ar" "COMPILER_FLAGS=  -O2 -c" "EXTRA_COMPILER_FLAGS=-g"
"Running Make include in ps7_cortexa9_0/libsrc/scuwdt_v2_1/src"
make -C ps7_cortexa9_0/libsrc/scuwdt_v2_1/src -s include  "SHELL=CMD" "COMPILER=arm-xilinx-eabi-gcc" "ARCHIVER=arm-xilinx-eabi-ar" "COMPILER_FLAGS=  -O2 -c" "EXTRA_COMPILER_FLAGS=-g"
"Running Make include in ps7_cortexa9_0/libsrc/sdps_v2_6/src"
make -C ps7_cortexa9_0/libsrc/sdps_v2_6/src -s include  "SHELL=CMD" "COMPILER=arm-xilinx-eabi-gcc" "ARCHIVER=arm-xilinx-eabi-ar" "COMPILER_FLAGS=  -O2 -c" "EXTRA_COMPILER_FLAGS=-g"
"Running Make include in ps7_cortexa9_0/libsrc/spi_v4_1/src"
make -C ps7_cortexa9_0/libsrc/spi_v4_1/src -s include  "SHELL=CMD" "COMPILER=arm-xilinx-eabi-gcc" "ARCHIVER=arm-xilinx-eabi-ar" "COMPILER_FLAGS=  -O2 -c" "EXTRA_COMPILER_FLAGS=-g"
"Running Make include in ps7_cortexa9_0/libsrc/standalone_v5_3/src"
make -C ps7_cortexa9_0/libsrc/standalone_v5_3/src -s include  "SHELL=CMD" "COMPILER=arm-xilinx-eabi-gcc" "ARCHIVER=arm-xilinx-eabi-ar" "COMPILER_FLAGS=  -O2 -c" "EXTRA_COMPILER_FLAGS=-g"
"Running Make include in ps7_cortexa9_0/libsrc/ttcps_v3_0/src"
make -C ps7_cortexa9_0/libsrc/ttcps_v3_0/src -s include  "SHELL=CMD" "COMPILER=arm-xilinx-eabi-gcc" "ARCHIVER=arm-xilinx-eabi-ar" "COMPILER_FLAGS=  -O2 -c" "EXTRA_COMPILER_FLAGS=-g"
"Running Make include in ps7_cortexa9_0/libsrc/uartps_v3_1/src"
make -C ps7_cortexa9_0/libsrc/uartps_v3_1/src -s include  "SHELL=CMD" "COMPILER=arm-xilinx-eabi-gcc" "ARCHIVER=arm-xilinx-eabi-ar" "COMPILER_FLAGS=  -O2 -c" "EXTRA_COMPILER_FLAGS=-g"
"Running Make include in ps7_cortexa9_0/libsrc/usbps_v2_2/src"
make -C ps7_cortexa9_0/libsrc/usbps_v2_2/src -s include  "SHELL=CMD" "COMPILER=arm-xilinx-eabi-gcc" "ARCHIVER=arm-xilinx-eabi-ar" "COMPILER_FLAGS=  -O2 -c" "EXTRA_COMPILER_FLAGS=-g"
"Running Make include in ps7_cortexa9_0/libsrc/xadcps_v2_2/src"
make -C ps7_cortexa9_0/libsrc/xadcps_v2_2/src -s include  "SHELL=CMD" "COMPILER=arm-xilinx-eabi-gcc" "ARCHIVER=arm-xilinx-eabi-ar" "COMPILER_FLAGS=  -O2 -c" "EXTRA_COMPILER_FLAGS=-g"
"Running Make libs in ps7_cortexa9_0/libsrc/coresightps_dcc_v1_2/src"
make -C ps7_cortexa9_0/libsrc/coresightps_dcc_v1_2/src -s libs  "SHELL=CMD" "COMPILER=arm-xilinx-eabi-gcc" "ARCHIVER=arm-xilinx-eabi-ar" "COMPILER_FLAGS=  -O2 -c" "EXTRA_COMPILER_FLAGS=-g"
"Compiling coresightps_dcc"
arm-xilinx-eabi-ar: creating ../../../lib/libxil.a
"Running Make libs in ps7_cortexa9_0/libsrc/cpu_cortexa9_v2_1/src"
make -C ps7_cortexa9_0/libsrc/cpu_cortexa9_v2_1/src -s libs  "SHELL=CMD" "COMPILER=arm-xilinx-eabi-gcc" "ARCHIVER=arm-xilinx-eabi-ar" "COMPILER_FLAGS=  -O2 -c" "EXTRA_COMPILER_FLAGS=-g"
"Compiling cpu_cortexa9"
"Running Make libs in ps7_cortexa9_0/libsrc/ddrps_v1_0/src"
make -C ps7_cortexa9_0/libsrc/ddrps_v1_0/src -s libs  "SHELL=CMD" "COMPILER=arm-xilinx-eabi-gcc" "ARCHIVER=arm-xilinx-eabi-ar" "COMPILER_FLAGS=  -O2 -c" "EXTRA_COMPILER_FLAGS=-g"
"Compiling ddrps"
"Running Make libs in ps7_cortexa9_0/libsrc/devcfg_v3_3/src"
make -C ps7_cortexa9_0/libsrc/devcfg_v3_3/src -s libs  "SHELL=CMD" "COMPILER=arm-xilinx-eabi-gcc" "ARCHIVER=arm-xilinx-eabi-ar" "COMPILER_FLAGS=  -O2 -c" "EXTRA_COMPILER_FLAGS=-g"
"Compiling devcfg"
"Running Make libs in ps7_cortexa9_0/libsrc/dmaps_v2_1/src"
make -C ps7_cortexa9_0/libsrc/dmaps_v2_1/src -s libs  "SHELL=CMD" "COMPILER=arm-xilinx-eabi-gcc" "ARCHIVER=arm-xilinx-eabi-ar" "COMPILER_FLAGS=  -O2 -c" "EXTRA_COMPILER_FLAGS=-g"
"Compiling dmaps"
"Running Make libs in ps7_cortexa9_0/libsrc/emacps_v3_1/src"
make -C ps7_cortexa9_0/libsrc/emacps_v3_1/src -s libs  "SHELL=CMD" "COMPILER=arm-xilinx-eabi-gcc" "ARCHIVER=arm-xilinx-eabi-ar" "COMPILER_FLAGS=  -O2 -c" "EXTRA_COMPILER_FLAGS=-g"
"Compiling emacps"
"Running Make libs in ps7_cortexa9_0/libsrc/gpio_v4_0/src"
make -C ps7_cortexa9_0/libsrc/gpio_v4_0/src -s libs  "SHELL=CMD" "COMPILER=arm-xilinx-eabi-gcc" "ARCHIVER=arm-xilinx-eabi-ar" "COMPILER_FLAGS=  -O2 -c" "EXTRA_COMPILER_FLAGS=-g"
"Compiling gpio"
"Running Make libs in ps7_cortexa9_0/libsrc/gpiops_v3_1/src"
make -C ps7_cortexa9_0/libsrc/gpiops_v3_1/src -s libs  "SHELL=CMD" "COMPILER=arm-xilinx-eabi-gcc" "ARCHIVER=arm-xilinx-eabi-ar" "COMPILER_FLAGS=  -O2 -c" "EXTRA_COMPILER_FLAGS=-g"
"Compiling gpiops"
"Running Make libs in ps7_cortexa9_0/libsrc/qspips_v3_2/src"
make -C ps7_cortexa9_0/libsrc/qspips_v3_2/src -s libs  "SHELL=CMD" "COMPILER=arm-xilinx-eabi-gcc" "ARCHIVER=arm-xilinx-eabi-ar" "COMPILER_FLAGS=  -O2 -c" "EXTRA_COMPILER_FLAGS=-g"
"Compiling qspips"
"Running Make libs in ps7_cortexa9_0/libsrc/scugic_v3_1/src"
make -C ps7_cortexa9_0/libsrc/scugic_v3_1/src -s libs  "SHELL=CMD" "COMPILER=arm-xilinx-eabi-gcc" "ARCHIVER=arm-xilinx-eabi-ar" "COMPILER_FLAGS=  -O2 -c" "EXTRA_COMPILER_FLAGS=-g"
"Compiling scugic"
"Running Make libs in ps7_cortexa9_0/libsrc/scutimer_v2_1/src"
make -C ps7_cortexa9_0/libsrc/scutimer_v2_1/src -s libs  "SHELL=CMD" "COMPILER=arm-xilinx-eabi-gcc" "ARCHIVER=arm-xilinx-eabi-ar" "COMPILER_FLAGS=  -O2 -c" "EXTRA_COMPILER_FLAGS=-g"
"Compiling scutimer"
"Running Make libs in ps7_cortexa9_0/libsrc/scuwdt_v2_1/src"
make -C ps7_cortexa9_0/libsrc/scuwdt_v2_1/src -s libs  "SHELL=CMD" "COMPILER=arm-xilinx-eabi-gcc" "ARCHIVER=arm-xilinx-eabi-ar" "COMPILER_FLAGS=  -O2 -c" "EXTRA_COMPILER_FLAGS=-g"
"Compiling scuwdt"
"Running Make libs in ps7_cortexa9_0/libsrc/sdps_v2_6/src"
make -C ps7_cortexa9_0/libsrc/sdps_v2_6/src -s libs  "SHELL=CMD" "COMPILER=arm-xilinx-eabi-gcc" "ARCHIVER=arm-xilinx-eabi-ar" "COMPILER_FLAGS=  -O2 -c" "EXTRA_COMPILER_FLAGS=-g"
"Compiling sdps"
"Running Make libs in ps7_cortexa9_0/libsrc/spi_v4_1/src"
make -C ps7_cortexa9_0/libsrc/spi_v4_1/src -s libs  "SHELL=CMD" "COMPILER=arm-xilinx-eabi-gcc" "ARCHIVER=arm-xilinx-eabi-ar" "COMPILER_FLAGS=  -O2 -c" "EXTRA_COMPILER_FLAGS=-g"
"Compiling spi"
"Running Make libs in ps7_cortexa9_0/libsrc/standalone_v5_3/src"
make -C ps7_cortexa9_0/libsrc/standalone_v5_3/src -s libs  "SHELL=CMD" "COMPILER=arm-xilinx-eabi-gcc" "ARCHIVER=arm-xilinx-eabi-ar" "COMPILER_FLAGS=  -O2 -c" "EXTRA_COMPILER_FLAGS=-g"
"Compiling standalone"
"Running Make libs in ps7_cortexa9_0/libsrc/ttcps_v3_0/src"
make -C ps7_cortexa9_0/libsrc/ttcps_v3_0/src -s libs  "SHELL=CMD" "COMPILER=arm-xilinx-eabi-gcc" "ARCHIVER=arm-xilinx-eabi-ar" "COMPILER_FLAGS=  -O2 -c" "EXTRA_COMPILER_FLAGS=-g"
"Compiling ttcps"
"Running Make libs in ps7_cortexa9_0/libsrc/uartps_v3_1/src"
make -C ps7_cortexa9_0/libsrc/uartps_v3_1/src -s libs  "SHELL=CMD" "COMPILER=arm-xilinx-eabi-gcc" "ARCHIVER=arm-xilinx-eabi-ar" "COMPILER_FLAGS=  -O2 -c" "EXTRA_COMPILER_FLAGS=-g"
"Compiling uartps"
"Running Make libs in ps7_cortexa9_0/libsrc/usbps_v2_2/src"
make -C ps7_cortexa9_0/libsrc/usbps_v2_2/src -s libs  "SHELL=CMD" "COMPILER=arm-xilinx-eabi-gcc" "ARCHIVER=arm-xilinx-eabi-ar" "COMPILER_FLAGS=  -O2 -c" "EXTRA_COMPILER_FLAGS=-g"
"Compiling usbps"
"Running Make libs in ps7_cortexa9_0/libsrc/xadcps_v2_2/src"
make -C ps7_cortexa9_0/libsrc/xadcps_v2_2/src -s libs  "SHELL=CMD" "COMPILER=arm-xilinx-eabi-gcc" "ARCHIVER=arm-xilinx-eabi-ar" "COMPILER_FLAGS=  -O2 -c" "EXTRA_COMPILER_FLAGS=-g"
"Compiling xadcps"
'Finished building libraries'
23:49:51 **** Clean-only build of configuration Debug for project zyboApp ****
make clean 
rm -rf  ./src/main.d  ./src/OLED/ChrFont0.o ./src/OLED/FillPat.o ./src/OLED/OLED.o ./src/OLED/OledChar.o ./src/OLED/OledDriver.o ./src/OLED/OledGrph.o  ./src/main.o ./src/platform.o  ./src/platform.d  ./src/OLED/ChrFont0.d ./src/OLED/FillPat.d ./src/OLED/OLED.d ./src/OLED/OledChar.d ./src/OLED/OledDriver.d ./src/OLED/OledGrph.d  zyboApp.elf.size  zyboApp.elf
' '
23:49:52 **** Auto Build of configuration Debug for project zyboApp ****
make all 
'Building file: ../src/OLED/ChrFont0.cpp'
'Invoking: ARM g++ compiler'
arm-xilinx-eabi-g++ -Wall -O0 -g3 -I../../standalone_bsp_0/ps7_cortexa9_0/include -I../inc -c -fmessage-length=0 -MT"src/OLED/ChrFont0.o" -I../../standalone_bsp_0/ps7_cortexa9_0/include -MMD -MP -MF"src/OLED/ChrFont0.d" -MT"src/OLED/ChrFont0.d" -o "src/OLED/ChrFont0.o" "../src/OLED/ChrFont0.cpp"
'Finished building: ../src/OLED/ChrFont0.cpp'
' '
'Building file: ../src/OLED/FillPat.cpp'
'Invoking: ARM g++ compiler'
arm-xilinx-eabi-g++ -Wall -O0 -g3 -I../../standalone_bsp_0/ps7_cortexa9_0/include -I../inc -c -fmessage-length=0 -MT"src/OLED/FillPat.o" -I../../standalone_bsp_0/ps7_cortexa9_0/include -MMD -MP -MF"src/OLED/FillPat.d" -MT"src/OLED/FillPat.d" -o "src/OLED/FillPat.o" "../src/OLED/FillPat.cpp"
'Finished building: ../src/OLED/FillPat.cpp'
' '
'Building file: ../src/OLED/OLED.cpp'
'Invoking: ARM g++ compiler'
arm-xilinx-eabi-g++ -Wall -O0 -g3 -I../../standalone_bsp_0/ps7_cortexa9_0/include -I../inc -c -fmessage-length=0 -MT"src/OLED/OLED.o" -I../../standalone_bsp_0/ps7_cortexa9_0/include -MMD -MP -MF"src/OLED/OLED.d" -MT"src/OLED/OLED.d" -o "src/OLED/OLED.o" "../src/OLED/OLED.cpp"
'Finished building: ../src/OLED/OLED.cpp'
' '
'Building file: ../src/OLED/OledChar.cpp'
'Invoking: ARM g++ compiler'
arm-xilinx-eabi-g++ -Wall -O0 -g3 -I../../standalone_bsp_0/ps7_cortexa9_0/include -I../inc -c -fmessage-length=0 -MT"src/OLED/OledChar.o" -I../../standalone_bsp_0/ps7_cortexa9_0/include -MMD -MP -MF"src/OLED/OledChar.d" -MT"src/OLED/OledChar.d" -o "src/OLED/OledChar.o" "../src/OLED/OledChar.cpp"
'Finished building: ../src/OLED/OledChar.cpp'
' '
'Building file: ../src/OLED/OledDriver.cpp'
'Invoking: ARM g++ compiler'
arm-xilinx-eabi-g++ -Wall -O0 -g3 -I../../standalone_bsp_0/ps7_cortexa9_0/include -I../inc -c -fmessage-length=0 -MT"src/OLED/OledDriver.o" -I../../standalone_bsp_0/ps7_cortexa9_0/include -MMD -MP -MF"src/OLED/OledDriver.d" -MT"src/OLED/OledDriver.d" -o "src/OLED/OledDriver.o" "../src/OLED/OledDriver.cpp"
../src/OLED/OledDriver.cpp:37:1: warning: "/*" within comment [-Wcomment]
 /* 22/02/2016(EusebiuB): adapted library to work on Zybo    */
 ^
../src/OLED/OledDriver.cpp: In function 'void OledHostInit()':
../src/OLED/OledDriver.cpp:282:6: warning: variable 'slaveReg' set but not used [-Wunused-but-set-variable]
  u32 slaveReg = XSpi_GetSlaveSelectReg(&SpiInstance);
      ^
'Finished building: ../src/OLED/OledDriver.cpp'
' '
'Building file: ../src/OLED/OledGrph.cpp'
'Invoking: ARM g++ compiler'
arm-xilinx-eabi-g++ -Wall -O0 -g3 -I../../standalone_bsp_0/ps7_cortexa9_0/include -I../inc -c -fmessage-length=0 -MT"src/OLED/OledGrph.o" -I../../standalone_bsp_0/ps7_cortexa9_0/include -MMD -MP -MF"src/OLED/OledGrph.d" -MT"src/OLED/OledGrph.d" -o "src/OLED/OledGrph.o" "../src/OLED/OledGrph.cpp"
../src/OLED/OledGrph.cpp: In function 'void OledFillRect(int, int)':
../src/OLED/OledGrph.cpp:534:10: warning: unused variable 'bTmp' [-Wunused-variable]
  uint8_t bTmp;
          ^
../src/OLED/OledGrph.cpp: In function 'void OledGetBmp(int, int, uint8_t*)':
../src/OLED/OledGrph.cpp:643:10: warning: variable 'bTmp' set but not used [-Wunused-but-set-variable]
  uint8_t bTmp;
          ^
../src/OLED/OledGrph.cpp: In function 'void OledPutBmp(int, int, uint8_t*)':
../src/OLED/OledGrph.cpp:740:10: warning: unused variable 'bDsp' [-Wunused-variable]
  uint8_t bDsp;
          ^
../src/OLED/OledGrph.cpp:747:10: warning: unused variable 'bTmp' [-Wunused-variable]
  uint8_t bTmp;
          ^
../src/OLED/OledGrph.cpp: In function 'void OledDrawChar(char)':
../src/OLED/OledGrph.cpp:847:12: warning: variable 'pbBmp' set but not used [-Wunused-but-set-variable]
  uint8_t * pbBmp;
            ^
../src/OLED/OledGrph.cpp:848:7: warning: unused variable 'ib' [-Wunused-variable]
  int  ib;
       ^
'Finished building: ../src/OLED/OledGrph.cpp'
' '
'Building file: ../src/main.cc'
'Invoking: ARM g++ compiler'
arm-xilinx-eabi-g++ -Wall -O0 -g3 -I../../standalone_bsp_0/ps7_cortexa9_0/include -I../inc -c -fmessage-length=0 -MT"src/main.o" -I../../standalone_bsp_0/ps7_cortexa9_0/include -MMD -MP -MF"src/main.d" -MT"src/main.d" -o "src/main.o" "../src/main.cc"
../src/main.cc: In function 'int main()':
../src/main.cc:66:29: warning: deprecated conversion from string constant to 'char*' [-Wwrite-strings]
    OLED.putString("PmodOLED");
                             ^
../src/main.cc:68:32: warning: deprecated conversion from string constant to 'char*' [-Wwrite-strings]
    OLED.putString("by Digilent");
                                ^
../src/main.cc:70:32: warning: deprecated conversion from string constant to 'char*' [-Wwrite-strings]
    OLED.putString("Simple Demo");
                                ^
'Finished building: ../src/main.cc'
' '
'Building file: ../src/platform.c'
'Invoking: ARM g++ compiler'
arm-xilinx-eabi-g++ -Wall -O0 -g3 -I../../standalone_bsp_0/ps7_cortexa9_0/include -I../inc -c -fmessage-length=0 -MT"src/platform.o" -I../../standalone_bsp_0/ps7_cortexa9_0/include -MMD -MP -MF"src/platform.d" -MT"src/platform.d" -o "src/platform.o" "../src/platform.c"
'Finished building: ../src/platform.c'
' '
'Building target: zyboApp.elf'
'Invoking: ARM g++ linker'
arm-xilinx-eabi-g++ -Wl,-T -Wl,../src/lscript.ld -L../../standalone_bsp_0/ps7_cortexa9_0/lib -o "zyboApp.elf"  ./src/OLED/ChrFont0.o ./src/OLED/FillPat.o ./src/OLED/OLED.o ./src/OLED/OledChar.o ./src/OLED/OledDriver.o ./src/OLED/OledGrph.o  ./src/main.o ./src/platform.o   -Wl,--start-group,-lxil,-lgcc,-lc,-lstdc++,--end-group
'Finished building target: zyboApp.elf'
' '
'Invoking: ARM Print Size'
arm-xilinx-eabi-size zyboApp.elf  |tee "zyboApp.elf.size"
   text	   data	    bss	    dec	    hex	filename
  86664	   2412	  23600	 112676	  1b824	zyboApp.elf
'Finished building: zyboApp.elf.size'
' '
23:50:27 **** Incremental Build of configuration Debug for project zyboApp ****
make all 
make: Nothing to be done for `all'.
23:50:46 **** Incremental Build of configuration Debug for project zyboApp ****
make all 
make: Nothing to be done for `all'.
23:51:45 **** Auto Build of project standalone_bsp_0 ****
make -k all 
"Running Make include in ps7_cortexa9_0/libsrc/coresightps_dcc_v1_2/src"
make -C ps7_cortexa9_0/libsrc/coresightps_dcc_v1_2/src -s include  "SHELL=CMD" "COMPILER=arm-xilinx-eabi-gcc" "ARCHIVER=arm-xilinx-eabi-ar" "COMPILER_FLAGS=  -O2 -c" "EXTRA_COMPILER_FLAGS=-g"
"Running Make include in ps7_cortexa9_0/libsrc/cpu_cortexa9_v2_1/src"
make -C ps7_cortexa9_0/libsrc/cpu_cortexa9_v2_1/src -s include  "SHELL=CMD" "COMPILER=arm-xilinx-eabi-gcc" "ARCHIVER=arm-xilinx-eabi-ar" "COMPILER_FLAGS=  -O2 -c" "EXTRA_COMPILER_FLAGS=-g"
"Running Make include in ps7_cortexa9_0/libsrc/ddrps_v1_0/src"
make -C ps7_cortexa9_0/libsrc/ddrps_v1_0/src -s include  "SHELL=CMD" "COMPILER=arm-xilinx-eabi-gcc" "ARCHIVER=arm-xilinx-eabi-ar" "COMPILER_FLAGS=  -O2 -c" "EXTRA_COMPILER_FLAGS=-g"
"Running Make include in ps7_cortexa9_0/libsrc/devcfg_v3_3/src"
make -C ps7_cortexa9_0/libsrc/devcfg_v3_3/src -s include  "SHELL=CMD" "COMPILER=arm-xilinx-eabi-gcc" "ARCHIVER=arm-xilinx-eabi-ar" "COMPILER_FLAGS=  -O2 -c" "EXTRA_COMPILER_FLAGS=-g"
"Running Make include in ps7_cortexa9_0/libsrc/dmaps_v2_1/src"
make -C ps7_cortexa9_0/libsrc/dmaps_v2_1/src -s include  "SHELL=CMD" "COMPILER=arm-xilinx-eabi-gcc" "ARCHIVER=arm-xilinx-eabi-ar" "COMPILER_FLAGS=  -O2 -c" "EXTRA_COMPILER_FLAGS=-g"
"Running Make include in ps7_cortexa9_0/libsrc/emacps_v3_1/src"
make -C ps7_cortexa9_0/libsrc/emacps_v3_1/src -s include  "SHELL=CMD" "COMPILER=arm-xilinx-eabi-gcc" "ARCHIVER=arm-xilinx-eabi-ar" "COMPILER_FLAGS=  -O2 -c" "EXTRA_COMPILER_FLAGS=-g"
"Running Make include in ps7_cortexa9_0/libsrc/gpio_v4_0/src"
make -C ps7_cortexa9_0/libsrc/gpio_v4_0/src -s include  "SHELL=CMD" "COMPILER=arm-xilinx-eabi-gcc" "ARCHIVER=arm-xilinx-eabi-ar" "COMPILER_FLAGS=  -O2 -c" "EXTRA_COMPILER_FLAGS=-g"
"Running Make include in ps7_cortexa9_0/libsrc/gpiops_v3_1/src"
make -C ps7_cortexa9_0/libsrc/gpiops_v3_1/src -s include  "SHELL=CMD" "COMPILER=arm-xilinx-eabi-gcc" "ARCHIVER=arm-xilinx-eabi-ar" "COMPILER_FLAGS=  -O2 -c" "EXTRA_COMPILER_FLAGS=-g"
"Running Make include in ps7_cortexa9_0/libsrc/qspips_v3_2/src"
make -C ps7_cortexa9_0/libsrc/qspips_v3_2/src -s include  "SHELL=CMD" "COMPILER=arm-xilinx-eabi-gcc" "ARCHIVER=arm-xilinx-eabi-ar" "COMPILER_FLAGS=  -O2 -c" "EXTRA_COMPILER_FLAGS=-g"
"Running Make include in ps7_cortexa9_0/libsrc/scugic_v3_1/src"
make -C ps7_cortexa9_0/libsrc/scugic_v3_1/src -s include  "SHELL=CMD" "COMPILER=arm-xilinx-eabi-gcc" "ARCHIVER=arm-xilinx-eabi-ar" "COMPILER_FLAGS=  -O2 -c" "EXTRA_COMPILER_FLAGS=-g"
"Running Make include in ps7_cortexa9_0/libsrc/scutimer_v2_1/src"
make -C ps7_cortexa9_0/libsrc/scutimer_v2_1/src -s include  "SHELL=CMD" "COMPILER=arm-xilinx-eabi-gcc" "ARCHIVER=arm-xilinx-eabi-ar" "COMPILER_FLAGS=  -O2 -c" "EXTRA_COMPILER_FLAGS=-g"
"Running Make include in ps7_cortexa9_0/libsrc/scuwdt_v2_1/src"
make -C ps7_cortexa9_0/libsrc/scuwdt_v2_1/src -s include  "SHELL=CMD" "COMPILER=arm-xilinx-eabi-gcc" "ARCHIVER=arm-xilinx-eabi-ar" "COMPILER_FLAGS=  -O2 -c" "EXTRA_COMPILER_FLAGS=-g"
"Running Make include in ps7_cortexa9_0/libsrc/sdps_v2_6/src"
make -C ps7_cortexa9_0/libsrc/sdps_v2_6/src -s include  "SHELL=CMD" "COMPILER=arm-xilinx-eabi-gcc" "ARCHIVER=arm-xilinx-eabi-ar" "COMPILER_FLAGS=  -O2 -c" "EXTRA_COMPILER_FLAGS=-g"
"Running Make include in ps7_cortexa9_0/libsrc/spi_v4_1/src"
make -C ps7_cortexa9_0/libsrc/spi_v4_1/src -s include  "SHELL=CMD" "COMPILER=arm-xilinx-eabi-gcc" "ARCHIVER=arm-xilinx-eabi-ar" "COMPILER_FLAGS=  -O2 -c" "EXTRA_COMPILER_FLAGS=-g"
"Running Make include in ps7_cortexa9_0/libsrc/standalone_v5_3/src"
make -C ps7_cortexa9_0/libsrc/standalone_v5_3/src -s include  "SHELL=CMD" "COMPILER=arm-xilinx-eabi-gcc" "ARCHIVER=arm-xilinx-eabi-ar" "COMPILER_FLAGS=  -O2 -c" "EXTRA_COMPILER_FLAGS=-g"
"Running Make include in ps7_cortexa9_0/libsrc/ttcps_v3_0/src"
make -C ps7_cortexa9_0/libsrc/ttcps_v3_0/src -s include  "SHELL=CMD" "COMPILER=arm-xilinx-eabi-gcc" "ARCHIVER=arm-xilinx-eabi-ar" "COMPILER_FLAGS=  -O2 -c" "EXTRA_COMPILER_FLAGS=-g"
"Running Make include in ps7_cortexa9_0/libsrc/uartps_v3_1/src"
make -C ps7_cortexa9_0/libsrc/uartps_v3_1/src -s include  "SHELL=CMD" "COMPILER=arm-xilinx-eabi-gcc" "ARCHIVER=arm-xilinx-eabi-ar" "COMPILER_FLAGS=  -O2 -c" "EXTRA_COMPILER_FLAGS=-g"
"Running Make include in ps7_cortexa9_0/libsrc/usbps_v2_2/src"
make -C ps7_cortexa9_0/libsrc/usbps_v2_2/src -s include  "SHELL=CMD" "COMPILER=arm-xilinx-eabi-gcc" "ARCHIVER=arm-xilinx-eabi-ar" "COMPILER_FLAGS=  -O2 -c" "EXTRA_COMPILER_FLAGS=-g"
"Running Make include in ps7_cortexa9_0/libsrc/xadcps_v2_2/src"
make -C ps7_cortexa9_0/libsrc/xadcps_v2_2/src -s include  "SHELL=CMD" "COMPILER=arm-xilinx-eabi-gcc" "ARCHIVER=arm-xilinx-eabi-ar" "COMPILER_FLAGS=  -O2 -c" "EXTRA_COMPILER_FLAGS=-g"
"Running Make libs in ps7_cortexa9_0/libsrc/coresightps_dcc_v1_2/src"
make -C ps7_cortexa9_0/libsrc/coresightps_dcc_v1_2/src -s libs  "SHELL=CMD" "COMPILER=arm-xilinx-eabi-gcc" "ARCHIVER=arm-xilinx-eabi-ar" "COMPILER_FLAGS=  -O2 -c" "EXTRA_COMPILER_FLAGS=-g"
"Compiling coresightps_dcc"
"Running Make libs in ps7_cortexa9_0/libsrc/cpu_cortexa9_v2_1/src"
make -C ps7_cortexa9_0/libsrc/cpu_cortexa9_v2_1/src -s libs  "SHELL=CMD" "COMPILER=arm-xilinx-eabi-gcc" "ARCHIVER=arm-xilinx-eabi-ar" "COMPILER_FLAGS=  -O2 -c" "EXTRA_COMPILER_FLAGS=-g"
"Compiling cpu_cortexa9"
"Running Make libs in ps7_cortexa9_0/libsrc/ddrps_v1_0/src"
make -C ps7_cortexa9_0/libsrc/ddrps_v1_0/src -s libs  "SHELL=CMD" "COMPILER=arm-xilinx-eabi-gcc" "ARCHIVER=arm-xilinx-eabi-ar" "COMPILER_FLAGS=  -O2 -c" "EXTRA_COMPILER_FLAGS=-g"
"Compiling ddrps"
"Running Make libs in ps7_cortexa9_0/libsrc/devcfg_v3_3/src"
make -C ps7_cortexa9_0/libsrc/devcfg_v3_3/src -s libs  "SHELL=CMD" "COMPILER=arm-xilinx-eabi-gcc" "ARCHIVER=arm-xilinx-eabi-ar" "COMPILER_FLAGS=  -O2 -c" "EXTRA_COMPILER_FLAGS=-g"
"Compiling devcfg"
"Running Make libs in ps7_cortexa9_0/libsrc/dmaps_v2_1/src"
make -C ps7_cortexa9_0/libsrc/dmaps_v2_1/src -s libs  "SHELL=CMD" "COMPILER=arm-xilinx-eabi-gcc" "ARCHIVER=arm-xilinx-eabi-ar" "COMPILER_FLAGS=  -O2 -c" "EXTRA_COMPILER_FLAGS=-g"
"Compiling dmaps"
"Running Make libs in ps7_cortexa9_0/libsrc/emacps_v3_1/src"
make -C ps7_cortexa9_0/libsrc/emacps_v3_1/src -s libs  "SHELL=CMD" "COMPILER=arm-xilinx-eabi-gcc" "ARCHIVER=arm-xilinx-eabi-ar" "COMPILER_FLAGS=  -O2 -c" "EXTRA_COMPILER_FLAGS=-g"
"Compiling emacps"
"Running Make libs in ps7_cortexa9_0/libsrc/gpio_v4_0/src"
make -C ps7_cortexa9_0/libsrc/gpio_v4_0/src -s libs  "SHELL=CMD" "COMPILER=arm-xilinx-eabi-gcc" "ARCHIVER=arm-xilinx-eabi-ar" "COMPILER_FLAGS=  -O2 -c" "EXTRA_COMPILER_FLAGS=-g"
"Compiling gpio"
"Running Make libs in ps7_cortexa9_0/libsrc/gpiops_v3_1/src"
make -C ps7_cortexa9_0/libsrc/gpiops_v3_1/src -s libs  "SHELL=CMD" "COMPILER=arm-xilinx-eabi-gcc" "ARCHIVER=arm-xilinx-eabi-ar" "COMPILER_FLAGS=  -O2 -c" "EXTRA_COMPILER_FLAGS=-g"
"Compiling gpiops"
"Running Make libs in ps7_cortexa9_0/libsrc/qspips_v3_2/src"
make -C ps7_cortexa9_0/libsrc/qspips_v3_2/src -s libs  "SHELL=CMD" "COMPILER=arm-xilinx-eabi-gcc" "ARCHIVER=arm-xilinx-eabi-ar" "COMPILER_FLAGS=  -O2 -c" "EXTRA_COMPILER_FLAGS=-g"
"Compiling qspips"
"Running Make libs in ps7_cortexa9_0/libsrc/scugic_v3_1/src"
make -C ps7_cortexa9_0/libsrc/scugic_v3_1/src -s libs  "SHELL=CMD" "COMPILER=arm-xilinx-eabi-gcc" "ARCHIVER=arm-xilinx-eabi-ar" "COMPILER_FLAGS=  -O2 -c" "EXTRA_COMPILER_FLAGS=-g"
"Compiling scugic"
"Running Make libs in ps7_cortexa9_0/libsrc/scutimer_v2_1/src"
make -C ps7_cortexa9_0/libsrc/scutimer_v2_1/src -s libs  "SHELL=CMD" "COMPILER=arm-xilinx-eabi-gcc" "ARCHIVER=arm-xilinx-eabi-ar" "COMPILER_FLAGS=  -O2 -c" "EXTRA_COMPILER_FLAGS=-g"
"Compiling scutimer"
"Running Make libs in ps7_cortexa9_0/libsrc/scuwdt_v2_1/src"
make -C ps7_cortexa9_0/libsrc/scuwdt_v2_1/src -s libs  "SHELL=CMD" "COMPILER=arm-xilinx-eabi-gcc" "ARCHIVER=arm-xilinx-eabi-ar" "COMPILER_FLAGS=  -O2 -c" "EXTRA_COMPILER_FLAGS=-g"
"Compiling scuwdt"
"Running Make libs in ps7_cortexa9_0/libsrc/sdps_v2_6/src"
make -C ps7_cortexa9_0/libsrc/sdps_v2_6/src -s libs  "SHELL=CMD" "COMPILER=arm-xilinx-eabi-gcc" "ARCHIVER=arm-xilinx-eabi-ar" "COMPILER_FLAGS=  -O2 -c" "EXTRA_COMPILER_FLAGS=-g"
"Compiling sdps"
"Running Make libs in ps7_cortexa9_0/libsrc/spi_v4_1/src"
make -C ps7_cortexa9_0/libsrc/spi_v4_1/src -s libs  "SHELL=CMD" "COMPILER=arm-xilinx-eabi-gcc" "ARCHIVER=arm-xilinx-eabi-ar" "COMPILER_FLAGS=  -O2 -c" "EXTRA_COMPILER_FLAGS=-g"
"Compiling spi"
"Running Make libs in ps7_cortexa9_0/libsrc/standalone_v5_3/src"
make -C ps7_cortexa9_0/libsrc/standalone_v5_3/src -s libs  "SHELL=CMD" "COMPILER=arm-xilinx-eabi-gcc" "ARCHIVER=arm-xilinx-eabi-ar" "COMPILER_FLAGS=  -O2 -c" "EXTRA_COMPILER_FLAGS=-g"
"Compiling standalone"
"Running Make libs in ps7_cortexa9_0/libsrc/ttcps_v3_0/src"
make -C ps7_cortexa9_0/libsrc/ttcps_v3_0/src -s libs  "SHELL=CMD" "COMPILER=arm-xilinx-eabi-gcc" "ARCHIVER=arm-xilinx-eabi-ar" "COMPILER_FLAGS=  -O2 -c" "EXTRA_COMPILER_FLAGS=-g"
"Compiling ttcps"
"Running Make libs in ps7_cortexa9_0/libsrc/uartps_v3_1/src"
make -C ps7_cortexa9_0/libsrc/uartps_v3_1/src -s libs  "SHELL=CMD" "COMPILER=arm-xilinx-eabi-gcc" "ARCHIVER=arm-xilinx-eabi-ar" "COMPILER_FLAGS=  -O2 -c" "EXTRA_COMPILER_FLAGS=-g"
"Compiling uartps"
"Running Make libs in ps7_cortexa9_0/libsrc/usbps_v2_2/src"
make -C ps7_cortexa9_0/libsrc/usbps_v2_2/src -s libs  "SHELL=CMD" "COMPILER=arm-xilinx-eabi-gcc" "ARCHIVER=arm-xilinx-eabi-ar" "COMPILER_FLAGS=  -O2 -c" "EXTRA_COMPILER_FLAGS=-g"
"Compiling usbps"
"Running Make libs in ps7_cortexa9_0/libsrc/xadcps_v2_2/src"
make -C ps7_cortexa9_0/libsrc/xadcps_v2_2/src -s libs  "SHELL=CMD" "COMPILER=arm-xilinx-eabi-gcc" "ARCHIVER=arm-xilinx-eabi-ar" "COMPILER_FLAGS=  -O2 -c" "EXTRA_COMPILER_FLAGS=-g"
"Compiling xadcps"
'Finished building libraries'
23:52:14 **** Auto Build of configuration Debug for project zyboApp ****
make all 
'Building file: ../src/OLED/OledDriver.cpp'
'Invoking: ARM g++ compiler'
arm-xilinx-eabi-g++ -Wall -O0 -g3 -I../../standalone_bsp_0/ps7_cortexa9_0/include -I../inc -c -fmessage-length=0 -MT"src/OLED/OledDriver.o" -I../../standalone_bsp_0/ps7_cortexa9_0/include -MMD -MP -MF"src/OLED/OledDriver.d" -MT"src/OLED/OledDriver.d" -o "src/OLED/OledDriver.o" "../src/OLED/OledDriver.cpp"
../src/OLED/OledDriver.cpp:37:1: warning: "/*" within comment [-Wcomment]
 /* 22/02/2016(EusebiuB): adapted library to work on Zybo    */
 ^
../src/OLED/OledDriver.cpp: In function 'void OledHostInit()':
../src/OLED/OledDriver.cpp:282:6: warning: variable 'slaveReg' set but not used [-Wunused-but-set-variable]
  u32 slaveReg = XSpi_GetSlaveSelectReg(&SpiInstance);
      ^
'Finished building: ../src/OLED/OledDriver.cpp'
' '
'Building file: ../src/main.cc'
'Invoking: ARM g++ compiler'
arm-xilinx-eabi-g++ -Wall -O0 -g3 -I../../standalone_bsp_0/ps7_cortexa9_0/include -I../inc -c -fmessage-length=0 -MT"src/main.o" -I../../standalone_bsp_0/ps7_cortexa9_0/include -MMD -MP -MF"src/main.d" -MT"src/main.d" -o "src/main.o" "../src/main.cc"
../src/main.cc: In function 'int main()':
../src/main.cc:66:29: warning: deprecated conversion from string constant to 'char*' [-Wwrite-strings]
    OLED.putString("PmodOLED");
                             ^
../src/main.cc:68:32: warning: deprecated conversion from string constant to 'char*' [-Wwrite-strings]
    OLED.putString("by Digilent");
                                ^
../src/main.cc:70:32: warning: deprecated conversion from string constant to 'char*' [-Wwrite-strings]
    OLED.putString("Simple Demo");
                                ^
'Finished building: ../src/main.cc'
' '
'Building file: ../src/platform.c'
'Invoking: ARM g++ compiler'
arm-xilinx-eabi-g++ -Wall -O0 -g3 -I../../standalone_bsp_0/ps7_cortexa9_0/include -I../inc -c -fmessage-length=0 -MT"src/platform.o" -I../../standalone_bsp_0/ps7_cortexa9_0/include -MMD -MP -MF"src/platform.d" -MT"src/platform.d" -o "src/platform.o" "../src/platform.c"
'Finished building: ../src/platform.c'
' '
'Building target: zyboApp.elf'
'Invoking: ARM g++ linker'
arm-xilinx-eabi-g++ -Wl,-T -Wl,../src/lscript.ld -L../../standalone_bsp_0/ps7_cortexa9_0/lib -o "zyboApp.elf"  ./src/OLED/ChrFont0.o ./src/OLED/FillPat.o ./src/OLED/OLED.o ./src/OLED/OledChar.o ./src/OLED/OledDriver.o ./src/OLED/OledGrph.o  ./src/main.o ./src/platform.o   -Wl,--start-group,-lxil,-lgcc,-lc,-lstdc++,--end-group
'Finished building target: zyboApp.elf'
' '
'Invoking: ARM Print Size'
arm-xilinx-eabi-size zyboApp.elf  |tee "zyboApp.elf.size"
   text	   data	    bss	    dec	    hex	filename
  86664	   2412	  23600	 112676	  1b824	zyboApp.elf
'Finished building: zyboApp.elf.size'
' '
23:52:22 **** Incremental Build of configuration Debug for project zyboApp ****
make all 
make: Nothing to be done for `all'.
11:29:32 **** Auto Build of configuration Debug for project zyboApp ****
make all 
'Building file: ../src/RF/mrf24j.cpp'
'Invoking: ARM g++ compiler'
arm-xilinx-eabi-g++ -Wall -O0 -g3 -I../../standalone_bsp_0/ps7_cortexa9_0/include -I../inc -c -fmessage-length=0 -MT"src/RF/mrf24j.o" -MMD -MP -MF"src/RF/mrf24j.d" -MT"src/RF/mrf24j.d" -o "src/RF/mrf24j.o" "../src/RF/mrf24j.cpp"
In file included from ../src/RF/mrf24j.cpp:6:0:
../inc/RF/mrf24j.h:144:5: error: 'uint8_t' does not name a type
     uint8_t frame_length;
     ^
../inc/RF/mrf24j.h:145:5: error: 'uint8_t' does not name a type
     uint8_t rx_data[116]; //max data length = (127 aMaxPHYPacketSize - 2 Frame control - 1 sequence number - 2 panid - 2 shortAddr Destination - 2 shortAddr Source - 2 FCS)
     ^
In file included from ../src/RF/mrf24j.cpp:6:0:
../inc/RF/mrf24j.h:146:5: error: 'uint8_t' does not name a type
     uint8_t lqi;
     ^
../inc/RF/mrf24j.h:147:5: error: 'uint8_t' does not name a type
     uint8_t rssi;
     ^
../inc/RF/mrf24j.h:154:5: error: 'uint8_t' does not name a type
     uint8_t tx_ok:1;
     ^
../inc/RF/mrf24j.h:155:5: error: 'uint8_t' does not name a type
     uint8_t retries:2;
     ^
../inc/RF/mrf24j.h:156:5: error: 'uint8_t' does not name a type
     uint8_t channel_busy:1;
     ^
../inc/RF/mrf24j.h:166:9: error: 'uint8_t' does not name a type
         uint8_t read_short(uint8_t address);
         ^
../inc/RF/mrf24j.h:167:9: error: 'uint8_t' does not name a type
         uint8_t read_long(word address);
         ^
../inc/RF/mrf24j.h:169:26: error: 'uint8_t' has not been declared
         void write_short(uint8_t address, uint8_t data);
                          ^
../inc/RF/mrf24j.h:169:43: error: 'uint8_t' has not been declared
         void write_short(uint8_t address, uint8_t data);
                                           ^
../inc/RF/mrf24j.h:170:25: error: 'word' has not been declared
         void write_long(word address, uint8_t data);
                         ^
../inc/RF/mrf24j.h:170:39: error: 'uint8_t' has not been declared
         void write_long(word address, uint8_t data);
                                       ^
../inc/RF/mrf24j.h:172:9: error: 'word' does not name a type
         word get_pan(void);
         ^
../inc/RF/mrf24j.h:173:22: error: 'word' has not been declared
         void set_pan(word panid);
                      ^
../inc/RF/mrf24j.h:175:30: error: 'word' has not been declared
         void address16_write(word address16);
                              ^
../inc/RF/mrf24j.h:176:9: error: 'word' does not name a type
         word address16_read(void);
         ^
../inc/RF/mrf24j.h:180:30: error: 'boolean' has not been declared
         void set_promiscuous(boolean enabled);
                              ^
../inc/RF/mrf24j.h:185:26: error: 'uint8_t' has not been declared
         void set_channel(uint8_t channel);
                          ^
../inc/RF/mrf24j.h:197:9: error: 'uint8_t' does not name a type
         uint8_t * get_rxbuf(void);
         ^
../inc/RF/mrf24j.h:206:28: error: 'boolean' has not been declared
         void set_bufferPHY(boolean bp);
                            ^
../inc/RF/mrf24j.h:208:9: error: 'boolean' does not name a type
         boolean get_bufferPHY(void);
         ^
../inc/RF/mrf24j.h:213:24: error: 'boolean' has not been declared
         void set_palna(boolean enabled);
                        ^
../inc/RF/mrf24j.h:215:21: error: 'word' has not been declared
         void send16(word dest16, char * data);
                     ^
../src/RF/mrf24j.cpp:28:8: error: 'boolean' does not name a type
 static boolean bufPHY = false; // flag to buffer all uint8_ts in PHY Payload, or not
        ^
../src/RF/mrf24j.cpp:48:1: error: prototype for 'Mrf24j::Mrf24j()' does not match any in class 'Mrf24j'
 Mrf24j::Mrf24j() 
 ^
In file included from ../src/RF/mrf24j.cpp:6:0:
../inc/RF/mrf24j.h:159:7: error: candidates are: Mrf24j::Mrf24j(const Mrf24j&)
 class Mrf24j
       ^
../inc/RF/mrf24j.h:162:9: error:                 Mrf24j::Mrf24j(int, int, int)
         Mrf24j(int pin_reset, int pin_chip_select, int pin_interrupt);
         ^
../src/RF/mrf24j.cpp:122:43: error: no 'uint8_t Mrf24j::read_short(uint8_t)' member function declared in class 'Mrf24j'
 uint8_t Mrf24j::read_short(uint8_t address)
                                           ^
../src/RF/mrf24j.cpp:134:27: error: 'uint8_t Mrf24j::read_long' is not a static member of 'class Mrf24j'
 uint8_t Mrf24j::read_long(word address) 
                           ^
../src/RF/mrf24j.cpp:134:27: error: 'word' was not declared in this scope
../src/RF/mrf24j.cpp:135:1: error: expected ',' or ';' before '{' token
 {
 ^
../src/RF/mrf24j.cpp:151:6: error: prototype for 'void Mrf24j::write_short(uint8_t, uint8_t)' does not match any in class 'Mrf24j'
 void Mrf24j::write_short(uint8_t address, uint8_t data)
      ^
In file included from ../src/RF/mrf24j.cpp:6:0:
../inc/RF/mrf24j.h:169:14: error: candidate is: void Mrf24j::write_short(int, int)
         void write_short(uint8_t address, uint8_t data);
              ^
../src/RF/mrf24j.cpp:161:25: error: variable or field 'write_long' declared void
 void Mrf24j::write_long(word address, uint8_t data) 
                         ^
../src/RF/mrf24j.cpp:161:25: error: 'word' was not declared in this scope
../src/RF/mrf24j.cpp:161:47: error: expected primary-expression before 'data'
 void Mrf24j::write_long(word address, uint8_t data) 
                                               ^
../src/RF/mrf24j.cpp:175:1: error: 'word' does not name a type
 word Mrf24j::get_pan(void) {
 ^
../src/RF/mrf24j.cpp:180:22: error: variable or field 'set_pan' declared void
 void Mrf24j::set_pan(word panid) {
                      ^
../src/RF/mrf24j.cpp:180:22: error: 'word' was not declared in this scope
../src/RF/mrf24j.cpp:185:30: error: variable or field 'address16_write' declared void
 void Mrf24j::address16_write(word address16) {
                              ^
../src/RF/mrf24j.cpp:185:30: error: 'word' was not declared in this scope
../src/RF/mrf24j.cpp:190:1: error: 'word' does not name a type
 word Mrf24j::address16_read(void) {
 ^
../src/RF/mrf24j.cpp:199:21: error: variable or field 'send16' declared void
 void Mrf24j::send16(word dest16, char * data) {
                     ^
../src/RF/mrf24j.cpp:199:21: error: 'word' was not declared in this scope
../src/RF/mrf24j.cpp:199:34: error: expected primary-expression before 'char'
 void Mrf24j::send16(word dest16, char * data) {
                                  ^
../src/RF/mrf24j.cpp:18:16: warning: 'rx_buf' defined but not used [-Wunused-variable]
 static uint8_t rx_buf[127];
                ^
../src/RF/mrf24j.cpp:24:12: warning: 'uint8_ts_nodata' defined but not used [-Wunused-variable]
 static int uint8_ts_nodata = uint8_ts_MHR + uint8_ts_FCS; // no_data uint8_ts in PHY payload,  header length + FCS
            ^
../src/RF/mrf24j.cpp:26:12: warning: 'ignoreuint8_ts' defined but not used [-Wunused-variable]
 static int ignoreuint8_ts = 0; // uint8_ts to ignore, some modules behaviour.
            ^
../src/RF/mrf24j.cpp:33:18: warning: 'rx_info' defined but not used [-Wunused-variable]
 static rx_info_t rx_info;
                  ^
../src/RF/mrf24j.cpp:34:18: warning: 'tx_info' defined but not used [-Wunused-variable]
 static tx_info_t tx_info;
                  ^
../src/RF/mrf24j.cpp:36:13: warning: 'SpiInstance' defined but not used [-Wunused-variable]
 static XSpi SpiInstance;
             ^
make: *** [src/RF/mrf24j.o] Error 1
11:30:32 **** Auto Build of configuration Debug for project zyboApp ****
make all 
'Building file: ../src/RF/mrf24j.cpp'
'Invoking: ARM g++ compiler'
arm-xilinx-eabi-g++ -Wall -O0 -g3 -I../../standalone_bsp_0/ps7_cortexa9_0/include -I../inc -c -fmessage-length=0 -MT"src/RF/mrf24j.o" -MMD -MP -MF"src/RF/mrf24j.d" -MT"src/RF/mrf24j.d" -o "src/RF/mrf24j.o" "../src/RF/mrf24j.cpp"
In file included from ../src/RF/mrf24j.cpp:6:0:
../inc/RF/mrf24j.h:10:9: error: 'unsignded' does not name a type
 typedef unsignded char uint8_t
         ^
In file included from ../src/RF/mrf24j.cpp:6:0:
../inc/RF/mrf24j.h:150:3: error: 'rx_info_t' does not name a type
 } rx_info_t;
   ^
../inc/RF/mrf24j.h:156:5: error: 'uint8_t' does not name a type
     uint8_t tx_ok:1;
     ^
../inc/RF/mrf24j.h:157:5: error: 'uint8_t' does not name a type
     uint8_t retries:2;
     ^
../inc/RF/mrf24j.h:158:5: error: 'uint8_t' does not name a type
     uint8_t channel_busy:1;
     ^
../inc/RF/mrf24j.h:168:9: error: 'uint8_t' does not name a type
         uint8_t read_short(uint8_t address);
         ^
../inc/RF/mrf24j.h:169:9: error: 'uint8_t' does not name a type
         uint8_t read_long(word address);
         ^
../inc/RF/mrf24j.h:171:26: error: 'uint8_t' has not been declared
         void write_short(uint8_t address, uint8_t data);
                          ^
../inc/RF/mrf24j.h:171:43: error: 'uint8_t' has not been declared
         void write_short(uint8_t address, uint8_t data);
                                           ^
../inc/RF/mrf24j.h:172:25: error: 'word' has not been declared
         void write_long(word address, uint8_t data);
                         ^
../inc/RF/mrf24j.h:172:39: error: 'uint8_t' has not been declared
         void write_long(word address, uint8_t data);
                                       ^
../inc/RF/mrf24j.h:174:9: error: 'word' does not name a type
         word get_pan(void);
         ^
../inc/RF/mrf24j.h:175:22: error: 'word' has not been declared
         void set_pan(word panid);
                      ^
../inc/RF/mrf24j.h:177:30: error: 'word' has not been declared
         void address16_write(word address16);
                              ^
../inc/RF/mrf24j.h:178:9: error: 'word' does not name a type
         word address16_read(void);
         ^
../inc/RF/mrf24j.h:182:30: error: 'boolean' has not been declared
         void set_promiscuous(boolean enabled);
                              ^
../inc/RF/mrf24j.h:187:26: error: 'uint8_t' has not been declared
         void set_channel(uint8_t channel);
                          ^
../inc/RF/mrf24j.h:195:9: error: 'rx_info_t' does not name a type
         rx_info_t * get_rxinfo(void);
         ^
../inc/RF/mrf24j.h:199:9: error: 'uint8_t' does not name a type
         uint8_t * get_rxbuf(void);
         ^
../inc/RF/mrf24j.h:208:28: error: 'boolean' has not been declared
         void set_bufferPHY(boolean bp);
                            ^
../inc/RF/mrf24j.h:210:9: error: 'boolean' does not name a type
         boolean get_bufferPHY(void);
         ^
../inc/RF/mrf24j.h:215:24: error: 'boolean' has not been declared
         void set_palna(boolean enabled);
                        ^
../inc/RF/mrf24j.h:217:21: error: 'word' has not been declared
         void send16(word dest16, char * data);
                     ^
../src/RF/mrf24j.cpp:28:8: error: 'boolean' does not name a type
 static boolean bufPHY = false; // flag to buffer all uint8_ts in PHY Payload, or not
        ^
../src/RF/mrf24j.cpp:33:8: error: 'rx_info_t' does not name a type
 static rx_info_t rx_info;
        ^
../src/RF/mrf24j.cpp:48:1: error: prototype for 'Mrf24j::Mrf24j()' does not match any in class 'Mrf24j'
 Mrf24j::Mrf24j() 
 ^
In file included from ../src/RF/mrf24j.cpp:6:0:
../inc/RF/mrf24j.h:161:7: error: candidates are: Mrf24j::Mrf24j(const Mrf24j&)
 class Mrf24j
       ^
../inc/RF/mrf24j.h:164:9: error:                 Mrf24j::Mrf24j(int, int, int)
         Mrf24j(int pin_reset, int pin_chip_select, int pin_interrupt);
         ^
../src/RF/mrf24j.cpp:122:43: error: no 'uint8_t Mrf24j::read_short(uint8_t)' member function declared in class 'Mrf24j'
 uint8_t Mrf24j::read_short(uint8_t address)
                                           ^
../src/RF/mrf24j.cpp:134:27: error: 'uint8_t Mrf24j::read_long' is not a static member of 'class Mrf24j'
 uint8_t Mrf24j::read_long(word address) 
                           ^
../src/RF/mrf24j.cpp:134:27: error: 'word' was not declared in this scope
../src/RF/mrf24j.cpp:135:1: error: expected ',' or ';' before '{' token
 {
 ^
../src/RF/mrf24j.cpp:151:6: error: prototype for 'void Mrf24j::write_short(uint8_t, uint8_t)' does not match any in class 'Mrf24j'
 void Mrf24j::write_short(uint8_t address, uint8_t data)
      ^
In file included from ../src/RF/mrf24j.cpp:6:0:
../inc/RF/mrf24j.h:171:14: error: candidate is: void Mrf24j::write_short(int, int)
         void write_short(uint8_t address, uint8_t data);
              ^
../src/RF/mrf24j.cpp:161:25: error: variable or field 'write_long' declared void
 void Mrf24j::write_long(word address, uint8_t data) 
                         ^
../src/RF/mrf24j.cpp:161:25: error: 'word' was not declared in this scope
../src/RF/mrf24j.cpp:161:47: error: expected primary-expression before 'data'
 void Mrf24j::write_long(word address, uint8_t data) 
                                               ^
../src/RF/mrf24j.cpp:175:1: error: 'word' does not name a type
 word Mrf24j::get_pan(void) {
 ^
../src/RF/mrf24j.cpp:180:22: error: variable or field 'set_pan' declared void
 void Mrf24j::set_pan(word panid) {
                      ^
../src/RF/mrf24j.cpp:180:22: error: 'word' was not declared in this scope
../src/RF/mrf24j.cpp:185:30: error: variable or field 'address16_write' declared void
 void Mrf24j::address16_write(word address16) {
                              ^
../src/RF/mrf24j.cpp:185:30: error: 'word' was not declared in this scope
../src/RF/mrf24j.cpp:190:1: error: 'word' does not name a type
 word Mrf24j::address16_read(void) {
 ^
../src/RF/mrf24j.cpp:199:21: error: variable or field 'send16' declared void
 void Mrf24j::send16(word dest16, char * data) {
                     ^
../src/RF/mrf24j.cpp:199:21: error: 'word' was not declared in this scope
../src/RF/mrf24j.cpp:199:34: error: expected primary-expression before 'char'
 void Mrf24j::send16(word dest16, char * data) {
                                  ^
../src/RF/mrf24j.cpp:18:16: warning: 'rx_buf' defined but not used [-Wunused-variable]
 static uint8_t rx_buf[127];
                ^
../src/RF/mrf24j.cpp:24:12: warning: 'uint8_ts_nodata' defined but not used [-Wunused-variable]
 static int uint8_ts_nodata = uint8_ts_MHR + uint8_ts_FCS; // no_data uint8_ts in PHY payload,  header length + FCS
            ^
../src/RF/mrf24j.cpp:26:12: warning: 'ignoreuint8_ts' defined but not used [-Wunused-variable]
 static int ignoreuint8_ts = 0; // uint8_ts to ignore, some modules behaviour.
            ^
../src/RF/mrf24j.cpp:34:18: warning: 'tx_info' defined but not used [-Wunused-variable]
 static tx_info_t tx_info;
                  ^
../src/RF/mrf24j.cpp:36:13: warning: 'SpiInstance' defined but not used [-Wunused-variable]
 static XSpi SpiInstance;
             ^
make: *** [src/RF/mrf24j.o] Error 1
11:30:41 **** Auto Build of configuration Debug for project zyboApp ****
make all 
'Building file: ../src/RF/mrf24j.cpp'
'Invoking: ARM g++ compiler'
arm-xilinx-eabi-g++ -Wall -O0 -g3 -I../../standalone_bsp_0/ps7_cortexa9_0/include -I../inc -c -fmessage-length=0 -MT"src/RF/mrf24j.o" -MMD -MP -MF"src/RF/mrf24j.d" -MT"src/RF/mrf24j.d" -o "src/RF/mrf24j.o" "../src/RF/mrf24j.cpp"
In file included from ../src/RF/mrf24j.cpp:6:0:
../inc/RF/mrf24j.h:145:1: error: expected initializer before 'typedef'
 typedef struct _rx_info_t{
 ^
In file included from ../src/RF/mrf24j.cpp:6:0:
../inc/RF/mrf24j.h:150:3: error: 'rx_info_t' does not name a type
 } rx_info_t;
   ^
../inc/RF/mrf24j.h:156:5: error: 'uint8_t' does not name a type
     uint8_t tx_ok:1;
     ^
../inc/RF/mrf24j.h:157:5: error: 'uint8_t' does not name a type
     uint8_t retries:2;
     ^
../inc/RF/mrf24j.h:158:5: error: 'uint8_t' does not name a type
     uint8_t channel_busy:1;
     ^
../inc/RF/mrf24j.h:168:9: error: 'uint8_t' does not name a type
         uint8_t read_short(uint8_t address);
         ^
../inc/RF/mrf24j.h:169:9: error: 'uint8_t' does not name a type
         uint8_t read_long(word address);
         ^
../inc/RF/mrf24j.h:171:26: error: 'uint8_t' has not been declared
         void write_short(uint8_t address, uint8_t data);
                          ^
../inc/RF/mrf24j.h:171:43: error: 'uint8_t' has not been declared
         void write_short(uint8_t address, uint8_t data);
                                           ^
../inc/RF/mrf24j.h:172:25: error: 'word' has not been declared
         void write_long(word address, uint8_t data);
                         ^
../inc/RF/mrf24j.h:172:39: error: 'uint8_t' has not been declared
         void write_long(word address, uint8_t data);
                                       ^
../inc/RF/mrf24j.h:174:9: error: 'word' does not name a type
         word get_pan(void);
         ^
../inc/RF/mrf24j.h:175:22: error: 'word' has not been declared
         void set_pan(word panid);
                      ^
../inc/RF/mrf24j.h:177:30: error: 'word' has not been declared
         void address16_write(word address16);
                              ^
../inc/RF/mrf24j.h:178:9: error: 'word' does not name a type
         word address16_read(void);
         ^
../inc/RF/mrf24j.h:182:30: error: 'boolean' has not been declared
         void set_promiscuous(boolean enabled);
                              ^
../inc/RF/mrf24j.h:187:26: error: 'uint8_t' has not been declared
         void set_channel(uint8_t channel);
                          ^
../inc/RF/mrf24j.h:195:9: error: 'rx_info_t' does not name a type
         rx_info_t * get_rxinfo(void);
         ^
../inc/RF/mrf24j.h:199:9: error: 'uint8_t' does not name a type
         uint8_t * get_rxbuf(void);
         ^
../inc/RF/mrf24j.h:208:28: error: 'boolean' has not been declared
         void set_bufferPHY(boolean bp);
                            ^
../inc/RF/mrf24j.h:210:9: error: 'boolean' does not name a type
         boolean get_bufferPHY(void);
         ^
../inc/RF/mrf24j.h:215:24: error: 'boolean' has not been declared
         void set_palna(boolean enabled);
                        ^
../inc/RF/mrf24j.h:217:21: error: 'word' has not been declared
         void send16(word dest16, char * data);
                     ^
../src/RF/mrf24j.cpp:28:8: error: 'boolean' does not name a type
 static boolean bufPHY = false; // flag to buffer all uint8_ts in PHY Payload, or not
        ^
../src/RF/mrf24j.cpp:33:8: error: 'rx_info_t' does not name a type
 static rx_info_t rx_info;
        ^
../src/RF/mrf24j.cpp:48:1: error: prototype for 'Mrf24j::Mrf24j()' does not match any in class 'Mrf24j'
 Mrf24j::Mrf24j() 
 ^
In file included from ../src/RF/mrf24j.cpp:6:0:
../inc/RF/mrf24j.h:161:7: error: candidates are: Mrf24j::Mrf24j(const Mrf24j&)
 class Mrf24j
       ^
../inc/RF/mrf24j.h:164:9: error:                 Mrf24j::Mrf24j(int, int, int)
         Mrf24j(int pin_reset, int pin_chip_select, int pin_interrupt);
         ^
../src/RF/mrf24j.cpp:122:43: error: no 'uint8_t Mrf24j::read_short(uint8_t)' member function declared in class 'Mrf24j'
 uint8_t Mrf24j::read_short(uint8_t address)
                                           ^
../src/RF/mrf24j.cpp:134:27: error: 'uint8_t Mrf24j::read_long' is not a static member of 'class Mrf24j'
 uint8_t Mrf24j::read_long(word address) 
                           ^
../src/RF/mrf24j.cpp:134:27: error: 'word' was not declared in this scope
../src/RF/mrf24j.cpp:135:1: error: expected ',' or ';' before '{' token
 {
 ^
../src/RF/mrf24j.cpp:151:6: error: prototype for 'void Mrf24j::write_short(uint8_t, uint8_t)' does not match any in class 'Mrf24j'
 void Mrf24j::write_short(uint8_t address, uint8_t data)
      ^
In file included from ../src/RF/mrf24j.cpp:6:0:
../inc/RF/mrf24j.h:171:14: error: candidate is: void Mrf24j::write_short(int, int)
         void write_short(uint8_t address, uint8_t data);
              ^
../src/RF/mrf24j.cpp:161:25: error: variable or field 'write_long' declared void
 void Mrf24j::write_long(word address, uint8_t data) 
                         ^
../src/RF/mrf24j.cpp:161:25: error: 'word' was not declared in this scope
../src/RF/mrf24j.cpp:161:47: error: expected primary-expression before 'data'
 void Mrf24j::write_long(word address, uint8_t data) 
                                               ^
../src/RF/mrf24j.cpp:175:1: error: 'word' does not name a type
 word Mrf24j::get_pan(void) {
 ^
../src/RF/mrf24j.cpp:180:22: error: variable or field 'set_pan' declared void
 void Mrf24j::set_pan(word panid) {
                      ^
../src/RF/mrf24j.cpp:180:22: error: 'word' was not declared in this scope
../src/RF/mrf24j.cpp:185:30: error: variable or field 'address16_write' declared void
 void Mrf24j::address16_write(word address16) {
                              ^
../src/RF/mrf24j.cpp:185:30: error: 'word' was not declared in this scope
../src/RF/mrf24j.cpp:190:1: error: 'word' does not name a type
 word Mrf24j::address16_read(void) {
 ^
../src/RF/mrf24j.cpp:199:21: error: variable or field 'send16' declared void
 void Mrf24j::send16(word dest16, char * data) {
                     ^
../src/RF/mrf24j.cpp:199:21: error: 'word' was not declared in this scope
../src/RF/mrf24j.cpp:199:34: error: expected primary-expression before 'char'
 void Mrf24j::send16(word dest16, char * data) {
                                  ^
../src/RF/mrf24j.cpp:18:16: warning: 'rx_buf' defined but not used [-Wunused-variable]
 static uint8_t rx_buf[127];
                ^
../src/RF/mrf24j.cpp:24:12: warning: 'uint8_ts_nodata' defined but not used [-Wunused-variable]
 static int uint8_ts_nodata = uint8_ts_MHR + uint8_ts_FCS; // no_data uint8_ts in PHY payload,  header length + FCS
            ^
../src/RF/mrf24j.cpp:26:12: warning: 'ignoreuint8_ts' defined but not used [-Wunused-variable]
 static int ignoreuint8_ts = 0; // uint8_ts to ignore, some modules behaviour.
            ^
../src/RF/mrf24j.cpp:34:18: warning: 'tx_info' defined but not used [-Wunused-variable]
 static tx_info_t tx_info;
                  ^
../src/RF/mrf24j.cpp:36:13: warning: 'SpiInstance' defined but not used [-Wunused-variable]
 static XSpi SpiInstance;
             ^
make: *** [src/RF/mrf24j.o] Error 1
11:30:51 **** Auto Build of configuration Debug for project zyboApp ****
make all 
'Building file: ../src/RF/mrf24j.cpp'
'Invoking: ARM g++ compiler'
arm-xilinx-eabi-g++ -Wall -O0 -g3 -I../../standalone_bsp_0/ps7_cortexa9_0/include -I../inc -c -fmessage-length=0 -MT"src/RF/mrf24j.o" -MMD -MP -MF"src/RF/mrf24j.d" -MT"src/RF/mrf24j.d" -o "src/RF/mrf24j.o" "../src/RF/mrf24j.cpp"
In file included from ../src/RF/mrf24j.cpp:6:0:
../inc/RF/mrf24j.h:169:27: error: 'word' has not been declared
         uint8_t read_long(word address);
                           ^
../inc/RF/mrf24j.h:172:25: error: 'word' has not been declared
         void write_long(word address, uint8_t data);
                         ^
../inc/RF/mrf24j.h:174:9: error: 'word' does not name a type
         word get_pan(void);
         ^
../inc/RF/mrf24j.h:175:22: error: 'word' has not been declared
         void set_pan(word panid);
                      ^
../inc/RF/mrf24j.h:177:30: error: 'word' has not been declared
         void address16_write(word address16);
                              ^
../inc/RF/mrf24j.h:178:9: error: 'word' does not name a type
         word address16_read(void);
         ^
../inc/RF/mrf24j.h:182:30: error: 'boolean' has not been declared
         void set_promiscuous(boolean enabled);
                              ^
../inc/RF/mrf24j.h:208:28: error: 'boolean' has not been declared
         void set_bufferPHY(boolean bp);
                            ^
../inc/RF/mrf24j.h:210:9: error: 'boolean' does not name a type
         boolean get_bufferPHY(void);
         ^
../inc/RF/mrf24j.h:215:24: error: 'boolean' has not been declared
         void set_palna(boolean enabled);
                        ^
../inc/RF/mrf24j.h:217:21: error: 'word' has not been declared
         void send16(word dest16, char * data);
                     ^
../src/RF/mrf24j.cpp:28:8: error: 'boolean' does not name a type
 static boolean bufPHY = false; // flag to buffer all uint8_ts in PHY Payload, or not
        ^
../src/RF/mrf24j.cpp:48:1: error: prototype for 'Mrf24j::Mrf24j()' does not match any in class 'Mrf24j'
 Mrf24j::Mrf24j() 
 ^
In file included from ../src/RF/mrf24j.cpp:6:0:
../inc/RF/mrf24j.h:161:7: error: candidates are: Mrf24j::Mrf24j(const Mrf24j&)
 class Mrf24j
       ^
../inc/RF/mrf24j.h:164:9: error:                 Mrf24j::Mrf24j(int, int, int)
         Mrf24j(int pin_reset, int pin_chip_select, int pin_interrupt);
         ^
../src/RF/mrf24j.cpp: In member function 'uint8_t Mrf24j::read_short(uint8_t)':
../src/RF/mrf24j.cpp:127:42: error: invalid conversion from 'int' to 'u8* {aka unsigned char*}' [-fpermissive]
  XSpi_Transfer( &SpiInstance, address<<1 & 0b01111110, rgbRx, sizeof(uint8_t) ); //transmit address
                                          ^
In file included from ../src/RF/mrf24j.cpp:11:0:
../../standalone_bsp_0/ps7_cortexa9_0/include/xspi.h:813:5: note: initializing argument 2 of 'int XSpi_Transfer(XSpi*, u8*, u8*, unsigned int)'
 int XSpi_Transfer(XSpi *InstancePtr, u8 *SendBufPtr, u8 *RecvBufPtr,
     ^
../src/RF/mrf24j.cpp:127:79: error: invalid conversion from 'uint8_t {aka unsigned char}' to 'u8* {aka unsigned char*}' [-fpermissive]
  XSpi_Transfer( &SpiInstance, address<<1 & 0b01111110, rgbRx, sizeof(uint8_t) ); //transmit address
                                                                               ^
In file included from ../src/RF/mrf24j.cpp:11:0:
../../standalone_bsp_0/ps7_cortexa9_0/include/xspi.h:813:5: note: initializing argument 3 of 'int XSpi_Transfer(XSpi*, u8*, u8*, unsigned int)'
 int XSpi_Transfer(XSpi *InstancePtr, u8 *SendBufPtr, u8 *RecvBufPtr,
     ^
../src/RF/mrf24j.cpp:128:57: error: invalid conversion from 'uint8_t {aka unsigned char}' to 'u8* {aka unsigned char*}' [-fpermissive]
  XSpi_Transfer( &SpiInstance, 0, rgbRx, sizeof(uint8_t) ); //receive data
                                                         ^
In file included from ../src/RF/mrf24j.cpp:11:0:
../../standalone_bsp_0/ps7_cortexa9_0/include/xspi.h:813:5: note: initializing argument 3 of 'int XSpi_Transfer(XSpi*, u8*, u8*, unsigned int)'
 int XSpi_Transfer(XSpi *InstancePtr, u8 *SendBufPtr, u8 *RecvBufPtr,
     ^
../src/RF/mrf24j.cpp: At global scope:
../src/RF/mrf24j.cpp:134:27: error: 'uint8_t Mrf24j::read_long' is not a static member of 'class Mrf24j'
 uint8_t Mrf24j::read_long(word address) 
                           ^
../src/RF/mrf24j.cpp:134:27: error: 'word' was not declared in this scope
../src/RF/mrf24j.cpp:135:1: error: expected ',' or ';' before '{' token
 {
 ^
../src/RF/mrf24j.cpp: In member function 'void Mrf24j::write_short(uint8_t, uint8_t)':
../src/RF/mrf24j.cpp:156:57: error: invalid conversion from 'int' to 'u8* {aka unsigned char*}' [-fpermissive]
  XSpi_Transfer( &SpiInstance, (address<<1 & 0b01111110) | 0x01, rgbRx, sizeof(uint8_t) );
                                                         ^
In file included from ../src/RF/mrf24j.cpp:11:0:
../../standalone_bsp_0/ps7_cortexa9_0/include/xspi.h:813:5: note: initializing argument 2 of 'int XSpi_Transfer(XSpi*, u8*, u8*, unsigned int)'
 int XSpi_Transfer(XSpi *InstancePtr, u8 *SendBufPtr, u8 *RecvBufPtr,
     ^
../src/RF/mrf24j.cpp:156:88: error: invalid conversion from 'uint8_t {aka unsigned char}' to 'u8* {aka unsigned char*}' [-fpermissive]
  XSpi_Transfer( &SpiInstance, (address<<1 & 0b01111110) | 0x01, rgbRx, sizeof(uint8_t) );
                                                                                        ^
In file included from ../src/RF/mrf24j.cpp:11:0:
../../standalone_bsp_0/ps7_cortexa9_0/include/xspi.h:813:5: note: initializing argument 3 of 'int XSpi_Transfer(XSpi*, u8*, u8*, unsigned int)'
 int XSpi_Transfer(XSpi *InstancePtr, u8 *SendBufPtr, u8 *RecvBufPtr,
     ^
../src/RF/mrf24j.cpp:157:63: error: invalid conversion from 'uint8_t {aka unsigned char}' to 'u8* {aka unsigned char*}' [-fpermissive]
     XSpi_Transfer( &SpiInstance, data, rgbRx, sizeof(uint8_t) );
                                                               ^
In file included from ../src/RF/mrf24j.cpp:11:0:
../../standalone_bsp_0/ps7_cortexa9_0/include/xspi.h:813:5: note: initializing argument 2 of 'int XSpi_Transfer(XSpi*, u8*, u8*, unsigned int)'
 int XSpi_Transfer(XSpi *InstancePtr, u8 *SendBufPtr, u8 *RecvBufPtr,
     ^
../src/RF/mrf24j.cpp:157:63: error: invalid conversion from 'uint8_t {aka unsigned char}' to 'u8* {aka unsigned char*}' [-fpermissive]
     XSpi_Transfer( &SpiInstance, data, rgbRx, sizeof(uint8_t) );
                                                               ^
In file included from ../src/RF/mrf24j.cpp:11:0:
../../standalone_bsp_0/ps7_cortexa9_0/include/xspi.h:813:5: note: initializing argument 3 of 'int XSpi_Transfer(XSpi*, u8*, u8*, unsigned int)'
 int XSpi_Transfer(XSpi *InstancePtr, u8 *SendBufPtr, u8 *RecvBufPtr,
     ^
../src/RF/mrf24j.cpp: At global scope:
../src/RF/mrf24j.cpp:161:25: error: variable or field 'write_long' declared void
 void Mrf24j::write_long(word address, uint8_t data) 
                         ^
../src/RF/mrf24j.cpp:161:25: error: 'word' was not declared in this scope
../src/RF/mrf24j.cpp:161:47: error: expected primary-expression before 'data'
 void Mrf24j::write_long(word address, uint8_t data) 
                                               ^
../src/RF/mrf24j.cpp:175:1: error: 'word' does not name a type
 word Mrf24j::get_pan(void) {
 ^
../src/RF/mrf24j.cpp:180:22: error: variable or field 'set_pan' declared void
 void Mrf24j::set_pan(word panid) {
                      ^
../src/RF/mrf24j.cpp:180:22: error: 'word' was not declared in this scope
../src/RF/mrf24j.cpp:185:30: error: variable or field 'address16_write' declared void
 void Mrf24j::address16_write(word address16) {
                              ^
../src/RF/mrf24j.cpp:185:30: error: 'word' was not declared in this scope
../src/RF/mrf24j.cpp:190:1: error: 'word' does not name a type
 word Mrf24j::address16_read(void) {
 ^
../src/RF/mrf24j.cpp:199:21: error: variable or field 'send16' declared void
 void Mrf24j::send16(word dest16, char * data) {
                     ^
../src/RF/mrf24j.cpp:199:21: error: 'word' was not declared in this scope
../src/RF/mrf24j.cpp:199:34: error: expected primary-expression before 'char'
 void Mrf24j::send16(word dest16, char * data) {
                                  ^
../src/RF/mrf24j.cpp:18:16: warning: 'rx_buf' defined but not used [-Wunused-variable]
 static uint8_t rx_buf[127];
                ^
../src/RF/mrf24j.cpp:24:12: warning: 'uint8_ts_nodata' defined but not used [-Wunused-variable]
 static int uint8_ts_nodata = uint8_ts_MHR + uint8_ts_FCS; // no_data uint8_ts in PHY payload,  header length + FCS
            ^
../src/RF/mrf24j.cpp:26:12: warning: 'ignoreuint8_ts' defined but not used [-Wunused-variable]
 static int ignoreuint8_ts = 0; // uint8_ts to ignore, some modules behaviour.
            ^
../src/RF/mrf24j.cpp:33:18: warning: 'rx_info' defined but not used [-Wunused-variable]
 static rx_info_t rx_info;
                  ^
../src/RF/mrf24j.cpp:34:18: warning: 'tx_info' defined but not used [-Wunused-variable]
 static tx_info_t tx_info;
                  ^
make: *** [src/RF/mrf24j.o] Error 1
11:32:36 **** Auto Build of configuration Debug for project zyboApp ****
make all 
'Building file: ../src/RF/mrf24j.cpp'
'Invoking: ARM g++ compiler'
arm-xilinx-eabi-g++ -Wall -O0 -g3 -I../../standalone_bsp_0/ps7_cortexa9_0/include -I../inc -c -fmessage-length=0 -MT"src/RF/mrf24j.o" -MMD -MP -MF"src/RF/mrf24j.d" -MT"src/RF/mrf24j.d" -o "src/RF/mrf24j.o" "../src/RF/mrf24j.cpp"
In file included from ../src/RF/mrf24j.cpp:6:0:
../inc/RF/mrf24j.h:183:30: error: 'boolean' has not been declared
         void set_promiscuous(boolean enabled);
                              ^
../inc/RF/mrf24j.h:209:28: error: 'boolean' has not been declared
         void set_bufferPHY(boolean bp);
                            ^
../inc/RF/mrf24j.h:211:9: error: 'boolean' does not name a type
         boolean get_bufferPHY(void);
         ^
../inc/RF/mrf24j.h:216:24: error: 'boolean' has not been declared
         void set_palna(boolean enabled);
                        ^
../src/RF/mrf24j.cpp:28:8: error: 'boolean' does not name a type
 static boolean bufPHY = false; // flag to buffer all uint8_ts in PHY Payload, or not
        ^
../src/RF/mrf24j.cpp:48:1: error: prototype for 'Mrf24j::Mrf24j()' does not match any in class 'Mrf24j'
 Mrf24j::Mrf24j() 
 ^
In file included from ../src/RF/mrf24j.cpp:6:0:
../inc/RF/mrf24j.h:162:7: error: candidates are: Mrf24j::Mrf24j(const Mrf24j&)
 class Mrf24j
       ^
../inc/RF/mrf24j.h:165:9: error:                 Mrf24j::Mrf24j(int, int, int)
         Mrf24j(int pin_reset, int pin_chip_select, int pin_interrupt);
         ^
../src/RF/mrf24j.cpp: In member function 'uint8_t Mrf24j::read_short(uint8_t)':
../src/RF/mrf24j.cpp:127:42: error: invalid conversion from 'int' to 'u8* {aka unsigned char*}' [-fpermissive]
  XSpi_Transfer( &SpiInstance, address<<1 & 0b01111110, rgbRx, sizeof(uint8_t) ); //transmit address
                                          ^
In file included from ../src/RF/mrf24j.cpp:11:0:
../../standalone_bsp_0/ps7_cortexa9_0/include/xspi.h:813:5: note: initializing argument 2 of 'int XSpi_Transfer(XSpi*, u8*, u8*, unsigned int)'
 int XSpi_Transfer(XSpi *InstancePtr, u8 *SendBufPtr, u8 *RecvBufPtr,
     ^
../src/RF/mrf24j.cpp:127:79: error: invalid conversion from 'uint8_t {aka unsigned char}' to 'u8* {aka unsigned char*}' [-fpermissive]
  XSpi_Transfer( &SpiInstance, address<<1 & 0b01111110, rgbRx, sizeof(uint8_t) ); //transmit address
                                                                               ^
[...]
make all 
make: Nothing to be done for `all'.
11:28:28 **** Incremental Build of configuration Debug for project zyboApp ****
make all 
make: Nothing to be done for `all'.
11:28:38 **** Incremental Build of configuration Debug for project zyboApp ****
make all 
make: Nothing to be done for `all'.
11:28:41 **** Incremental Build of configuration Debug for project zyboApp ****
make all 
make: Nothing to be done for `all'.
11:28:45 **** Incremental Build of configuration Debug for project zyboApp ****
make all 
make: Nothing to be done for `all'.
11:28:58 **** Incremental Build of configuration Debug for project zyboApp ****
make all 
make: Nothing to be done for `all'.
11:29:15 **** Incremental Build of configuration Debug for project zyboApp ****
make all 
make: Nothing to be done for `all'.
11:29:35 **** Auto Build of configuration Debug for project zyboApp ****
make all 
'Building file: ../src/main.cc'
'Invoking: ARM g++ compiler'
arm-xilinx-eabi-g++ -Wall -O0 -g3 -I../../standalone_bsp_0/ps7_cortexa9_0/include -I../inc -c -fmessage-length=0 -MT"src/main.o" -MMD -MP -MF"src/main.d" -MT"src/main.d" -o "src/main.o" "../src/main.cc"
'Finished building: ../src/main.cc'
' '
'Building target: zyboApp.elf'
'Invoking: ARM g++ linker'
arm-xilinx-eabi-g++ -Wl,-T -Wl,../src/lscript.ld -L../../standalone_bsp_0/ps7_cortexa9_0/lib -o "zyboApp.elf"  ./src/RF/mrf24j.o  ./src/OLED/ChrFont0.o ./src/OLED/FillPat.o ./src/OLED/OLED.o ./src/OLED/OledChar.o ./src/OLED/OledDriver.o ./src/OLED/OledGrph.o  ./src/main.o ./src/platform.o   -Wl,--start-group,-lxil,-lgcc,-lc,-lstdc++,--end-group
'Finished building target: zyboApp.elf'
' '
'Invoking: ARM Print Size'
arm-xilinx-eabi-size zyboApp.elf  |tee "zyboApp.elf.size"
   text	   data	    bss	    dec	    hex	filename
 564384	   3440	  32752	 600576	  92a00	zyboApp.elf
'Finished building: zyboApp.elf.size'
' '
11:29:44 **** Incremental Build of configuration Debug for project zyboApp ****
make all 
make: Nothing to be done for `all'.
11:29:49 **** Incremental Build of configuration Debug for project zyboApp ****
make all 
make: Nothing to be done for `all'.
11:30:18 **** Incremental Build of configuration Debug for project zyboApp ****
make all 
make: Nothing to be done for `all'.
11:31:48 **** Auto Build of configuration Debug for project zyboApp ****
make all 
'Building file: ../src/RF/mrf24j.cpp'
'Invoking: ARM g++ compiler'
arm-xilinx-eabi-g++ -Wall -O0 -g3 -I../../standalone_bsp_0/ps7_cortexa9_0/include -I../inc -c -fmessage-length=0 -MT"src/RF/mrf24j.o" -MMD -MP -MF"src/RF/mrf24j.d" -MT"src/RF/mrf24j.d" -o "src/RF/mrf24j.o" "../src/RF/mrf24j.cpp"
../src/RF/mrf24j.cpp: In function 'void gpioInterruptHandler(void*)':
../src/RF/mrf24j.cpp:53:9: warning: unused variable 'gpio' [-Wunused-variable]
  XGpio *gpio = (XGpio *) CallBackRef;
         ^
../src/RF/mrf24j.cpp: In member function 'void Mrf24j::write_short(uint8_t, uint8_t)':
../src/RF/mrf24j.cpp:236:9: warning: unused variable 'status' [-Wunused-variable]
     int status = XSpi_Transfer( &SpiInstance, &data, &rgbRx, sizeof(uint8_t) );
         ^
../src/RF/mrf24j.cpp: In member function 'void Mrf24j::init()':
../src/RF/mrf24j.cpp:346:13: warning: unused variable 'regi' [-Wunused-variable]
     uint8_t regi = read_long(MRF_SLPCON0);
             ^
'Finished building: ../src/RF/mrf24j.cpp'
' '
'Building target: zyboApp.elf'
'Invoking: ARM g++ linker'
arm-xilinx-eabi-g++ -Wl,-T -Wl,../src/lscript.ld -L../../standalone_bsp_0/ps7_cortexa9_0/lib -o "zyboApp.elf"  ./src/RF/mrf24j.o  ./src/OLED/ChrFont0.o ./src/OLED/FillPat.o ./src/OLED/OLED.o ./src/OLED/OledChar.o ./src/OLED/OledDriver.o ./src/OLED/OledGrph.o  ./src/main.o ./src/platform.o   -Wl,--start-group,-lxil,-lgcc,-lc,-lstdc++,--end-group
'Finished building target: zyboApp.elf'
' '
'Invoking: ARM Print Size'
arm-xilinx-eabi-size zyboApp.elf  |tee "zyboApp.elf.size"
   text	   data	    bss	    dec	    hex	filename
 564384	   3440	  32752	 600576	  92a00	zyboApp.elf
'Finished building: zyboApp.elf.size'
' '
11:32:13 **** Incremental Build of configuration Debug for project zyboApp ****
make all 
make: Nothing to be done for `all'.
11:32:20 **** Incremental Build of configuration Debug for project zyboApp ****
make all 
make: Nothing to be done for `all'.
11:32:36 **** Incremental Build of configuration Debug for project zyboApp ****
make all 
make: Nothing to be done for `all'.
11:33:03 **** Incremental Build of configuration Debug for project zyboApp ****
make all 
make: Nothing to be done for `all'.
11:33:50 **** Incremental Build of configuration Debug for project zyboApp ****
make all 
make: Nothing to be done for `all'.
11:34:11 **** Incremental Build of configuration Debug for project zyboApp ****
make all 
make: Nothing to be done for `all'.
11:38:27 **** Auto Build of configuration Debug for project zyboApp ****
make all 
'Building file: ../src/main.cc'
'Invoking: ARM g++ compiler'
arm-xilinx-eabi-g++ -Wall -O0 -g3 -I../../standalone_bsp_0/ps7_cortexa9_0/include -I../inc -c -fmessage-length=0 -MT"src/main.o" -MMD -MP -MF"src/main.d" -MT"src/main.d" -o "src/main.o" "../src/main.cc"
'Finished building: ../src/main.cc'
' '
'Building target: zyboApp.elf'
'Invoking: ARM g++ linker'
arm-xilinx-eabi-g++ -Wl,-T -Wl,../src/lscript.ld -L../../standalone_bsp_0/ps7_cortexa9_0/lib -o "zyboApp.elf"  ./src/RF/mrf24j.o  ./src/OLED/ChrFont0.o ./src/OLED/FillPat.o ./src/OLED/OLED.o ./src/OLED/OledChar.o ./src/OLED/OledDriver.o ./src/OLED/OledGrph.o  ./src/main.o ./src/platform.o   -Wl,--start-group,-lxil,-lgcc,-lc,-lstdc++,--end-group
'Finished building target: zyboApp.elf'
' '
'Invoking: ARM Print Size'
arm-xilinx-eabi-size zyboApp.elf  |tee "zyboApp.elf.size"
   text	   data	    bss	    dec	    hex	filename
 564384	   3440	  32752	 600576	  92a00	zyboApp.elf
'Finished building: zyboApp.elf.size'
' '
11:38:41 **** Incremental Build of configuration Debug for project zyboApp ****
make all 
make: Nothing to be done for `all'.
11:40:25 **** Auto Build of configuration Debug for project zyboApp ****
make all 
'Building file: ../src/RF/mrf24j.cpp'
'Invoking: ARM g++ compiler'
arm-xilinx-eabi-g++ -Wall -O0 -g3 -I../../standalone_bsp_0/ps7_cortexa9_0/include -I../inc -c -fmessage-length=0 -MT"src/RF/mrf24j.o" -MMD -MP -MF"src/RF/mrf24j.d" -MT"src/RF/mrf24j.d" -o "src/RF/mrf24j.o" "../src/RF/mrf24j.cpp"
../src/RF/mrf24j.cpp: In function 'void gpioInterruptHandler(void*)':
../src/RF/mrf24j.cpp:53:9: warning: unused variable 'gpio' [-Wunused-variable]
  XGpio *gpio = (XGpio *) CallBackRef;
         ^
../src/RF/mrf24j.cpp: In member function 'void Mrf24j::write_short(uint8_t, uint8_t)':
../src/RF/mrf24j.cpp:236:9: warning: unused variable 'status' [-Wunused-variable]
     int status = XSpi_Transfer( &SpiInstance, &data, &rgbRx, sizeof(uint8_t) );
         ^
../src/RF/mrf24j.cpp: In member function 'void Mrf24j::init()':
../src/RF/mrf24j.cpp:346:13: warning: unused variable 'regi' [-Wunused-variable]
     uint8_t regi = read_long(MRF_SLPCON0);
             ^
'Finished building: ../src/RF/mrf24j.cpp'
' '
'Building target: zyboApp.elf'
'Invoking: ARM g++ linker'
arm-xilinx-eabi-g++ -Wl,-T -Wl,../src/lscript.ld -L../../standalone_bsp_0/ps7_cortexa9_0/lib -o "zyboApp.elf"  ./src/RF/mrf24j.o  ./src/OLED/ChrFont0.o ./src/OLED/FillPat.o ./src/OLED/OLED.o ./src/OLED/OledChar.o ./src/OLED/OledDriver.o ./src/OLED/OledGrph.o  ./src/main.o ./src/platform.o   -Wl,--start-group,-lxil,-lgcc,-lc,-lstdc++,--end-group
'Finished building target: zyboApp.elf'
' '
'Invoking: ARM Print Size'
arm-xilinx-eabi-size zyboApp.elf  |tee "zyboApp.elf.size"
   text	   data	    bss	    dec	    hex	filename
 564384	   3440	  32752	 600576	  92a00	zyboApp.elf
'Finished building: zyboApp.elf.size'
' '
11:41:15 **** Auto Build of configuration Debug for project zyboApp ****
make all 
'Building file: ../src/RF/mrf24j.cpp'
'Invoking: ARM g++ compiler'
arm-xilinx-eabi-g++ -Wall -O0 -g3 -I../../standalone_bsp_0/ps7_cortexa9_0/include -I../inc -c -fmessage-length=0 -MT"src/RF/mrf24j.o" -MMD -MP -MF"src/RF/mrf24j.d" -MT"src/RF/mrf24j.d" -o "src/RF/mrf24j.o" "../src/RF/mrf24j.cpp"
../src/RF/mrf24j.cpp: In function 'void gpioInterruptHandler(void*)':
../src/RF/mrf24j.cpp:53:9: warning: unused variable 'gpio' [-Wunused-variable]
  XGpio *gpio = (XGpio *) CallBackRef;
         ^
../src/RF/mrf24j.cpp: In member function 'void Mrf24j::write_short(uint8_t, uint8_t)':
../src/RF/mrf24j.cpp:236:9: warning: unused variable 'status' [-Wunused-variable]
     int status = XSpi_Transfer( &SpiInstance, &data, &rgbRx, sizeof(uint8_t) );
         ^
../src/RF/mrf24j.cpp: In member function 'void Mrf24j::init()':
../src/RF/mrf24j.cpp:346:13: warning: unused variable 'regi' [-Wunused-variable]
     uint8_t regi = read_long(MRF_SLPCON0);
             ^
'Finished building: ../src/RF/mrf24j.cpp'
' '
'Building target: zyboApp.elf'
'Invoking: ARM g++ linker'
arm-xilinx-eabi-g++ -Wl,-T -Wl,../src/lscript.ld -L../../standalone_bsp_0/ps7_cortexa9_0/lib -o "zyboApp.elf"  ./src/RF/mrf24j.o  ./src/OLED/ChrFont0.o ./src/OLED/FillPat.o ./src/OLED/OLED.o ./src/OLED/OledChar.o ./src/OLED/OledDriver.o ./src/OLED/OledGrph.o  ./src/main.o ./src/platform.o   -Wl,--start-group,-lxil,-lgcc,-lc,-lstdc++,--end-group
'Finished building target: zyboApp.elf'
' '
'Invoking: ARM Print Size'
arm-xilinx-eabi-size zyboApp.elf  |tee "zyboApp.elf.size"
   text	   data	    bss	    dec	    hex	filename
 564320	   3440	  32752	 600512	  929c0	zyboApp.elf
'Finished building: zyboApp.elf.size'
' '
11:43:08 **** Incremental Build of configuration Debug for project zyboApp ****
make all 
make: Nothing to be done for `all'.
11:43:13 **** Incremental Build of configuration Debug for project zyboApp ****
make all 
make: Nothing to be done for `all'.
11:43:33 **** Incremental Build of configuration Debug for project zyboApp ****
make all 
make: Nothing to be done for `all'.
11:43:45 **** Incremental Build of configuration Debug for project zyboApp ****
make all 
make: Nothing to be done for `all'.
11:44:00 **** Incremental Build of configuration Debug for project zyboApp ****
make all 
make: Nothing to be done for `all'.
11:44:12 **** Incremental Build of configuration Debug for project zyboApp ****
make all 
make: Nothing to be done for `all'.
11:44:18 **** Incremental Build of configuration Debug for project zyboApp ****
make all 
make: Nothing to be done for `all'.
11:44:29 **** Incremental Build of configuration Debug for project zyboApp ****
make all 
make: Nothing to be done for `all'.
11:44:42 **** Incremental Build of configuration Debug for project zyboApp ****
make all 
make: Nothing to be done for `all'.
11:44:54 **** Incremental Build of configuration Debug for project zyboApp ****
make all 
make: Nothing to be done for `all'.
11:45:19 **** Incremental Build of configuration Debug for project zyboApp ****
make all 
make: Nothing to be done for `all'.
11:45:25 **** Auto Build of configuration Debug for project zyboApp ****
make all 
'Building file: ../src/RF/mrf24j.cpp'
'Invoking: ARM g++ compiler'
arm-xilinx-eabi-g++ -Wall -O0 -g3 -I../../standalone_bsp_0/ps7_cortexa9_0/include -I../inc -c -fmessage-length=0 -MT"src/RF/mrf24j.o" -MMD -MP -MF"src/RF/mrf24j.d" -MT"src/RF/mrf24j.d" -o "src/RF/mrf24j.o" "../src/RF/mrf24j.cpp"
../src/RF/mrf24j.cpp: In function 'void gpioInterruptHandler(void*)':
../src/RF/mrf24j.cpp:53:9: warning: unused variable 'gpio' [-Wunused-variable]
  XGpio *gpio = (XGpio *) CallBackRef;
         ^
../src/RF/mrf24j.cpp: In member function 'void Mrf24j::write_short(uint8_t, uint8_t)':
../src/RF/mrf24j.cpp:236:9: warning: unused variable 'status' [-Wunused-variable]
     int status = XSpi_Transfer( &SpiInstance, &data, &rgbRx, sizeof(uint8_t) );
         ^
../src/RF/mrf24j.cpp: In member function 'void Mrf24j::init()':
../src/RF/mrf24j.cpp:346:13: warning: unused variable 'regi' [-Wunused-variable]
     uint8_t regi = read_long(MRF_SLPCON0);
             ^
'Finished building: ../src/RF/mrf24j.cpp'
' '
'Building target: zyboApp.elf'
'Invoking: ARM g++ linker'
arm-xilinx-eabi-g++ -Wl,-T -Wl,../src/lscript.ld -L../../standalone_bsp_0/ps7_cortexa9_0/lib -o "zyboApp.elf"  ./src/RF/mrf24j.o  ./src/OLED/ChrFont0.o ./src/OLED/FillPat.o ./src/OLED/OLED.o ./src/OLED/OledChar.o ./src/OLED/OledDriver.o ./src/OLED/OledGrph.o  ./src/main.o ./src/platform.o   -Wl,--start-group,-lxil,-lgcc,-lc,-lstdc++,--end-group
'Finished building target: zyboApp.elf'
' '
'Invoking: ARM Print Size'
arm-xilinx-eabi-size zyboApp.elf  |tee "zyboApp.elf.size"
   text	   data	    bss	    dec	    hex	filename
 564320	   3440	  32752	 600512	  929c0	zyboApp.elf
'Finished building: zyboApp.elf.size'
' '
11:46:16 **** Incremental Build of configuration Debug for project zyboApp ****
make all 
make: Nothing to be done for `all'.
11:46:33 **** Incremental Build of configuration Debug for project zyboApp ****
make all 
make: Nothing to be done for `all'.
11:47:13 **** Incremental Build of configuration Debug for project zyboApp ****
make all 
make: Nothing to be done for `all'.
11:48:12 **** Incremental Build of configuration Debug for project zyboApp ****
make all 
make: Nothing to be done for `all'.
12:25:25 **** Incremental Build of configuration Debug for project zyboApp ****
make all 
make: Nothing to be done for `all'.
12:26:15 **** Incremental Build of configuration Debug for project zyboApp ****
make all 
make: Nothing to be done for `all'.
12:27:00 **** Incremental Build of configuration Debug for project zyboApp ****
make all 
make: Nothing to be done for `all'.
12:32:02 **** Auto Build of configuration Debug for project zyboApp ****
make all 
'Building file: ../src/RF/mrf24j.cpp'
'Invoking: ARM g++ compiler'
arm-xilinx-eabi-g++ -Wall -O0 -g3 -I../../standalone_bsp_0/ps7_cortexa9_0/include -I../inc -c -fmessage-length=0 -MT"src/RF/mrf24j.o" -MMD -MP -MF"src/RF/mrf24j.d" -MT"src/RF/mrf24j.d" -o "src/RF/mrf24j.o" "../src/RF/mrf24j.cpp"
../src/RF/mrf24j.cpp: In function 'void gpioInterruptHandler(void*)':
../src/RF/mrf24j.cpp:53:9: warning: unused variable 'gpio' [-Wunused-variable]
  XGpio *gpio = (XGpio *) CallBackRef;
         ^
../src/RF/mrf24j.cpp: In member function 'void Mrf24j::write_short(uint8_t, uint8_t)':
../src/RF/mrf24j.cpp:236:9: warning: unused variable 'status' [-Wunused-variable]
     int status = XSpi_Transfer( &SpiInstance, &data, &rgbRx, sizeof(uint8_t) );
         ^
../src/RF/mrf24j.cpp: In member function 'void Mrf24j::init()':
../src/RF/mrf24j.cpp:346:13: warning: unused variable 'regi' [-Wunused-variable]
     uint8_t regi = read_long(MRF_SLPCON0);
             ^
'Finished building: ../src/RF/mrf24j.cpp'
' '
'Building target: zyboApp.elf'
'Invoking: ARM g++ linker'
arm-xilinx-eabi-g++ -Wl,-T -Wl,../src/lscript.ld -L../../standalone_bsp_0/ps7_cortexa9_0/lib -o "zyboApp.elf"  ./src/RF/mrf24j.o  ./src/OLED/ChrFont0.o ./src/OLED/FillPat.o ./src/OLED/OLED.o ./src/OLED/OledChar.o ./src/OLED/OledDriver.o ./src/OLED/OledGrph.o  ./src/main.o ./src/platform.o   -Wl,--start-group,-lxil,-lgcc,-lc,-lstdc++,--end-group
'Finished building target: zyboApp.elf'
' '
'Invoking: ARM Print Size'
arm-xilinx-eabi-size zyboApp.elf  |tee "zyboApp.elf.size"
   text	   data	    bss	    dec	    hex	filename
 564320	   3440	  32752	 600512	  929c0	zyboApp.elf
'Finished building: zyboApp.elf.size'
' '
12:32:08 **** Incremental Build of configuration Debug for project zyboApp ****
make all 
make: Nothing to be done for `all'.
12:32:34 **** Incremental Build of configuration Debug for project zyboApp ****
make all 
make: Nothing to be done for `all'.
12:34:13 **** Auto Build of configuration Debug for project zyboApp ****
make all 
'Building file: ../src/RF/mrf24j.cpp'
'Invoking: ARM g++ compiler'
arm-xilinx-eabi-g++ -Wall -O0 -g3 -I../../standalone_bsp_0/ps7_cortexa9_0/include -I../inc -c -fmessage-length=0 -MT"src/RF/mrf24j.o" -MMD -MP -MF"src/RF/mrf24j.d" -MT"src/RF/mrf24j.d" -o "src/RF/mrf24j.o" "../src/RF/mrf24j.cpp"
../src/RF/mrf24j.cpp: In function 'void gpioInterruptHandler(void*)':
../src/RF/mrf24j.cpp:53:9: warning: unused variable 'gpio' [-Wunused-variable]
  XGpio *gpio = (XGpio *) CallBackRef;
         ^
../src/RF/mrf24j.cpp: In member function 'void Mrf24j::write_short(uint8_t, uint8_t)':
../src/RF/mrf24j.cpp:236:9: warning: unused variable 'status' [-Wunused-variable]
     int status = XSpi_Transfer( &SpiInstance, &data, &rgbRx, sizeof(uint8_t) );
         ^
../src/RF/mrf24j.cpp: In member function 'void Mrf24j::init()':
../src/RF/mrf24j.cpp:346:13: warning: unused variable 'regi' [-Wunused-variable]
     uint8_t regi = read_long(MRF_SLPCON0);
             ^
'Finished building: ../src/RF/mrf24j.cpp'
' '
'Building target: zyboApp.elf'
'Invoking: ARM g++ linker'
arm-xilinx-eabi-g++ -Wl,-T -Wl,../src/lscript.ld -L../../standalone_bsp_0/ps7_cortexa9_0/lib -o "zyboApp.elf"  ./src/RF/mrf24j.o  ./src/OLED/ChrFont0.o ./src/OLED/FillPat.o ./src/OLED/OLED.o ./src/OLED/OledChar.o ./src/OLED/OledDriver.o ./src/OLED/OledGrph.o  ./src/main.o ./src/platform.o   -Wl,--start-group,-lxil,-lgcc,-lc,-lstdc++,--end-group
'Finished building target: zyboApp.elf'
' '
'Invoking: ARM Print Size'
arm-xilinx-eabi-size zyboApp.elf  |tee "zyboApp.elf.size"
   text	   data	    bss	    dec	    hex	filename
 564320	   3440	  32752	 600512	  929c0	zyboApp.elf
'Finished building: zyboApp.elf.size'
' '
12:34:25 **** Incremental Build of configuration Debug for project zyboApp ****
make all 
make: Nothing to be done for `all'.
12:34:59 **** Incremental Build of configuration Debug for project zyboApp ****
make all 
make: Nothing to be done for `all'.
13:52:19 **** Incremental Build of configuration Debug for project zyboApp ****
make all 
make: Nothing to be done for `all'.
13:52:35 **** Incremental Build of configuration Debug for project zyboApp ****
make all 
make: Nothing to be done for `all'.
19:19:06 **** Auto Build of configuration Debug for project zyboApp ****
make all 
'Building file: ../src/main.cc'
'Invoking: ARM g++ compiler'
arm-xilinx-eabi-g++ -Wall -O0 -g3 -I../../standalone_bsp_0/ps7_cortexa9_0/include -I../inc -c -fmessage-length=0 -MT"src/main.o" -MMD -MP -MF"src/main.d" -MT"src/main.d" -o "src/main.o" "../src/main.cc"
../src/main.cc: In function 'int main()':
../src/main.cc:173:2: error: 'OLED' was not declared in this scope
  OLED.begin();
  ^
make: *** [src/main.o] Error 1
19:19:30 **** Auto Build of configuration Debug for project zyboApp ****
make all 
'Building file: ../src/main.cc'
'Invoking: ARM g++ compiler'
arm-xilinx-eabi-g++ -Wall -O0 -g3 -I../../standalone_bsp_0/ps7_cortexa9_0/include -I../inc -c -fmessage-length=0 -MT"src/main.o" -MMD -MP -MF"src/main.d" -MT"src/main.d" -o "src/main.o" "../src/main.cc"
../src/main.cc: In function 'int main()':
../src/main.cc:196:29: warning: deprecated conversion from string constant to 'char*' [-Wwrite-strings]
    OLED.putString("PmodOLED");
                             ^
../src/main.cc:198:32: warning: deprecated conversion from string constant to 'char*' [-Wwrite-strings]
    OLED.putString("by Digilent");
                                ^
../src/main.cc:200:32: warning: deprecated conversion from string constant to 'char*' [-Wwrite-strings]
    OLED.putString("Simple Demo");
                                ^
'Finished building: ../src/main.cc'
' '
'Building target: zyboApp.elf'
'Invoking: ARM g++ linker'
arm-xilinx-eabi-g++ -Wl,-T -Wl,../src/lscript.ld -L../../standalone_bsp_0/ps7_cortexa9_0/lib -o "zyboApp.elf"  ./src/RF/mrf24j.o  ./src/OLED/ChrFont0.o ./src/OLED/FillPat.o ./src/OLED/OLED.o ./src/OLED/OledChar.o ./src/OLED/OledDriver.o ./src/OLED/OledGrph.o  ./src/main.o ./src/platform.o   -Wl,--start-group,-lxil,-lgcc,-lc,-lstdc++,--end-group
'Finished building target: zyboApp.elf'
' '
'Invoking: ARM Print Size'
arm-xilinx-eabi-size zyboApp.elf  |tee "zyboApp.elf.size"
   text	   data	    bss	    dec	    hex	filename
 565328	   3440	  32752	 601520	  92db0	zyboApp.elf
'Finished building: zyboApp.elf.size'
' '
